02-03 08:11:35.454 I/netstats_wifi_sample( 1885): [0,0,0,0,0,0,0,0,1770073895454]
02-03 08:11:35.454 I/commit_sys_config_file( 1885): [settings-2-0,7]
02-03 08:11:35.464 I/netstats_mobile_sample( 1885): [0,0,0,0,0,0,0,0,1770073895464]
02-03 08:11:35.464 I/netstats_wifi_sample( 1885): [0,0,0,0,0,0,0,0,1770073895464]
02-03 08:11:35.567 I/wm_task_created( 1885): 6
02-03 08:11:35.567 I/wm_task_windowing_mode_changed( 1885): [6,0,1]
02-03 08:11:35.571 I/wm_task_created( 1885): 7
02-03 08:11:35.572 I/wm_task_windowing_mode_changed( 1885): [7,0,1]
02-03 08:11:35.573 I/wm_task_windowing_mode_changed( 1885): [7,1,6]
02-03 08:11:35.576 I/wm_task_created( 1885): 8
02-03 08:11:35.576 I/wm_task_windowing_mode_changed( 1885): [8,0,1]
02-03 08:11:35.577 I/wm_task_windowing_mode_changed( 1885): [8,1,6]
02-03 08:11:35.587 I/wm_on_application_create_called( 4165): [0,com.miui.home,294]
02-03 08:11:35.595 I/auditd  ( 4114): type=1400 audit(0.0:360): avc:  denied  { read } for  comm="wmshell.main" name="u:object_r:qemu_hw_prop:s0" dev="tmpfs" ino=17288 scontext=u:r:system_app:s0 tcontext=u:object_r:qemu_hw_prop:s0 tclass=file permissive=0
02-03 08:11:35.702 I/wm_task_removed( 1885): [4,4,0,reParentTask:sanitizeAndApplyHierarchyOp]
02-03 08:11:35.703 I/sysui_multi_action( 1885): [757,803,799,window_time_0,802,7]
02-03 08:11:35.703 I/wm_task_moved( 1885): [4,3,0,1,2147483647]
02-03 08:11:35.703 I/wm_task_removed( 1885): [5,5,0,reParentTask:sanitizeAndApplyHierarchyOp]
02-03 08:11:35.704 I/sysui_multi_action( 1885): [757,803,799,window_time_0,802,0]
02-03 08:11:35.704 I/wm_task_moved( 1885): [5,3,0,1,2147483647]
02-03 08:11:35.719 I/notification_cancel_all( 1885): [1000,1885,com.android.server.telecom,0,0,0,20,NULL]
02-03 08:11:35.719 I/notification_cancel_all( 1885): [1000,1885,com.android.server.telecom,0,0,0,20,NULL]
02-03 08:11:35.738 I/commit_sys_config_file( 1885): [snapshotFile: /data/system/users/0.xml,1]
02-03 08:11:35.755 I/service_manager_stats( 1885): [970,326,5013]
02-03 08:11:35.774 I/wm_task_removed( 1885): [7,7,0,reParentTask:sanitizeAndApplyHierarchyOp]
02-03 08:11:35.774 I/sysui_multi_action( 1885): [757,803,799,window_time_0,802,0]
02-03 08:11:35.771 I/auditd  ( 4114): type=1400 audit(0.0:361): avc:  denied  { read } for  comm="ndroid.systemui" name="u:object_r:vendor_bluetooth_prop:s0" dev="tmpfs" ino=17362 scontext=u:r:system_app:s0 tcontext=u:object_r:vendor_bluetooth_prop:s0 tclass=file permissive=0
02-03 08:11:35.775 I/wm_task_moved( 1885): [7,6,0,1,2147483647]
02-03 08:11:35.775 I/wm_task_removed( 1885): [8,8,0,reParentTask:sanitizeAndApplyHierarchyOp]
02-03 08:11:35.775 I/wm_task_moved( 1885): [8,6,0,1,2147483647]
02-03 08:11:35.776 I/sysui_multi_action( 1885): [757,803,799,window_time_0,802,0]
02-03 08:11:35.777 I/service_manager_slow( 4114): [11,phone]
02-03 08:11:35.798 I/am_proc_start( 1885): [0,4566,1000,com.android.settings,broadcast,{com.android.settings/com.android.settings.MiuiSettingsReceiver}]
02-03 08:11:35.845 I/auditd  (  745): avc:  denied  { find } for interface=vendor.qti.data.factory::IFactory sid=u:r:vendor_qtelephony:s0:c49,c257,c512,c768 pid=4061 scontext=u:r:vendor_qtelephony:s0:c49,c257,c512,c768 tcontext=u:object_r:vendor_hal_datafactory_hwservice:s0 tclass=hwservice_manager permissive=0
02-03 08:11:35.852 I/am_proc_bound( 1885): [0,4566,com.android.settings]
02-03 08:11:35.853 I/auditd  (  745): avc:  denied  { find } for interface=vendor.qti.data.factory::IFactory sid=u:r:vendor_qtelephony:s0:c49,c257,c512,c768 pid=4061 scontext=u:r:vendor_qtelephony:s0:c49,c257,c512,c768 tcontext=u:object_r:vendor_hal_datafactory_hwservice:s0 tclass=hwservice_manager permissive=0
02-03 08:11:35.864 I/am_uid_running( 1885): 10314
02-03 08:11:35.877 I/am_proc_start( 1885): [0,4622,10314,com.android.smspush,service,{com.android.smspush/com.android.smspush.WapPushManager}]
02-03 08:11:35.915 I/auditd  ( 4622): type=1400 audit(0.0:362): avc:  denied  { search } for  comm="re-initialized>" name="zram0" dev="sysfs" ino=65115 scontext=u:r:untrusted_app:s0:c58,c257,c512,c768 tcontext=u:object_r:sysfs_zram:s0 tclass=dir permissive=0 app=com.android.smspush
02-03 08:11:35.915 I/auditd  ( 4622): type=1400 audit(0.0:363): avc:  denied  { search } for  comm="re-initialized>" name="zram0" dev="sysfs" ino=65115 scontext=u:r:untrusted_app:s0:c58,c257,c512,c768 tcontext=u:object_r:sysfs_zram:s0 tclass=dir permissive=0 app=com.android.smspush
02-03 08:11:35.922 I/am_proc_bound( 1885): [0,4622,com.android.smspush]
02-03 08:11:35.924 I/am_uid_active( 1885): 10314
02-03 08:11:35.948 I/commit_sys_config_file( 1885): [settings-2-0,5]
02-03 08:11:35.952 I/commit_sys_config_file( 1885): [settings-0-0,4]
02-03 08:11:36.132 I/wm_set_requested_orientation( 1885): [1,com.miui.home/.launcher.Launcher]
02-03 08:11:36.132 I/wm_requested_orientation( 1885): [1,com.miui.home]
02-03 08:11:36.145 I/wm_on_create_called( 4165): [0,99534436,com.miui.home.launcher.Launcher,performCreate,418]
02-03 08:11:36.151 I/wm_on_start_called( 4165): [0,99534436,com.miui.home.launcher.Launcher,handleStartActivity,5]
02-03 08:11:36.179 I/wm_on_resume_called( 4165): [0,99534436,com.miui.home.launcher.Launcher,RESUME_ACTIVITY,27]
02-03 08:11:36.210 I/wm_on_top_resumed_gained_called( 4165): [99534436,com.miui.home.launcher.Launcher,topStateChangedWhenResumed]
02-03 08:11:36.284 I/input_focus( 1885): [Focus request e65c05f com.miui.home/com.miui.home.launcher.Launcher,reason=UpdateInputWindows]
02-03 08:11:36.290 I/input_focus( 1468): sf.setTransactionState transactionId:8096013353198 focusRequests:e65c05f com.miui.home/com.miui.home.launcher.Launcher
02-03 08:11:36.295 I/wm_wallpaper_surface( 1885): [0,1,Window{e65c05f u0 com.miui.home/com.miui.home.launcher.Launcher}]
02-03 08:11:36.295 I/wm_wallpaper_surface( 1885): [0,1,Window{e65c05f u0 com.miui.home/com.miui.home.launcher.Launcher}]
02-03 08:11:36.296 I/am_proc_start( 1885): [0,4737,1000,com.xiaomi.mirror,content provider,{com.xiaomi.mirror/com.xiaomi.mirror.provider.CallProvider}]
02-03 08:11:36.324 I/commit_sys_config_file( 1885): [settings-2-0,15]
02-03 08:11:36.339 I/auditd  ( 4165): type=1400 audit(0.0:365): avc:  denied  { search } for  comm="RenderThread" name="migt" dev="dm-41" ino=422 scontext=u:r:platform_app:s0:c512,c768 tcontext=u:object_r:migt_file:s0 tclass=dir permissive=0 app=com.miui.home
02-03 08:11:36.353 I/sysui_multi_action( 1885): [319,0,322,1777,325,15,757,761,758,7,759,3,806,com.miui.home,871,com.miui.home.launcher.Launcher,905,0,945,312,1320,4,1321,23]
02-03 08:11:36.356 I/wm_activity_launch_time( 1885): [0,99534436,com.miui.home/.launcher.Launcher,1777]
02-03 08:11:36.401 I/am_proc_bound( 1885): [0,4737,com.xiaomi.mirror]
02-03 08:11:36.455 I/auditd  ( 4114): type=1400 audit(0.0:366): avc:  denied  { watch } for  comm="ndroid.systemui" path="/data/system" dev="dm-41" ino=135 scontext=u:r:system_app:s0 tcontext=u:object_r:system_data_file:s0 tclass=dir permissive=0
02-03 08:11:36.482 I/wm_on_idle_called( 4165): com.miui.home.launcher.Launcher
02-03 08:11:36.483 I/boot_progress_enable_screen( 1885): 17910
02-03 08:11:36.485 I/screen_toggled( 1885): 1
02-03 08:11:36.509 I/am_wtf  ( 1885): [0,4737,com.xiaomi.mirror,818429509,ContextImpl,Data directory doesn't exist for package com.xiaomi.mirror]
02-03 08:11:36.535 I/dvm_lock_sample( 4105): [com.android.phone,0,DeviceStateHelperThread,1074,PhoneFactory.java,401,com.android.internal.telephony.Phone[] com.android.internal.telephony.PhoneFactory.getPhones(),-,505,com.android.internal.telephony.CommandsInterface[] com.android.internal.telephony.PhoneFactory.getCommandsInterfaces(),4105]
02-03 08:11:36.573 I/am_wtf  ( 1885): [0,4737,com.xiaomi.mirror,818429509,ContextImpl,Data directory doesn't exist for package com.xiaomi.mirror]
02-03 08:11:36.646 I/sysui_multi_action( 4114): [757,213,758,4,759,-1]
02-03 08:11:36.649 I/service_manager_stats( 4114): [100,124,18077]
02-03 08:11:36.679 I/am_wtf  ( 1885): [0,4114,system_server,-1,SettingsProvider,Requested user 10 does not exist]
02-03 08:11:36.708 I/service_manager_stats( 4105): [100,92,18135]
02-03 08:11:36.714 I/wm_set_keyguard_shown( 1885): [0,1,0,0,0,setKeyguardShown]
02-03 08:11:36.714 I/wm_sleep_token( 1885): [0,1,keyguard]
02-03 08:11:36.717 I/wm_pause_activity( 1885): [0,99534436,com.miui.home/.launcher.Launcher,userLeaving=false,sleep]
02-03 08:11:36.718 I/wm_on_top_resumed_lost_called( 4165): [99534436,com.miui.home.launcher.Launcher,topStateChangedWhenResumed]
02-03 08:11:36.721 I/wm_add_to_stopping( 1885): [0,99534436,com.miui.home/.launcher.Launcher,makeInvisible]
02-03 08:11:36.724 I/wm_on_paused_called( 4165): [0,99534436,com.miui.home.launcher.Launcher,performPause,1]
02-03 08:11:36.725 I/sysui_multi_action( 1885): [757,803,799,window_time_0,802,1]
02-03 08:11:36.723 I/auditd  ( 1630): type=1400 audit(0.0:367): avc:  denied  { search } for  comm="BootAnimation" name="mcd" dev="dm-41" ino=420 scontext=u:r:bootanim:s0 tcontext=u:object_r:mcd_data_file:s0 tclass=dir permissive=0
02-03 08:11:36.741 I/wm_wallpaper_surface( 1885): [0,0,null]
02-03 08:11:36.741 I/wm_wallpaper_surface( 1885): [0,0,null]
02-03 08:11:36.742 I/input_focus( 1885): [Requesting to set focus to null window,reason=UpdateInputWindows]
02-03 08:11:36.744 I/wm_stop_activity( 1885): [0,99534436,com.miui.home/.launcher.Launcher]
02-03 08:11:36.745 I/input_focus( 1468): sf.setTransactionState transactionId:8096013353232 focusRequests:<null>
02-03 08:11:36.770 I/commit_sys_config_file( 1885): [jobs,10]
02-03 08:11:36.771 I/wm_on_stop_called( 4165): [0,99534436,com.miui.home.launcher.Launcher,STOP_ACTIVITY_ITEM,10]
02-03 08:11:37.076 I/wm_on_application_create_called( 4105): [0,com.android.phone,1687]
02-03 08:11:37.157 I/am_uid_running( 1885): 10214
02-03 08:11:37.172 I/am_proc_start( 1885): [0,4905,10214,com.google.android.gms.persistent,broadcast,{com.google.android.gms/com.google.android.gms.chimera.GmsIntentOperationService$PersistentTrustedReceiver}]
02-03 08:11:37.185 I/configuration_changed( 1885): 536872192
02-03 08:11:37.207 I/auditd  ( 4114): type=1400 audit(0.0:368): avc:  denied  { read } for  comm="wmshell.main" name="u:object_r:qemu_hw_prop:s0" dev="tmpfs" ino=17288 scontext=u:r:system_app:s0 tcontext=u:object_r:qemu_hw_prop:s0 tclass=file permissive=0
02-03 08:11:37.232 I/am_proc_bound( 1885): [0,4905,com.google.android.gms.persistent]
02-03 08:11:37.242 I/am_uid_active( 1885): 10214
02-03 08:11:37.248 I/am_uid_running( 1885): 10258
02-03 08:11:37.269 I/am_proc_start( 1885): [0,4931,10258,com.miui.misound,broadcast,{com.miui.misound/com.miui.misound.soundid.receiver.BTChangeStaticBroadCastReceiver}]
02-03 08:11:37.287 I/gsm_service_state_change( 4105): [1,1,3,3]
02-03 08:11:37.301 I/liblog  ( 4024): 190
02-03 08:11:37.323 I/auditd  ( 4931): type=1400 audit(0.0:369): avc:  denied  { search } for  comm="re-initialized>" name="zram0" dev="sysfs" ino=65115 scontext=u:r:platform_app:s0:c512,c768 tcontext=u:object_r:sysfs_zram:s0 tclass=dir permissive=0 app=com.miui.misound
02-03 08:11:37.323 I/auditd  ( 4931): type=1400 audit(0.0:370): avc:  denied  { search } for  comm="re-initialized>" name="zram0" dev="sysfs" ino=65115 scontext=u:r:platform_app:s0:c512,c768 tcontext=u:object_r:sysfs_zram:s0 tclass=dir permissive=0 app=com.miui.misound
02-03 08:11:37.335 I/am_proc_bound( 1885): [0,4931,com.miui.misound]
02-03 08:11:37.347 I/am_uid_active( 1885): 10258
02-03 08:11:37.350 I/am_uid_running( 1885): 10307
02-03 08:11:37.355 I/sysui_multi_action( 4114): [757,196,758,2,759,1]
02-03 08:11:37.355 I/sysui_status_bar_state( 4114): [0,0,0,0,1,0]
02-03 08:11:37.368 I/am_proc_start( 1885): [0,4953,10307,com.qualcomm.qtil.btdsda,broadcast,{com.qualcomm.qtil.btdsda/com.qualcomm.qtil.btdsda.BtStateReceiver}]
02-03 08:11:37.399 I/notification_cancel_all( 1885): [1000,1885,com.android.systemui,0,0,0,20,NULL]
02-03 08:11:37.419 I/auditd  ( 4114): type=1400 audit(0.0:371): avc:  denied  { read } for  comm="ndroid.systemui" name="u:object_r:keyguard_config_prop:s0" dev="tmpfs" ino=17231 scontext=u:r:system_app:s0 tcontext=u:object_r:keyguard_config_prop:s0 tclass=file permissive=0
02-03 08:11:37.419 I/auditd  ( 4114): type=1400 audit(0.0:372): avc:  denied  { read } for  comm="ndroid.systemui" name="u:object_r:keyguard_config_prop:s0" dev="tmpfs" ino=17231 scontext=u:r:system_app:s0 tcontext=u:object_r:keyguard_config_prop:s0 tclass=file permissive=0
02-03 08:11:37.431 I/auditd  ( 4953): type=1400 audit(0.0:373): avc:  denied  { search } for  comm="re-initialized>" name="zram0" dev="sysfs" ino=65115 scontext=u:r:platform_app:s0:c512,c768 tcontext=u:object_r:sysfs_zram:s0 tclass=dir permissive=0 app=com.qualcomm.qtil.btdsda
02-03 08:11:37.431 I/auditd  ( 4953): type=1400 audit(0.0:374): avc:  denied  { search } for  comm="re-initialized>" name="zram0" dev="sysfs" ino=65115 scontext=u:r:platform_app:s0:c512,c768 tcontext=u:object_r:sysfs_zram:s0 tclass=dir permissive=0 app=com.qualcomm.qtil.btdsda
02-03 08:11:37.437 I/am_proc_bound( 1885): [0,4953,com.qualcomm.qtil.btdsda]
02-03 08:11:37.440 I/am_uid_active( 1885): 10307
02-03 08:11:37.451 I/am_proc_start( 1885): [0,4977,1002,com.xiaomi.bluetooth,broadcast,{com.xiaomi.bluetooth/com.android.bluetooth.ble.app.MiuiBleAppReceiver}]
02-03 08:11:37.471 I/auditd  ( 4977): type=1400 audit(0.0:375): avc:  denied  { search } for  comm="re-initialized>" name="zram0" dev="sysfs" ino=65115 scontext=u:r:bluetooth:s0 tcontext=u:object_r:sysfs_zram:s0 tclass=dir permissive=0
02-03 08:11:37.471 I/auditd  ( 4977): type=1400 audit(0.0:376): avc:  denied  { search } for  comm="re-initialized>" name="zram0" dev="sysfs" ino=65115 scontext=u:r:bluetooth:s0 tcontext=u:object_r:sysfs_zram:s0 tclass=dir permissive=0
02-03 08:11:37.475 I/am_proc_bound( 1885): [0,4977,com.xiaomi.bluetooth]
02-03 08:11:37.543 I/commit_sys_config_file( 1885): [package-user-0,20]
02-03 08:11:37.555 I/commit_sys_config_file( 1885): [package-user-0,29]
02-03 08:11:37.565 I/am_proc_start( 1885): [0,5016,1001,com.xiaomi.registration,broadcast,{com.xiaomi.registration/com.xiaomi.registration.autoregistration.AutoRegReceiver}]
02-03 08:11:37.577 I/commit_sys_config_file( 1885): [package-user-0,44]
02-03 08:11:37.591 I/commit_sys_config_file( 1885): [package-user-0,55]
02-03 08:11:37.603 I/notification_cancel_all( 1885): [1002,4024,com.android.bluetooth,0,0,32832,9,NULL]
02-03 08:11:37.611 I/am_proc_bound( 1885): [0,5016,com.xiaomi.registration]
02-03 08:11:37.603 I/auditd  ( 5016): type=1400 audit(0.0:378): avc:  denied  { search } for  comm="re-initialized>" name="zram0" dev="sysfs" ino=65115 scontext=u:r:radio:s0 tcontext=u:object_r:sysfs_zram:s0 tclass=dir permissive=0
02-03 08:11:37.629 I/commit_sys_config_file( 1885): [package-user-0,89]
02-03 08:11:37.638 I/commit_sys_config_file( 1885): [package-user-0,91]
02-03 08:11:37.690 I/commit_sys_config_file( 1885): [package-user-0,128]
02-03 08:11:37.783 I/liblog  ( 5041): 589
02-03 08:11:37.871 I/wm_on_application_create_called( 4977): [0,com.xiaomi.bluetooth,264]
02-03 08:11:38.070 I/gsm_service_state_change( 4105): [1,1,3,3]
02-03 08:11:38.086 I/gsm_service_state_change( 4105): [3,3,1,1]
02-03 08:11:38.120 I/commit_sys_config_file( 1885): [settings-0-0,16]
02-03 08:11:38.122 I/liblog  ( 1206): 81
02-03 08:11:38.223 I/commit_sys_config_file( 1885): [settings-2-0,3]
02-03 08:11:38.400 I/commit_sys_config_file( 1885): [settings-0-0,2]
02-03 08:11:38.504 I/input_focus( 1885): [Focus request 1607fa4 NotificationShade,reason=UpdateInputWindows]
02-03 08:11:38.519 I/input_focus( 1468): sf.setTransactionState transactionId:8096013353306 focusRequests:1607fa4 NotificationShade
02-03 08:11:38.532 I/wm_wallpaper_surface( 1885): [0,1,Window{1607fa4 u0 NotificationShade}]
02-03 08:11:38.540 I/wm_wallpaper_surface( 1885): [0,1,Window{1607fa4 u0 NotificationShade}]
02-03 08:11:38.582 I/gsm_service_state_change( 4105): [3,3,1,1]
02-03 08:11:38.629 I/commit_sys_config_file( 1885): [settings-0-0,3]
02-03 08:11:38.699 I/auditd  ( 4114): type=1400 audit(0.0:379): avc:  denied  { read } for  comm="ndroid.systemui" name="u:object_r:keyguard_config_prop:s0" dev="tmpfs" ino=17231 scontext=u:r:system_app:s0 tcontext=u:object_r:keyguard_config_prop:s0 tclass=file permissive=0
02-03 08:11:38.731 I/sysui_multi_action( 4114): [757,196,758,1,759,1]
02-03 08:11:38.731 I/sysui_status_bar_state( 4114): [1,1,0,0,1,0]
02-03 08:11:38.739 I/sysui_multi_action( 1885): [757,127,758,1]
02-03 08:11:38.739 I/sysui_multi_action( 1885): [757,804,799,note_load,801,0,802,1]
02-03 08:11:38.739 I/notification_panel_revealed( 1885): 0
02-03 08:11:38.739 I/auditd  ( 1630): type=1400 audit(0.0:380): avc:  denied  { search } for  comm="BootAnimation" name="mcd" dev="dm-41" ino=420 scontext=u:r:bootanim:s0 tcontext=u:object_r:mcd_data_file:s0 tclass=dir permissive=0
02-03 08:11:38.777 I/notification_enqueue( 1885): [1000,4114,com.android.systemui,2012875145,UNIMPORTANT,0,Notification(channel=id_aggregate shortcut=null contentView=com.android.systemui/0x7f0d0415 vibrate=null sound=null defaults=0x0 flags=0x800 color=0x00000000 vis=PRIVATE),0]
02-03 08:11:38.791 I/auditd  (  744): avc:  denied  { find } for pid=4114 uid=1000 name=vendor.xiaomi.hardware.micharge.IMiCharge/default scontext=u:r:system_app:s0 tcontext=u:object_r:default_android_service:s0 tclass=service_manager permissive=0
02-03 08:11:38.851 I/am_uid_running( 1885): 6110
02-03 08:11:38.864 I/am_proc_start( 1885): [0,5247,6110,com.xiaomi.finddevice,broadcast,{com.xiaomi.finddevice/com.xiaomi.finddevice.v2.receiver.TelephonySIMRelayReceiver}]
02-03 08:11:38.919 I/gsm_service_state_change( 4105): [1,1,1,1]
02-03 08:11:38.919 I/auditd  ( 5247): type=1400 audit(0.0:381): avc:  denied  { search } for  comm="re-initialized>" name="zram0" dev="sysfs" ino=65115 scontext=u:r:platform_app:s0:c512,c768 tcontext=u:object_r:sysfs_zram:s0 tclass=dir permissive=0
02-03 08:11:38.919 I/auditd  ( 5247): type=1400 audit(0.0:382): avc:  denied  { search } for  comm="re-initialized>" name="zram0" dev="sysfs" ino=65115 scontext=u:r:platform_app:s0:c512,c768 tcontext=u:object_r:sysfs_zram:s0 tclass=dir permissive=0
02-03 08:11:38.925 I/am_proc_bound( 1885): [0,5247,com.xiaomi.finddevice]
02-03 08:11:38.937 I/gsm_service_state_change( 4105): [1,1,1,1]
02-03 08:11:38.948 I/commit_sys_config_file( 1885): [settings-2-0,6]
02-03 08:11:38.979 I/configuration_changed( 1885): 3
02-03 08:11:38.983 I/sysui_multi_action( 1885): [757,1501,758,1,793,209,794,0,795,209,796,2012875145,797,UNIMPORTANT,806,com.android.systemui,857,id_aggregate,858,3,947,0,1500,0,1688,1]
02-03 08:11:38.983 I/sysui_multi_action( 1885): [757,804,799,note_interruptive,801,0,802,1]
02-03 08:11:38.987 I/auditd  ( 4114): type=1400 audit(0.0:383): avc:  denied  { read } for  comm="wmshell.main" name="u:object_r:qemu_hw_prop:s0" dev="tmpfs" ino=17288 scontext=u:r:system_app:s0 tcontext=u:object_r:qemu_hw_prop:s0 tclass=file permissive=0
02-03 08:11:39.075 I/am_uid_active( 1885): 6110
02-03 08:11:39.145 I/am_foreground_service_start( 1885): [0,com.xiaomi.finddevice/.v2.ui.FindDeviceSysNotificationReceiver,0,SYSTEM_ALERT_WINDOW_PERMISSION,33,33,0,0,0,1,UNKNOWN,0]
02-03 08:11:39.155 I/am_uid_running( 1885): 10287
02-03 08:11:39.158 I/notification_enqueue( 1885): [6110,5247,com.xiaomi.finddevice,16,com.xiaomi.finddevice.v2.ui.FindDeviceSysNotificationReceiver,0,Notification(channel=default shortcut=null contentView=null vibrate=default sound=default defaults=0xffffffff flags=0x1 color=0x00000000 vis=PRIVATE),0]
02-03 08:11:39.160 I/am_foreground_service_stop( 1885): [0,com.xiaomi.finddevice/.v2.ui.FindDeviceSysNotificationReceiver,0,SYSTEM_ALERT_WINDOW_PERMISSION,33,33,1,0,14,1,STOP_FOREGROUND,0]
02-03 08:11:39.171 I/am_proc_start( 1885): [0,5295,10287,com.android.carrierconfig,service,{com.android.carrierconfig/com.android.carrierconfig.DefaultCarrierConfigService}]
02-03 08:11:39.195 I/auditd  ( 5295): type=1400 audit(0.0:384): avc:  denied  { search } for  comm="re-initialized>" name="zram0" dev="sysfs" ino=65115 scontext=u:r:platform_app:s0:c512,c768 tcontext=u:object_r:sysfs_zram:s0 tclass=dir permissive=0 app=com.android.carrierconfig
02-03 08:11:39.195 I/auditd  ( 5295): type=1400 audit(0.0:385): avc:  denied  { search } for  comm="re-initialized>" name="zram0" dev="sysfs" ino=65115 scontext=u:r:platform_app:s0:c512,c768 tcontext=u:object_r:sysfs_zram:s0 tclass=dir permissive=0 app=com.android.carrierconfig
02-03 08:11:39.201 I/am_proc_bound( 1885): [0,5295,com.android.carrierconfig]
02-03 08:11:39.203 I/am_uid_active( 1885): 10287
02-03 08:11:39.234 I/user_activity_timeout_override( 1885): 10000
02-03 08:11:39.360 I/sysui_multi_action( 1885): [757,1501,758,1,793,203,794,0,795,203,796,16,797,com.xiaomi.finddevice.v2.ui.FindDeviceSysNotificationReceiver,806,com.xiaomi.finddevice,857,default,858,4,947,0,1500,0,1688,1]
02-03 08:11:39.360 I/sysui_multi_action( 1885): [757,804,799,note_interruptive,801,0,802,1]
02-03 08:11:39.423 I/am_uid_running( 1885): 10163
02-03 08:11:39.440 I/am_proc_start( 1885): [0,5336,10163,android.process.acore,content provider,{com.android.providers.blockednumber/com.android.providers.blockednumber.BlockedNumberProvider}]
02-03 08:11:39.498 I/am_proc_bound( 1885): [0,5336,android.process.acore]
02-03 08:11:39.500 I/am_uid_active( 1885): 10163
02-03 08:11:39.503 I/auditd  ( 4114): type=1400 audit(0.0:386): avc:  denied  { read } for  comm="ndroid.systemui" name="u:object_r:keyguard_config_prop:s0" dev="tmpfs" ino=17231 scontext=u:r:system_app:s0 tcontext=u:object_r:keyguard_config_prop:s0 tclass=file permissive=0
02-03 08:11:39.507 I/auditd  ( 4114): type=1400 audit(0.0:387): avc:  denied  { read } for  comm="ndroid.systemui" name="u:object_r:keyguard_config_prop:s0" dev="tmpfs" ino=17231 scontext=u:r:system_app:s0 tcontext=u:object_r:keyguard_config_prop:s0 tclass=file permissive=0
02-03 08:11:39.527 I/auditd  ( 1630): type=1400 audit(0.0:388): avc:  denied  { open } for  comm="BootAnimation" path="/dev/__properties__/u:object_r:vendor_audio_prop:s0" dev="tmpfs" ino=17361 scontext=u:r:bootanim:s0 tcontext=u:object_r:vendor_audio_prop:s0 tclass=file permissive=0
02-03 08:11:39.531 I/auditd  ( 1630): type=1400 audit(0.0:389): avc:  denied  { open } for  comm="BootAnimation" path="/dev/__properties__/u:object_r:vendor_audio_prop:s0" dev="tmpfs" ino=17361 scontext=u:r:bootanim:s0 tcontext=u:object_r:vendor_audio_prop:s0 tclass=file permissive=0
02-03 08:11:39.531 I/auditd  ( 1630): type=1400 audit(0.0:390): avc:  denied  { open } for  comm="BootAnimation" path="/dev/__properties__/u:object_r:vendor_audio_prop:s0" dev="tmpfs" ino=17361 scontext=u:r:bootanim:s0 tcontext=u:object_r:vendor_audio_prop:s0 tclass=file permissive=0
02-03 08:11:39.534 I/commit_sys_config_file( 1885): [settings-2-0,5]
02-03 08:11:39.556 I/sysui_multi_action( 1885): [757,128,758,5,759,8,793,782,794,0,795,782,796,2012875145,797,UNIMPORTANT,806,com.android.systemui,857,id_aggregate,858,3,947,0,1500,573,1688,1]
02-03 08:11:39.556 I/notification_canceled( 1885): [0|com.android.systemui|2012875145|UNIMPORTANT|1000,8,782,782,0,-1,-1,NULL]
02-03 08:11:39.567 I/[30200] ( 1454): 1630&1041&0&-1
02-03 08:11:39.581 I/sf_stop_bootanim( 1468): 21008
02-03 08:11:39.583 I/wm_boot_animation_done( 1885): 21010
02-03 08:11:39.583 I/input_dispatcher( 1885): Dispatcher mode: enabled = 1 frozen = 0
02-03 08:11:39.595 I/am_wtf  ( 1885): [0,4114,com.android.systemui,818462221,ExpandableNotifRow,This constructor shouldn't be called]
02-03 08:11:39.610 I/input_focus( 1468): sf.updateInputFlinger focusRequest:e65c05f com.miui.home/com.miui.home.launcher.Launcher
02-03 08:11:39.610 I/input_focus( 1468): sf.updateInputFlinger focusRequest:<null>
02-03 08:11:39.610 I/input_focus( 1468): sf.updateInputFlinger focusRequest:1607fa4 NotificationShade
02-03 08:11:39.611 I/input_focus( 1885): [Focus receive :e65c05f com.miui.home/com.miui.home.launcher.Launcher,reason=setFocusedWindow]
02-03 08:11:39.614 I/input_focus( 1885): [At display :0,Ignore setFocusedWindow :e65c05f com.miui.home/com.miui.home.launcher.Launcher,Reason = NO_WINDOW]
02-03 08:11:39.614 I/input_focus( 1885): [Focus receive :<null>,reason=setFocusedWindow]
02-03 08:11:39.615 I/input_focus( 1885): [Focus receive :1607fa4 NotificationShade,reason=setFocusedWindow]
02-03 08:11:39.615 I/input_focus( 1885): [At display :0,Ignore setFocusedWindow :1607fa4 NotificationShade,Reason = NO_WINDOW]
02-03 08:11:39.615 I/input_focus( 1885): [At display :0,Focus update :1607fa4 NotificationShade,reason=setInputWindows]
02-03 08:11:39.615 I/input_focus( 1885): [Focus entering 1607fa4 NotificationShade (server),reason=Window became focusable. Previous reason: NO_WINDOW]
02-03 08:11:39.650 I/am_wtf  ( 1885): [0,4114,com.android.systemui,818462221,ExpandableNotifRow,This constructor shouldn't be called]
02-03 08:11:39.795 I/uc_finish_user_boot( 1885): 0
02-03 08:11:39.796 I/am_user_state_changed( 1885): [0,1]
02-03 08:11:39.796 I/uc_send_user_broadcast( 1885): [0,android.intent.action.LOCKED_BOOT_COMPLETED]
02-03 08:11:39.799 I/uc_finish_user_unlocking( 1885): 0
02-03 08:11:39.803 I/sysui_multi_action( 1885): [757,1501,758,1,793,646,794,0,795,646,796,16,797,com.xiaomi.finddevice.v2.ui.FindDeviceSysNotificationReceiver,806,com.xiaomi.finddevice,857,default,858,4,947,0,1500,0,1688,1]
02-03 08:11:39.803 I/sysui_multi_action( 1885): [757,804,799,note_interruptive,801,0,802,1]
02-03 08:11:39.803 I/sysui_multi_action( 1885): [757,199,758,1,759,5,793,646,794,0,795,646,796,16,797,com.xiaomi.finddevice.v2.ui.FindDeviceSysNotificationReceiver,806,com.xiaomi.finddevice,857,default,858,4,947,0,1500,0,1688,1]
02-03 08:11:39.803 I/notification_alert( 1885): [0|com.xiaomi.finddevice|16|com.xiaomi.finddevice.v2.ui.FindDeviceSysNotificationReceiver|6110,1,0,1]
02-03 08:11:39.822 I/commit_sys_config_file( 1885): [settings-1-0,9]
02-03 08:11:39.868 I/jank_cuj_events_end_request( 4114): [69,<private info omitted>6000,21289148845,21289148949]
02-03 08:11:39.899 I/am_foreground_service_start( 1885): [0,com.xiaomi.finddevice/.v2.ui.FindDeviceKeyguardControlReceiver,0,SYSTEM_ALERT_WINDOW_PERMISSION,33,33,0,0,0,1,UNKNOWN,0]
02-03 08:11:39.903 I/notification_enqueue( 1885): [6110,5247,com.xiaomi.finddevice,14,NULL,0,Notification(channel=FGS_HIDE shortcut=null contentView=null vibrate=null sound=null defaults=0x0 flags=0x40 color=0x00000000 groupKey=FGS_HIDE_autogroup vis=PRIVATE),0]
02-03 08:11:39.909 I/am_foreground_service_stop( 1885): [0,com.xiaomi.finddevice/.v2.ui.FindDeviceKeyguardControlReceiver,0,SYSTEM_ALERT_WINDOW_PERMISSION,33,33,0,0,10,1,STOP_FOREGROUND,0]
02-03 08:11:39.916 I/sysui_multi_action( 1885): [757,128,758,5,759,8,793,15,794,0,795,15,796,14,806,com.xiaomi.finddevice,857,FGS_HIDE,858,2,946,FGS_HIDE_autogroup,947,0,1500,15,1688,1]
02-03 08:11:39.916 I/notification_canceled( 1885): [0|com.xiaomi.finddevice|14|null|6110,8,15,15,0,-1,-1,NULL]
02-03 08:11:39.926 I/am_foreground_service_start( 1885): [0,com.xiaomi.finddevice/.v2.ui.FindDeviceSysNotificationReceiver,0,PROC_STATE_FGS,33,33,0,0,0,1,UNKNOWN,0]
02-03 08:11:39.931 I/am_foreground_service_stop( 1885): [0,com.xiaomi.finddevice/.v2.ui.FindDeviceSysNotificationReceiver,0,PROC_STATE_FGS,33,33,0,0,4,1,STOP_FOREGROUND,0]
02-03 08:11:39.933 I/notification_enqueue( 1885): [6110,5247,com.xiaomi.finddevice,14,NULL,0,Notification(channel=FGS_HIDE shortcut=null contentView=null vibrate=null sound=null defaults=0x0 flags=0x0 color=0x00000000 groupKey=FGS_HIDE_autogroup vis=PRIVATE),0]
02-03 08:11:39.938 I/am_uid_running( 1885): 10291
02-03 08:11:39.942 I/sysui_multi_action( 1885): [757,128,758,5,759,8,793,10,794,0,795,10,796,14,806,com.xiaomi.finddevice,857,FGS_HIDE,858,2,946,FGS_HIDE_autogroup,947,0,1500,10,1688,1]
02-03 08:11:39.942 I/notification_canceled( 1885): [0|com.xiaomi.finddevice|14|null|6110,8,10,10,0,-1,-1,NULL]
02-03 08:11:39.971 I/am_proc_start( 1885): [0,5447,10291,com.qualcomm.qti.performancemode,broadcast,{com.qualcomm.qti.performancemode/com.qualcomm.qti.performancemode.SystemEventReceiver}]
02-03 08:11:39.979 I/auditd  (  813): type=1400 audit(0.0:391): avc:  denied  { open } for  comm="binder:813_6" path="/sys/devices/platform/soc/a300000.qcom,turing/subsys8/wakeup/wakeup58" dev="sysfs" ino=88643 scontext=u:r:system_suspend:s0 tcontext=u:object_r:sysfs:s0 tclass=dir permissive=0
02-03 08:11:39.979 I/auditd  (  813): type=1400 audit(0.0:392): avc:  denied  { open } for  comm="binder:813_6" path="/sys/devices/platform/soc/abb0000.qcom,evass/subsys3/wakeup/wakeup48" dev="sysfs" ino=87917 scontext=u:r:system_suspend:s0 tcontext=u:object_r:sysfs:s0 tclass=dir permissive=0
02-03 08:11:39.979 I/auditd  (  813): type=1400 audit(0.0:393): avc:  denied  { open } for  comm="binder:813_6" path="/sys/devices/platform/soc/soc:qcom,smp2p-nsp/wakeup/wakeup4" dev="sysfs" ino=60271 scontext=u:r:system_suspend:s0 tcontext=u:object_r:sysfs:s0 tclass=dir permissive=0
02-03 08:11:39.979 I/auditd  (  813): type=1400 audit(0.0:394): avc:  denied  { open } for  comm="binder:813_6" path="/sys/devices/platform/soc/aab0000.qcom,venus/wakeup/wakeup38" dev="sysfs" ino=80591 scontext=u:r:system_suspend:s0 tcontext=u:object_r:sysfs:s0 tclass=dir permissive=0
02-03 08:11:39.983 I/auditd  (  813): type=1400 audit(0.0:395): avc:  denied  { open } for  comm="binder:813_6" path="/sys/devices/virtual/misc/msm_wma/wakeup28" dev="sysfs" ino=74176 scontext=u:r:system_suspend:s0 tcontext=u:object_r:sysfs:s0 tclass=dir permissive=0
02-03 08:11:39.983 I/auditd  (  813): type=1400 audit(0.0:396): avc:  denied  { open } for  comm="binder:813_6" path="/sys/devices/platform/soc/3700000.qcom,lpass/subsys7/wakeup/wakeup56" dev="sysfs" ino=88478 scontext=u:r:system_suspend:s0 tcontext=u:object_r:sysfs:s0 tclass=dir permissive=0
02-03 08:11:39.983 I/auditd  (  813): type=1400 audit(0.0:397): avc:  denied  { open } for  comm="binder:813_6" path="/sys/devices/virtual/misc/msm_amrnb/wakeup18" dev="sysfs" ino=73783 scontext=u:r:system_suspend:s0 tcontext=u:object_r:sysfs:s0 tclass=dir permissive=0
02-03 08:11:39.983 I/auditd  (  813): type=1400 audit(0.0:398): avc:  denied  { open } for  comm="binder:813_6" path="/sys/devices/platform/soc/soc:qcom,trustedvm@d0800000/subsys2/wakeup/wakeup46" dev="sysfs" ino=87820 scontext=u:r:system_suspend:s0 tcontext=u:object_r:sysfs:s0 tclass=dir permissive=0
02-03 08:11:39.983 I/auditd  (  813): type=1400 audit(0.0:399): avc:  denied  { open } for  comm="binder:813_6" path="/sys/devices/platform/soc/b0000000.qcom,cnss-qca6490/wakeup/wakeup36" dev="sysfs" ino=80008 scontext=u:r:system_suspend:s0 tcontext=u:object_r:sysfs:s0 tclass=dir permissive=0
02-03 08:11:39.983 I/auditd  (  813): type=1400 audit(0.0:400): avc:  denied  { open } for  comm="binder:813_6" path="/sys/devices/platform/soc/4080000.qcom,mss/subsys6/wakeup/wakeup54" dev="sysfs" ino=88313 scontext=u:r:system_suspend:s0 tcontext=u:object_r:sysfs:s0 tclass=dir permissive=0
02-03 08:11:39.983 I/auditd  (  813): type=1400 audit(0.0:401): avc:  denied  { open } for  comm="binder:813_6" path="/sys/devices/virtual/misc/msm_aac/wakeup16" dev="sysfs" ino=73707 scontext=u:r:system_suspend:s0 tcontext=u:object_r:sysfs:s0 tclass=dir permissive=0
02-03 08:11:39.983 I/auditd  (  813): type=1400 audit(0.0:402): avc:  denied  { open } for  comm="binder:813_6" path="/sys/devices/platform/soc/99c000.qcom,qup_uart/wakeup/wakeup44" dev="sysfs" ino=86145 scontext=u:r:system_suspend:s0 tcontext=u:object_r:sysfs:s0 tclass=dir permissive=0
02-03 08:11:39.983 I/auditd  (  813): type=1400 audit(0.0:403): avc:  denied  { open } for  comm="binder:813_6" path="/sys/devices/platform/soc/c440000.qcom,spmi/spmi-0/spmi0-03/c440000.qcom,spmi:qcom,pm8350b@3:qcom,amoled/wakeup/wakeup0" dev="sysfs" ino=48986 scontext=u:r:system_suspend:s0 tcontext=u:object_r:sysfs:s0 tclass=dir permissive=0
02-03 08:11:39.985 I/sysui_multi_action( 1885): [757,128,758,1,793,828,794,0,795,828,796,16,797,com.xiaomi.finddevice.v2.ui.FindDeviceSysNotificationReceiver,798,0,806,com.xiaomi.finddevice,857,default,858,4,947,0,1395,1,1500,182,1688,1]
02-03 08:11:39.985 I/sysui_multi_action( 1885): [757,1501,758,1,793,828,794,0,795,828,796,16,797,com.xiaomi.finddevice.v2.ui.FindDeviceSysNotificationReceiver,806,com.xiaomi.finddevice,857,default,858,4,947,0,1500,0,1688,1]
02-03 08:11:39.985 I/sysui_multi_action( 1885): [757,804,799,note_interruptive,801,0,802,1]
02-03 08:11:39.985 I/sysui_multi_action( 1885): [757,804,799,note_freshness,801,828,802,1]
02-03 08:11:39.985 I/notification_visibility( 1885): [0|com.xiaomi.finddevice|16|com.xiaomi.finddevice.v2.ui.FindDeviceSysNotificationReceiver|6110,1,828,828,0,0]
02-03 08:11:39.983 I/auditd  (  813): type=1400 audit(0.0:404): avc:  denied  { open } for  comm="binder:813_6" path="/sys/devices/platform/soc/1c00000.qcom,pcie/wakeup/wakeup34" dev="sysfs" ino=79523 scontext=u:r:system_suspend:s0 tcontext=u:object_r:sysfs:s0 tclass=dir permissive=0
02-03 08:11:39.983 I/auditd  (  813): type=1400 audit(0.0:405): avc:  denied  { open } for  comm="binder:813_6" path="/sys/devices/platform/soc/soc:qcom,kgsl-hyp/subsys5/wakeup/wakeup52" dev="sysfs" ino=88111 scontext=u:r:system_suspend:s0 tcontext=u:object_r:sysfs:s0 tclass=dir permissive=0
02-03 08:11:39.983 I/auditd  (  813): type=1400 audit(0.0:406): avc:  denied  { open } for  comm="binder:813_6" path="/sys/devices/platform/soc/88e0000.qcom,msm-eud/wakeup/wakeup9" dev="sysfs" ino=60852 scontext=u:r:system_suspend:s0 tcontext=u:object_r:sysfs:s0 tclass=dir permissive=0
02-03 08:11:39.983 I/auditd  (  813): type=1400 audit(0.0:407): avc:  denied  { open } for  comm="binder:813_6" path="/sys/devices/platform/soc/1c00000.qcom,pcie/pci0000:00/0000:00:00.0/0000:01:00.0/1103_00.01.00/wakeup/wakeup42" dev="sysfs" ino=85949 scontext=u:r:system_suspend:s0 tcontext=u:object_r:sysfs:s0 tclass=dir permissive=0
02-03 08:11:39.987 I/auditd  (  813): type=1400 audit(0.0:408): avc:  denied  { open } for  comm="binder:813_6" path="/sys/devices/platform/soc/1e00000.qcom,ipa/wakeup/wakeup32" dev="sysfs" ino=78764 scontext=u:r:system_suspend:s0 tcontext=u:object_r:sysfs:s0 tclass=dir permissive=0
02-03 08:11:39.991 I/auditd  (  813): type=1400 audit(0.0:409): avc:  denied  { open } for  comm="binder:813_6" path="/sys/devices/virtual/misc/msm_evrc/wakeup22" dev="sysfs" ino=73935 scontext=u:r:system_suspend:s0 tcontext=u:object_r:sysfs:s0 tclass=dir permissive=0
02-03 08:11:39.991 I/auditd  (  813): type=1400 audit(0.0:410): avc:  denied  { open } for  comm="binder:813_6" path="/sys/devices/platform/soc/soc:qcom,ipa_fws/subsys4/wakeup/wakeup50" dev="sysfs" ino=88014 scontext=u:r:system_suspend:s0 tcontext=u:object_r:sysfs:s0 tclass=dir permissive=0
02-03 08:11:39.991 I/auditd  (  813): type=1400 audit(0.0:411): avc:  denied  { open } for  comm="binder:813_6" path="/sys/devices/platform/soc/soc:qcom,pmic_glink/wakeup/wakeup7" dev="sysfs" ino=60715 scontext=u:r:system_suspend:s0 tcontext=u:object_r:sysfs:s0 tclass=dir permissive=0
02-03 08:11:39.991 I/auditd  (  813): type=1400 audit(0.0:412): avc:  denied  { open } for  comm="binder:813_6" path="/sys/devices/platform/soc/soc:fingerprint_fpc/wakeup/wakeup12" dev="sysfs" ino=66010 scontext=u:r:system_suspend:s0 tcontext=u:object_r:sysfs:s0 tclass=dir permissive=0
02-03 08:11:39.995 I/auditd  (  813): type=1400 audit(0.0:413): avc:  denied  { open } for  comm="binder:813_6" path="/sys/devices/platform/soc/984000.i2c/i2c-0/0-0028/wakeup/wakeup40" dev="sysfs" ino=85532 scontext=u:r:system_suspend:s0 tcontext=u:object_r:sysfs:s0 tclass=dir permissive=0
02-03 08:11:39.995 I/auditd  (  813): type=1400 audit(0.0:414): avc:  denied  { open } for  comm="binder:813_6" path="/sys/devices/virtual/misc/msm_amrwbplus/wakeup20" dev="sysfs" ino=73859 scontext=u:r:system_suspend:s0 tcontext=u:object_r:sysfs:s0 tclass=dir permissive=0
02-03 08:11:39.995 I/auditd  (  813): type=1400 audit(0.0:415): avc:  denied  { open } for  comm="binder:813_6" path="/sys/devices/platform/soc/soc:qcom,ipa_fws/wakeup/wakeup49" dev="sysfs" ino=87951 scontext=u:r:system_suspend:s0 tcontext=u:object_r:sysfs:s0 tclass=dir permissive=0
02-03 08:11:39.995 I/auditd  (  813): type=1400 audit(0.0:416): avc:  denied  { open } for  comm="binder:813_6" path="/sys/devices/platform/soc/soc:qcom,smp2p-modem/wakeup/wakeup5" dev="sysfs" ino=60298 scontext=u:r:system_suspend:s0 tcontext=u:object_r:sysfs:s0 tclass=dir permissive=0
02-03 08:11:39.995 I/auditd  (  813): type=1400 audit(0.0:417): avc:  denied  { open } for  comm="binder:813_6" path="/sys/devices/virtual/fastrpc/adsprpc-smd/wakeup10" dev="sysfs" ino=61679 scontext=u:r:system_suspend:s0 tcontext=u:object_r:sysfs:s0 tclass=dir permissive=0
02-03 08:11:39.995 I/auditd  (  813): type=1400 audit(0.0:418): avc:  denied  { open } for  comm="binder:813_6" path="/sys/devices/platform/soc/aab0000.qcom,venus/subsys0/wakeup/wakeup39" dev="sysfs" ino=80654 scontext=u:r:system_suspend:s0 tcontext=u:object_r:sysfs:s0 tclass=dir permissive=0
02-03 08:11:39.999 I/auditd  (  813): type=1400 audit(0.0:419): avc:  denied  { open } for  comm="binder:813_6" path="/sys/devices/virtual/misc/msm_wmapro/wakeup29" dev="sysfs" ino=74214 scontext=u:r:system_suspend:s0 tcontext=u:object_r:sysfs:s0 tclass=dir permissive=0
02-03 08:11:39.999 I/auditd  (  813): type=1400 audit(0.0:420): avc:  denied  { open } for  comm="binder:813_6" path="/sys/devices/platform/soc/a300000.qcom,turing/wakeup/wakeup57" dev="sysfs" ino=88580 scontext=u:r:system_suspend:s0 tcontext=u:object_r:sysfs:s0 tclass=dir permissive=0
02-03 08:11:39.999 I/auditd  (  813): type=1400 audit(0.0:421): avc:  denied  { open } for  comm="binder:813_6" path="/sys/devices/virtual/misc/msm_amrwb/wakeup19" dev="sysfs" ino=73821 scontext=u:r:system_suspend:s0 tcontext=u:object_r:sysfs:s0 tclass=dir permissive=0
02-03 08:11:39.999 I/auditd  (  813): type=1400 audit(0.0:422): avc:  denied  { open } for  comm="binder:813_6" path="/sys/devices/platform/soc/abb0000.qcom,evass/wakeup/wakeup47" dev="sysfs" ino=87854 scontext=u:r:system_suspend:s0 tcontext=u:object_r:sysfs:s0 tclass=dir permissive=0
02-03 08:11:39.999 I/auditd  (  813): type=1400 audit(0.0:423): avc:  denied  { open } for  comm="binder:813_6" path="/sys/devices/platform/soc/soc:qcom,smp2p-adsp/wakeup/wakeup3" dev="sysfs" ino=60244 scontext=u:r:system_suspend:s0 tcontext=u:object_r:sysfs:s0 tclass=dir permissive=0
02-03 08:11:39.999 I/auditd  (  813): type=1400 audit(0.0:424): avc:  denied  { open } for  comm="binder:813_6" path="/sys/devices/virtual/misc/msm_qcelp/wakeup27" dev="sysfs" ino=74138 scontext=u:r:system_suspend:s0 tcontext=u:object_r:sysfs:s0 tclass=dir permissive=0
02-03 08:11:39.999 I/auditd  (  813): type=1400 audit(0.0:425): avc:  denied  { open } for  comm="binder:813_6" path="/sys/devices/platform/soc/3700000.qcom,lpass/wakeup/wakeup55" dev="sysfs" ino=88415 scontext=u:r:system_suspend:s0 tcontext=u:object_r:sysfs:s0 tclass=dir permissive=0
02-03 08:11:39.999 I/auditd  (  813): type=1400 audit(0.0:426): avc:  denied  { open } for  comm="binder:813_6" path="/sys/devices/virtual/misc/msm_alac/wakeup17" dev="sysfs" ino=73745 scontext=u:r:system_suspend:s0 tcontext=u:object_r:sysfs:s0 tclass=dir permissive=0
02-03 08:11:40.003 I/auditd  (  813): type=1400 audit(0.0:427): avc:  denied  { open } for  comm="binder:813_6" path="/sys/devices/platform/soc/soc:qcom,trustedvm@d0800000/wakeup/wakeup45" dev="sysfs" ino=87757 scontext=u:r:system_suspend:s0 tcontext=u:object_r:sysfs:s0 tclass=dir permissive=0
02-03 08:11:40.003 I/auditd  (  813): type=1400 audit(0.0:428): avc:  denied  { open } for  comm="binder:813_6" path="/sys/devices/platform/soc/b0000000.qcom,cnss-qca6490/wakeup/wakeup35" dev="sysfs" ino=79992 scontext=u:r:system_suspend:s0 tcontext=u:object_r:sysfs:s0 tclass=dir permissive=0
02-03 08:11:40.003 I/auditd  (  813): type=1400 audit(0.0:429): avc:  denied  { open } for  comm="binder:813_6" path="/sys/devices/virtual/misc/msm_mp3/wakeup25" dev="sysfs" ino=74062 scontext=u:r:system_suspend:s0 tcontext=u:object_r:sysfs:s0 tclass=dir permissive=0
02-03 08:11:40.003 I/auditd  (  813): type=1400 audit(0.0:430): avc:  denied  { open } for  comm="binder:813_6" path="/sys/devices/platform/soc/4080000.qcom,mss/wakeup/wakeup53" dev="sysfs" ino=88250 scontext=u:r:system_suspend:s0 tcontext=u:object_r:sysfs:s0 tclass=dir permissive=0
02-03 08:11:40.003 I/auditd  (  813): type=1400 audit(0.0:431): avc:  denied  { read } for  comm="binder:813_6" name="wakeup15" dev="sysfs" ino=66223 scontext=u:r:system_suspend:s0 tcontext=u:object_r:sysfs_rtc:s0 tclass=dir permissive=0
02-03 08:11:40.003 I/auditd  (  813): type=1400 audit(0.0:432): avc:  denied  { open } for  comm="binder:813_6" path="/sys/devices/platform/soc/988000.spi/spi_master/spi0/spi0.0/wakeup/wakeup43" dev="sysfs" ino=85998 scontext=u:r:system_suspend:s0 tcontext=u:object_r:sysfs:s0 tclass=dir permissive=0
02-03 08:11:40.007 I/auditd  (  813): type=1400 audit(0.0:433): avc:  denied  { open } for  comm="binder:813_6" path="/sys/devices/virtual/misc/msm_g711alaw/wakeup23" dev="sysfs" ino=73973 scontext=u:r:system_suspend:s0 tcontext=u:object_r:sysfs:s0 tclass=dir permissive=0
02-03 08:11:40.007 I/auditd  (  813): type=1400 audit(0.0:434): avc:  denied  { open } for  comm="binder:813_6" path="/sys/devices/platform/soc/soc:qcom,kgsl-hyp/wakeup/wakeup51" dev="sysfs" ino=88048 scontext=u:r:system_suspend:s0 tcontext=u:object_r:sysfs:s0 tclass=dir permissive=0
02-03 08:11:40.007 I/auditd  (  813): type=1400 audit(0.0:435): avc:  denied  { open } for  comm="binder:813_6" path="/sys/devices/platform/soc/soc:qcom,pmic_glink_log/wakeup/wakeup8" dev="sysfs" ino=60743 scontext=u:r:system_suspend:s0 tcontext=u:object_r:sysfs:s0 tclass=dir permissive=0
02-03 08:11:40.007 I/auditd  (  813): type=1400 audit(0.0:436): avc:  denied  { open } for  comm="binder:813_6" path="/sys/devices/platform/soc/soc:fingerprint_fpc/wakeup/wakeup13" dev="sysfs" ino=66026 scontext=u:r:system_suspend:s0 tcontext=u:object_r:sysfs:s0 tclass=dir permissive=0
02-03 08:11:40.007 I/auditd  (  813): type=1400 audit(0.0:437): avc:  denied  { open } for  comm="binder:813_6" path="/sys/devices/platform/soc/b0000000.qcom,cnss-qca6490/subsys1/wakeup/wakeup41" dev="sysfs" ino=85593 scontext=u:r:system_suspend:s0 tcontext=u:object_r:sysfs:s0 tclass=dir permissive=0
02-03 08:11:40.007 I/auditd  (  813): type=1400 audit(0.0:438): avc:  denied  { open } for  comm="binder:813_6" path="/sys/devices/platform/dummy_hcd.0/usb1/wakeup/wakeup101" dev="sysfs" ino=111161 scontext=u:r:system_suspend:s0 tcontext=u:object_r:sysfs:s0 tclass=dir permissive=0
02-03 08:11:40.011 I/auditd  (  813): type=1400 audit(0.0:439): avc:  denied  { open } for  comm="binder:813_6" path="/sys/devices/virtual/misc/msm_ape/wakeup21" dev="sysfs" ino=73897 scontext=u:r:system_suspend:s0 tcontext=u:object_r:sysfs:s0 tclass=dir permissive=0
02-03 08:11:40.011 I/auditd  (  813): type=1400 audit(0.0:440): avc:  denied  { open } for  comm="binder:813_6" path="/sys/devices/platform/soc/soc:qcom,smp2p_sleepstate/wakeup/wakeup6" dev="sysfs" ino=60539 scontext=u:r:system_suspend:s0 tcontext=u:object_r:sysfs:s0 tclass=dir permissive=0
02-03 08:11:40.011 I/auditd  (  813): type=1400 audit(0.0:441): avc:  denied  { open } for  comm="binder:813_6" path="/sys/devices/virtual/fastrpc/adsprpc-smd-secure/wakeup11" dev="sysfs" ino=61695 scontext=u:r:system_suspend:s0 tcontext=u:object_r:sysfs:s0 tclass=dir permissive=0
02-03 08:11:40.011 I/auditd  ( 5447): type=1400 audit(0.0:442): avc:  denied  { search } for  comm="re-initialized>" name="zram0" dev="sysfs" ino=65115 scontext=u:r:platform_app:s0:c512,c768 tcontext=u:object_r:sysfs_zram:s0 tclass=dir permissive=0 app=com.qualcomm.qti.performancemode
02-03 08:11:40.011 I/auditd  ( 5447): type=1400 audit(0.0:443): avc:  denied  { search } for  comm="re-initialized>" name="zram0" dev="sysfs" ino=65115 scontext=u:r:platform_app:s0:c512,c768 tcontext=u:object_r:sysfs_zram:s0 tclass=dir permissive=0 app=com.qualcomm.qti.performancemode
02-03 08:11:40.019 I/am_proc_bound( 1885): [0,5447,com.qualcomm.qti.performancemode]
02-03 08:11:40.024 I/am_uid_active( 1885): 10291
02-03 08:11:40.026 I/am_uid_running( 1885): 10313
02-03 08:11:40.048 I/commit_sys_config_file( 1885): [settings-1-0,21]
02-03 08:11:40.047 I/auditd  ( 5475): type=1400 audit(0.0:444): avc:  denied  { ptrace } for  comm="crash_dump64" scontext=u:r:crash_dump:s0 tcontext=u:r:init:s0 tclass=process permissive=0
02-03 08:11:40.053 I/am_proc_start( 1885): [0,5478,10313,com.qualcomm.qti.powersavemode,broadcast,{com.qualcomm.qti.powersavemode/com.qualcomm.qti.powersavemode.SystemEventReceiver}]
02-03 08:11:40.091 I/auditd  ( 5478): type=1400 audit(0.0:445): avc:  denied  { search } for  comm="re-initialized>" name="zram0" dev="sysfs" ino=65115 scontext=u:r:platform_app:s0:c512,c768 tcontext=u:object_r:sysfs_zram:s0 tclass=dir permissive=0 app=com.qualcomm.qti.powersavemode
02-03 08:11:40.091 I/auditd  ( 5478): type=1400 audit(0.0:446): avc:  denied  { search } for  comm="re-initialized>" name="zram0" dev="sysfs" ino=65115 scontext=u:r:platform_app:s0:c512,c768 tcontext=u:object_r:sysfs_zram:s0 tclass=dir permissive=0 app=com.qualcomm.qti.powersavemode
02-03 08:11:40.098 I/am_proc_bound( 1885): [0,5478,com.qualcomm.qti.powersavemode]
02-03 08:11:40.101 I/am_uid_active( 1885): 10313
02-03 08:11:40.107 I/auditd  (  744): avc:  denied  { find } for pid=5447 uid=10291 name=vendor.qti.hardware.perf2.IPerf/default scontext=u:r:platform_app:s0:c512,c768 tcontext=u:object_r:default_android_service:s0 tclass=service_manager permissive=0
02-03 08:11:40.215 I/auditd  ( 4114): type=1400 audit(0.0:447): avc:  denied  { read } for  comm="ndroid.systemui" name="u:object_r:keyguard_config_prop:s0" dev="tmpfs" ino=17231 scontext=u:r:system_app:s0 tcontext=u:object_r:keyguard_config_prop:s0 tclass=file permissive=0
02-03 08:11:40.312 I/commit_sys_config_file( 1885): [net-policy,1]
02-03 08:11:40.431 I/auditd  ( 5529): type=1400 audit(0.0:448): avc:  denied  { getattr } for  comm="batterysecret" path="/dev/kmsg" dev="tmpfs" ino=2055 scontext=u:r:batterysecret:s0 tcontext=u:object_r:kmsg_device:s0 tclass=chr_file permissive=0
02-03 08:11:40.519 I/auditd  ( 5552): type=1400 audit(0.0:449): avc:  denied  { read } for  comm="ps" name="pid_max" dev="proc" ino=57802 scontext=u:r:mcd:s0 tcontext=u:object_r:proc_pid_max:s0 tclass=file permissive=0
02-03 08:11:40.575 I/auditd  ( 5552): type=1400 audit(0.0:450): avc:  denied  { sys_ptrace } for  comm="ps" capability=19  scontext=u:r:mcd:s0 tcontext=u:r:mcd:s0 tclass=capability permissive=0
02-03 08:11:40.579 I/auditd  ( 5552): type=1400 audit(0.0:451): avc:  denied  { sys_ptrace } for  comm="ps" capability=19  scontext=u:r:mcd:s0 tcontext=u:r:mcd:s0 tclass=capability permissive=0
02-03 08:11:40.579 I/auditd  ( 5552): type=1400 audit(0.0:452): avc:  denied  { sys_ptrace } for  comm="ps" capability=19  scontext=u:r:mcd:s0 tcontext=u:r:mcd:s0 tclass=capability permissive=0
02-03 08:11:40.583 I/auditd  ( 5552): type=1400 audit(0.0:453): avc:  denied  { sys_ptrace } for  comm="ps" capability=19  scontext=u:r:mcd:s0 tcontext=u:r:mcd:s0 tclass=capability permissive=0
02-03 08:11:40.583 I/auditd  ( 5552): type=1400 audit(0.0:454): avc:  denied  { sys_ptrace } for  comm="ps" capability=19  scontext=u:r:mcd:s0 tcontext=u:r:mcd:s0 tclass=capability permissive=0
02-03 08:11:40.583 I/auditd  ( 5552): type=1400 audit(0.0:455): avc:  denied  { sys_ptrace } for  comm="ps" capability=19  scontext=u:r:mcd:s0 tcontext=u:r:mcd:s0 tclass=capability permissive=0
02-03 08:11:40.583 I/auditd  ( 5552): type=1400 audit(0.0:456): avc:  denied  { sys_ptrace } for  comm="ps" capability=19  scontext=u:r:mcd:s0 tcontext=u:r:mcd:s0 tclass=capability permissive=0
02-03 08:11:40.583 I/auditd  ( 5552): type=1400 audit(0.0:457): avc:  denied  { sys_ptrace } for  comm="ps" capability=19  scontext=u:r:mcd:s0 tcontext=u:r:mcd:s0 tclass=capability permissive=0
02-03 08:11:40.631 I/auditd  (  744): avc:  denied  { find } for pid=743 uid=1069 name=vendor.qti.hardware.perf2.IPerf/default scontext=u:r:lmkd:s0 tcontext=u:object_r:default_android_service:s0 tclass=service_manager permissive=0
02-03 08:11:40.635 I/am_meminfo( 1885): [2036633600,82223104,4096,448561152,893534208]
02-03 08:11:40.644 I/am_pss  ( 1885): [4905,10214,com.google.android.gms.persistent,67397632,62652416,0,184307712,2,10,8]
02-03 08:11:40.655 I/am_pss  ( 1885): [4566,1000,com.android.settings,63293440,48590848,0,201416704,2,19,9]
02-03 08:11:40.664 I/am_pss  ( 1885): [4024,1002,com.android.bluetooth,39775232,33570816,0,171958272,2,0,8]
02-03 08:11:40.671 I/am_pss  ( 1885): [3530,10171,com.android.htmlviewer:remote,17430528,13602816,0,131674112,2,5,6]
02-03 08:11:40.675 I/auditd  (  744): avc:  denied  { find } for pid=5544 uid=0 name=device_identifiers scontext=u:r:mcd:s0 tcontext=u:object_r:device_identifiers_service:s0 tclass=service_manager permissive=0
02-03 08:11:40.680 I/am_pss  ( 1885): [4977,1002,com.xiaomi.bluetooth,70118400,64360448,0,197685248,2,10,8]
02-03 08:11:40.688 I/am_pss  ( 1885): [4953,10307,com.qualcomm.qtil.btdsda,8002560,4288512,0,120033280,2,10,7]
02-03 08:11:40.695 I/am_pss  ( 1885): [4931,10258,com.miui.misound,14863360,11292672,0,126431232,2,19,6]
02-03 08:11:40.702 I/am_pss  ( 1885): [4737,1000,com.xiaomi.mirror,27383808,23519232,0,142106624,2,5,6]
02-03 08:11:40.712 I/am_pss  ( 1885): [3755,10269,com.miui.miwallpaper,99163136,92090368,0,236552192,2,5,8]
02-03 08:11:40.719 I/am_pss  ( 1885): [4622,10314,com.android.smspush,7465984,4046848,0,116232192,2,6,6]
02-03 08:11:40.723 I/auditd  (  744): avc:  denied  { find } for pid=5544 uid=1000 name=miui.whetstone.mcd scontext=u:r:mcd:s0 tcontext=u:object_r:mcd_service:s0 tclass=service_manager permissive=0
02-03 08:11:40.724 I/mcd_start_complete( 5544): 5544
02-03 08:11:40.726 I/am_pss  ( 1885): [4185,10324,com.google.android.ext.services,15166464,6447104,0,134184960,2,5,6]
02-03 08:11:40.734 I/am_pss  ( 1885): [4443,10260,com.milink.service:provider,29274112,22323200,0,145141760,2,5,7]
