02-03 08:11:27.167 I/auditd  ( 1998): type=1400 audit(0.0:243): avc:  denied  { search } for  comm="mfp-daemon" name="rtc0" dev="sysfs" ino=66202 scontext=u:r:vendor_mfp-daemon:s0 tcontext=u:object_r:sysfs_rtc:s0 tclass=dir permissive=0
02-03 08:11:27.231 I/auditd  ( 2062): type=1400 audit(0.0:244): avc:  denied  { ptrace } for  comm="crash_dump64" scontext=u:r:crash_dump:s0 tcontext=u:r:init:s0 tclass=process permissive=0
02-03 08:11:27.317 I/system_server_start( 1885): [1,8675,8675]
02-03 08:11:27.318 I/boot_progress_system_run( 1885): 8746
02-03 08:11:27.379 I/auditd  ( 1998): type=1400 audit(0.0:245): avc:  denied  { search } for  comm="mfp-daemon" name="rtc0" dev="sysfs" ino=66202 scontext=u:r:vendor_mfp-daemon:s0 tcontext=u:object_r:sysfs_rtc:s0 tclass=dir permissive=0
02-03 08:11:27.925 I/liblog  ( 2116): 2
02-03 08:11:27.926 I/liblog  ( 2116): 55
02-03 08:11:27.926 I/liblog  ( 2116): 1
02-03 08:11:27.927 I/liblog  ( 2116): 78
02-03 08:11:27.927 I/liblog  ( 2116): 1
02-03 08:11:28.311 I/auditd  ( 1998): type=1400 audit(0.0:246): avc:  denied  { search } for  comm="mfp-daemon" name="rtc0" dev="sysfs" ino=66202 scontext=u:r:vendor_mfp-daemon:s0 tcontext=u:object_r:sysfs_rtc:s0 tclass=dir permissive=0
02-03 08:11:28.411 I/auditd  ( 2080): type=1400 audit(0.0:247): avc:  denied  { read } for  comm="DispatcherModul" name="u:object_r:vendor_pd_locater_dbg_prop:s0" dev="tmpfs" ino=21543 scontext=u:r:rild:s0 tcontext=u:object_r:vendor_pd_locater_dbg_prop:s0 tclass=file permissive=0
02-03 08:11:28.463 I/auditd  ( 2080): type=1400 audit(0.0:248): avc:  denied  { read } for  comm="DispatcherModul" name="u:object_r:vendor_pd_locater_dbg_prop:s0" dev="tmpfs" ino=21543 scontext=u:r:rild:s0 tcontext=u:object_r:vendor_pd_locater_dbg_prop:s0 tclass=file permissive=0
02-03 08:11:28.495 I/auditd  ( 1998): type=1400 audit(0.0:249): avc:  denied  { search } for  comm="mfp-daemon" name="rtc0" dev="sysfs" ino=66202 scontext=u:r:vendor_mfp-daemon:s0 tcontext=u:object_r:sysfs_rtc:s0 tclass=dir permissive=0
02-03 08:11:28.787 I/auditd  ( 1885): type=1400 audit(0.0:250): avc:  denied  { getattr } for  comm="system-server-i" path="/vendor/etc/permissions/xiaomi.cn.hardware.features.xml" dev="dm-4" ino=39980103 scontext=u:r:system_server:s0 tcontext=u:object_r:vendor_file:s0 tclass=file permissive=0
02-03 08:11:28.891 I/auditd  ( 2080): type=1400 audit(0.0:251): avc:  denied  { read } for  comm="DispatcherModul" name="u:object_r:default_prop:s0" dev="tmpfs" ino=17155 scontext=u:r:rild:s0 tcontext=u:object_r:default_prop:s0 tclass=file permissive=0
02-03 08:11:28.931 I/auditd  ( 2080): type=1400 audit(0.0:252): avc:  denied  { read } for  comm=5849414F4D49205354415453 name="u:object_r:default_prop:s0" dev="tmpfs" ino=17155 scontext=u:r:rild:s0 tcontext=u:object_r:default_prop:s0 tclass=file permissive=0
02-03 08:11:29.030 I/auditd  (  744): avc:  denied  { find } for pid=1885 uid=1000 name=vendor.qti.hardware.perf2.IPerf/default scontext=u:r:system_server:s0 tcontext=u:object_r:default_android_service:s0 tclass=service_manager permissive=0
02-03 08:11:29.047 I/auditd  (  744): avc:  denied  { find } for pid=1885 uid=1000 name=vendor.qti.hardware.servicetrackeraidl.IServicetracker/default scontext=u:r:system_server:s0 tcontext=u:object_r:default_android_service:s0 tclass=service_manager permissive=0
02-03 08:11:29.071 I/auditd  ( 2097): type=1400 audit(0.0:253): avc:  denied  { read } for  comm="DispatcherModul" name="u:object_r:vendor_pd_locater_dbg_prop:s0" dev="tmpfs" ino=21543 scontext=u:r:rild:s0 tcontext=u:object_r:vendor_pd_locater_dbg_prop:s0 tclass=file permissive=0
02-03 08:11:29.103 I/auditd  ( 2097): type=1400 audit(0.0:254): avc:  denied  { read } for  comm="DispatcherModul" name="u:object_r:default_prop:s0" dev="tmpfs" ino=17155 scontext=u:r:rild:s0 tcontext=u:object_r:default_prop:s0 tclass=file permissive=0
02-03 08:11:29.107 I/auditd  ( 2097): type=1400 audit(0.0:255): avc:  denied  { read } for  comm="DispatcherModul" name="u:object_r:vendor_pd_locater_dbg_prop:s0" dev="tmpfs" ino=21543 scontext=u:r:rild:s0 tcontext=u:object_r:vendor_pd_locater_dbg_prop:s0 tclass=file permissive=0
02-03 08:11:29.135 I/auditd  (  813): type=1400 audit(0.0:256): avc:  denied  { open } for  comm="binder:813_2" path="/sys/devices/platform/soc/a300000.qcom,turing/subsys8/wakeup/wakeup58" dev="sysfs" ino=88643 scontext=u:r:system_suspend:s0 tcontext=u:object_r:sysfs:s0 tclass=dir permissive=0
02-03 08:11:29.135 I/auditd  (  813): type=1400 audit(0.0:257): avc:  denied  { open } for  comm="binder:813_2" path="/sys/devices/platform/soc/abb0000.qcom,evass/subsys3/wakeup/wakeup48" dev="sysfs" ino=87917 scontext=u:r:system_suspend:s0 tcontext=u:object_r:sysfs:s0 tclass=dir permissive=0
02-03 08:11:29.135 I/auditd  (  813): type=1400 audit(0.0:258): avc:  denied  { open } for  comm="binder:813_2" path="/sys/devices/platform/soc/soc:qcom,smp2p-nsp/wakeup/wakeup4" dev="sysfs" ino=60271 scontext=u:r:system_suspend:s0 tcontext=u:object_r:sysfs:s0 tclass=dir permissive=0
02-03 08:11:29.139 I/auditd  (  813): type=1400 audit(0.0:259): avc:  denied  { open } for  comm="binder:813_2" path="/sys/devices/platform/soc/aab0000.qcom,venus/wakeup/wakeup38" dev="sysfs" ino=80591 scontext=u:r:system_suspend:s0 tcontext=u:object_r:sysfs:s0 tclass=dir permissive=0
02-03 08:11:29.139 I/auditd  (  813): type=1400 audit(0.0:260): avc:  denied  { open } for  comm="binder:813_2" path="/sys/devices/virtual/misc/msm_wma/wakeup28" dev="sysfs" ino=74176 scontext=u:r:system_suspend:s0 tcontext=u:object_r:sysfs:s0 tclass=dir permissive=0
02-03 08:11:29.139 I/auditd  (  813): type=1400 audit(0.0:261): avc:  denied  { open } for  comm="binder:813_2" path="/sys/devices/platform/soc/3700000.qcom,lpass/subsys7/wakeup/wakeup56" dev="sysfs" ino=88478 scontext=u:r:system_suspend:s0 tcontext=u:object_r:sysfs:s0 tclass=dir permissive=0
02-03 08:11:29.147 I/auditd  (  813): type=1400 audit(0.0:262): avc:  denied  { open } for  comm="binder:813_2" path="/sys/devices/virtual/misc/msm_amrnb/wakeup18" dev="sysfs" ino=73783 scontext=u:r:system_suspend:s0 tcontext=u:object_r:sysfs:s0 tclass=dir permissive=0
02-03 08:11:29.147 I/auditd  (  813): type=1400 audit(0.0:263): avc:  denied  { open } for  comm="binder:813_2" path="/sys/devices/platform/soc/soc:qcom,trustedvm@d0800000/subsys2/wakeup/wakeup46" dev="sysfs" ino=87820 scontext=u:r:system_suspend:s0 tcontext=u:object_r:sysfs:s0 tclass=dir permissive=0
02-03 08:11:29.147 I/auditd  (  813): type=1400 audit(0.0:264): avc:  denied  { open } for  comm="binder:813_2" path="/sys/devices/platform/soc/b0000000.qcom,cnss-qca6490/wakeup/wakeup36" dev="sysfs" ino=80008 scontext=u:r:system_suspend:s0 tcontext=u:object_r:sysfs:s0 tclass=dir permissive=0
02-03 08:11:29.151 I/auditd  (  813): type=1400 audit(0.0:265): avc:  denied  { open } for  comm="binder:813_2" path="/sys/devices/platform/soc/4080000.qcom,mss/subsys6/wakeup/wakeup54" dev="sysfs" ino=88313 scontext=u:r:system_suspend:s0 tcontext=u:object_r:sysfs:s0 tclass=dir permissive=0
02-03 08:11:29.151 I/auditd  (  813): type=1400 audit(0.0:266): avc:  denied  { open } for  comm="binder:813_2" path="/sys/devices/virtual/misc/msm_aac/wakeup16" dev="sysfs" ino=73707 scontext=u:r:system_suspend:s0 tcontext=u:object_r:sysfs:s0 tclass=dir permissive=0
02-03 08:11:29.151 I/auditd  (  813): type=1400 audit(0.0:267): avc:  denied  { open } for  comm="binder:813_2" path="/sys/devices/platform/soc/99c000.qcom,qup_uart/wakeup/wakeup44" dev="sysfs" ino=86145 scontext=u:r:system_suspend:s0 tcontext=u:object_r:sysfs:s0 tclass=dir permissive=0
02-03 08:11:29.151 I/auditd  (  813): type=1400 audit(0.0:268): avc:  denied  { open } for  comm="binder:813_2" path="/sys/devices/platform/soc/c440000.qcom,spmi/spmi-0/spmi0-03/c440000.qcom,spmi:qcom,pm8350b@3:qcom,amoled/wakeup/wakeup0" dev="sysfs" ino=48986 scontext=u:r:system_suspend:s0 tcontext=u:object_r:sysfs:s0 tclass=dir permissive=0
02-03 08:11:29.151 I/auditd  (  813): type=1400 audit(0.0:269): avc:  denied  { open } for  comm="binder:813_2" path="/sys/devices/platform/soc/1c00000.qcom,pcie/wakeup/wakeup34" dev="sysfs" ino=79523 scontext=u:r:system_suspend:s0 tcontext=u:object_r:sysfs:s0 tclass=dir permissive=0
02-03 08:11:29.155 I/auditd  (  813): type=1400 audit(0.0:270): avc:  denied  { open } for  comm="binder:813_2" path="/sys/devices/platform/soc/soc:qcom,kgsl-hyp/subsys5/wakeup/wakeup52" dev="sysfs" ino=88111 scontext=u:r:system_suspend:s0 tcontext=u:object_r:sysfs:s0 tclass=dir permissive=0
02-03 08:11:29.155 I/auditd  (  813): type=1400 audit(0.0:271): avc:  denied  { open } for  comm="binder:813_2" path="/sys/devices/platform/soc/88e0000.qcom,msm-eud/wakeup/wakeup9" dev="sysfs" ino=60852 scontext=u:r:system_suspend:s0 tcontext=u:object_r:sysfs:s0 tclass=dir permissive=0
02-03 08:11:29.155 I/auditd  (  813): type=1400 audit(0.0:272): avc:  denied  { open } for  comm="binder:813_2" path="/sys/devices/platform/soc/1c00000.qcom,pcie/pci0000:00/0000:00:00.0/0000:01:00.0/1103_00.01.00/wakeup/wakeup42" dev="sysfs" ino=85949 scontext=u:r:system_suspend:s0 tcontext=u:object_r:sysfs:s0 tclass=dir permissive=0
02-03 08:11:29.155 I/auditd  (  813): type=1400 audit(0.0:273): avc:  denied  { open } for  comm="binder:813_2" path="/sys/devices/platform/soc/1e00000.qcom,ipa/wakeup/wakeup32" dev="sysfs" ino=78764 scontext=u:r:system_suspend:s0 tcontext=u:object_r:sysfs:s0 tclass=dir permissive=0
02-03 08:11:29.163 I/auditd  (  813): type=1400 audit(0.0:274): avc:  denied  { open } for  comm="binder:813_2" path="/sys/devices/virtual/misc/msm_evrc/wakeup22" dev="sysfs" ino=73935 scontext=u:r:system_suspend:s0 tcontext=u:object_r:sysfs:s0 tclass=dir permissive=0
02-03 08:11:29.163 I/auditd  (  813): type=1400 audit(0.0:275): avc:  denied  { open } for  comm="binder:813_2" path="/sys/devices/platform/soc/soc:qcom,ipa_fws/subsys4/wakeup/wakeup50" dev="sysfs" ino=88014 scontext=u:r:system_suspend:s0 tcontext=u:object_r:sysfs:s0 tclass=dir permissive=0
02-03 08:11:29.163 I/auditd  (  813): type=1400 audit(0.0:276): avc:  denied  { open } for  comm="binder:813_2" path="/sys/devices/platform/soc/soc:qcom,pmic_glink/wakeup/wakeup7" dev="sysfs" ino=60715 scontext=u:r:system_suspend:s0 tcontext=u:object_r:sysfs:s0 tclass=dir permissive=0
02-03 08:11:29.163 I/auditd  (  813): type=1400 audit(0.0:277): avc:  denied  { open } for  comm="binder:813_2" path="/sys/devices/platform/soc/soc:fingerprint_fpc/wakeup/wakeup12" dev="sysfs" ino=66010 scontext=u:r:system_suspend:s0 tcontext=u:object_r:sysfs:s0 tclass=dir permissive=0
02-03 08:11:29.163 I/auditd  (  813): type=1400 audit(0.0:278): avc:  denied  { open } for  comm="binder:813_2" path="/sys/devices/platform/soc/984000.i2c/i2c-0/0-0028/wakeup/wakeup40" dev="sysfs" ino=85532 scontext=u:r:system_suspend:s0 tcontext=u:object_r:sysfs:s0 tclass=dir permissive=0
02-03 08:11:29.167 I/auditd  (  813): type=1400 audit(0.0:279): avc:  denied  { open } for  comm="binder:813_2" path="/sys/devices/virtual/misc/msm_amrwbplus/wakeup20" dev="sysfs" ino=73859 scontext=u:r:system_suspend:s0 tcontext=u:object_r:sysfs:s0 tclass=dir permissive=0
02-03 08:11:29.167 I/auditd  (  813): type=1400 audit(0.0:280): avc:  denied  { open } for  comm="binder:813_2" path="/sys/devices/platform/soc/soc:qcom,ipa_fws/wakeup/wakeup49" dev="sysfs" ino=87951 scontext=u:r:system_suspend:s0 tcontext=u:object_r:sysfs:s0 tclass=dir permissive=0
02-03 08:11:29.167 I/auditd  (  813): type=1400 audit(0.0:281): avc:  denied  { open } for  comm="binder:813_2" path="/sys/devices/platform/soc/soc:qcom,smp2p-modem/wakeup/wakeup5" dev="sysfs" ino=60298 scontext=u:r:system_suspend:s0 tcontext=u:object_r:sysfs:s0 tclass=dir permissive=0
02-03 08:11:29.171 I/auditd  (  813): type=1400 audit(0.0:282): avc:  denied  { open } for  comm="binder:813_2" path="/sys/devices/virtual/fastrpc/adsprpc-smd/wakeup10" dev="sysfs" ino=61679 scontext=u:r:system_suspend:s0 tcontext=u:object_r:sysfs:s0 tclass=dir permissive=0
02-03 08:11:29.171 I/auditd  (  813): type=1400 audit(0.0:283): avc:  denied  { open } for  comm="binder:813_2" path="/sys/devices/platform/soc/aab0000.qcom,venus/subsys0/wakeup/wakeup39" dev="sysfs" ino=80654 scontext=u:r:system_suspend:s0 tcontext=u:object_r:sysfs:s0 tclass=dir permissive=0
02-03 08:11:29.171 I/auditd  (  813): type=1400 audit(0.0:284): avc:  denied  { open } for  comm="binder:813_2" path="/sys/devices/virtual/misc/msm_wmapro/wakeup29" dev="sysfs" ino=74214 scontext=u:r:system_suspend:s0 tcontext=u:object_r:sysfs:s0 tclass=dir permissive=0
02-03 08:11:29.171 I/auditd  (  813): type=1400 audit(0.0:285): avc:  denied  { open } for  comm="binder:813_2" path="/sys/devices/platform/soc/a300000.qcom,turing/wakeup/wakeup57" dev="sysfs" ino=88580 scontext=u:r:system_suspend:s0 tcontext=u:object_r:sysfs:s0 tclass=dir permissive=0
02-03 08:11:29.171 I/auditd  (  813): type=1400 audit(0.0:286): avc:  denied  { open } for  comm="binder:813_2" path="/sys/devices/virtual/misc/msm_amrwb/wakeup19" dev="sysfs" ino=73821 scontext=u:r:system_suspend:s0 tcontext=u:object_r:sysfs:s0 tclass=dir permissive=0
02-03 08:11:29.171 I/auditd  (  813): type=1400 audit(0.0:287): avc:  denied  { open } for  comm="binder:813_2" path="/sys/devices/platform/soc/abb0000.qcom,evass/wakeup/wakeup47" dev="sysfs" ino=87854 scontext=u:r:system_suspend:s0 tcontext=u:object_r:sysfs:s0 tclass=dir permissive=0
02-03 08:11:29.171 I/auditd  (  813): type=1400 audit(0.0:288): avc:  denied  { open } for  comm="binder:813_2" path="/sys/devices/platform/soc/soc:qcom,smp2p-adsp/wakeup/wakeup3" dev="sysfs" ino=60244 scontext=u:r:system_suspend:s0 tcontext=u:object_r:sysfs:s0 tclass=dir permissive=0
02-03 08:11:29.175 I/auditd  (  813): type=1400 audit(0.0:289): avc:  denied  { open } for  comm="binder:813_2" path="/sys/devices/virtual/misc/msm_qcelp/wakeup27" dev="sysfs" ino=74138 scontext=u:r:system_suspend:s0 tcontext=u:object_r:sysfs:s0 tclass=dir permissive=0
02-03 08:11:29.175 I/auditd  (  813): type=1400 audit(0.0:290): avc:  denied  { open } for  comm="binder:813_2" path="/sys/devices/platform/soc/3700000.qcom,lpass/wakeup/wakeup55" dev="sysfs" ino=88415 scontext=u:r:system_suspend:s0 tcontext=u:object_r:sysfs:s0 tclass=dir permissive=0
02-03 08:11:29.179 I/auditd  (  813): type=1400 audit(0.0:291): avc:  denied  { open } for  comm="binder:813_2" path="/sys/devices/virtual/misc/msm_alac/wakeup17" dev="sysfs" ino=73745 scontext=u:r:system_suspend:s0 tcontext=u:object_r:sysfs:s0 tclass=dir permissive=0
02-03 08:11:29.179 I/auditd  (  813): type=1400 audit(0.0:292): avc:  denied  { open } for  comm="binder:813_2" path="/sys/devices/platform/soc/soc:qcom,trustedvm@d0800000/wakeup/wakeup45" dev="sysfs" ino=87757 scontext=u:r:system_suspend:s0 tcontext=u:object_r:sysfs:s0 tclass=dir permissive=0
02-03 08:11:29.179 I/auditd  (  813): type=1400 audit(0.0:293): avc:  denied  { open } for  comm="binder:813_2" path="/sys/devices/platform/soc/b0000000.qcom,cnss-qca6490/wakeup/wakeup35" dev="sysfs" ino=79992 scontext=u:r:system_suspend:s0 tcontext=u:object_r:sysfs:s0 tclass=dir permissive=0
02-03 08:11:29.183 I/auditd  (  813): type=1400 audit(0.0:294): avc:  denied  { open } for  comm="binder:813_2" path="/sys/devices/virtual/misc/msm_mp3/wakeup25" dev="sysfs" ino=74062 scontext=u:r:system_suspend:s0 tcontext=u:object_r:sysfs:s0 tclass=dir permissive=0
02-03 08:11:29.183 I/auditd  (  813): type=1400 audit(0.0:295): avc:  denied  { open } for  comm="binder:813_2" path="/sys/devices/platform/soc/4080000.qcom,mss/wakeup/wakeup53" dev="sysfs" ino=88250 scontext=u:r:system_suspend:s0 tcontext=u:object_r:sysfs:s0 tclass=dir permissive=0
02-03 08:11:29.187 I/auditd  (  813): type=1400 audit(0.0:296): avc:  denied  { read } for  comm="binder:813_2" name="wakeup15" dev="sysfs" ino=66223 scontext=u:r:system_suspend:s0 tcontext=u:object_r:sysfs_rtc:s0 tclass=dir permissive=0
02-03 08:11:29.187 I/auditd  (  813): type=1400 audit(0.0:297): avc:  denied  { open } for  comm="binder:813_2" path="/sys/devices/platform/soc/988000.spi/spi_master/spi0/spi0.0/wakeup/wakeup43" dev="sysfs" ino=85998 scontext=u:r:system_suspend:s0 tcontext=u:object_r:sysfs:s0 tclass=dir permissive=0
02-03 08:11:29.191 I/auditd  (  813): type=1400 audit(0.0:298): avc:  denied  { open } for  comm="binder:813_2" path="/sys/devices/virtual/misc/msm_g711alaw/wakeup23" dev="sysfs" ino=73973 scontext=u:r:system_suspend:s0 tcontext=u:object_r:sysfs:s0 tclass=dir permissive=0
02-03 08:11:29.191 I/auditd  (  813): type=1400 audit(0.0:299): avc:  denied  { open } for  comm="binder:813_2" path="/sys/devices/platform/soc/soc:qcom,kgsl-hyp/wakeup/wakeup51" dev="sysfs" ino=88048 scontext=u:r:system_suspend:s0 tcontext=u:object_r:sysfs:s0 tclass=dir permissive=0
02-03 08:11:29.191 I/auditd  (  813): type=1400 audit(0.0:300): avc:  denied  { open } for  comm="binder:813_2" path="/sys/devices/platform/soc/soc:qcom,pmic_glink_log/wakeup/wakeup8" dev="sysfs" ino=60743 scontext=u:r:system_suspend:s0 tcontext=u:object_r:sysfs:s0 tclass=dir permissive=0
02-03 08:11:29.191 I/auditd  (  813): type=1400 audit(0.0:301): avc:  denied  { open } for  comm="binder:813_2" path="/sys/devices/platform/soc/soc:fingerprint_fpc/wakeup/wakeup13" dev="sysfs" ino=66026 scontext=u:r:system_suspend:s0 tcontext=u:object_r:sysfs:s0 tclass=dir permissive=0
02-03 08:11:29.191 I/auditd  (  813): type=1400 audit(0.0:302): avc:  denied  { open } for  comm="binder:813_2" path="/sys/devices/platform/soc/b0000000.qcom,cnss-qca6490/subsys1/wakeup/wakeup41" dev="sysfs" ino=85593 scontext=u:r:system_suspend:s0 tcontext=u:object_r:sysfs:s0 tclass=dir permissive=0
02-03 08:11:29.191 I/auditd  (  813): type=1400 audit(0.0:303): avc:  denied  { open } for  comm="binder:813_2" path="/sys/devices/virtual/misc/msm_ape/wakeup21" dev="sysfs" ino=73897 scontext=u:r:system_suspend:s0 tcontext=u:object_r:sysfs:s0 tclass=dir permissive=0
02-03 08:11:29.191 I/auditd  (  813): type=1400 audit(0.0:304): avc:  denied  { open } for  comm="binder:813_2" path="/sys/devices/platform/soc/soc:qcom,smp2p_sleepstate/wakeup/wakeup6" dev="sysfs" ino=60539 scontext=u:r:system_suspend:s0 tcontext=u:object_r:sysfs:s0 tclass=dir permissive=0
02-03 08:11:29.195 I/auditd  (  813): type=1400 audit(0.0:305): avc:  denied  { open } for  comm="binder:813_2" path="/sys/devices/virtual/fastrpc/adsprpc-smd-secure/wakeup11" dev="sysfs" ino=61695 scontext=u:r:system_suspend:s0 tcontext=u:object_r:sysfs:s0 tclass=dir permissive=0
02-03 08:11:29.221 I/commit_sys_config_file( 1885): [batterystats,19]
02-03 08:11:29.235 I/commit_sys_config_file( 1885): [batterystats,14]
02-03 08:11:29.270 I/rescue_note( 1885): [0,1,10696]
02-03 08:11:30.639 I/boot_progress_pms_start( 1885): 12066
02-03 08:11:30.742 I/service_manager_stats( 1885): [100,51,12169]
02-03 08:11:30.855 I/boot_progress_pms_system_scan_start( 1885): 12283
02-03 08:11:31.353 I/boot_progress_pms_data_scan_start( 1885): 12780
02-03 08:11:31.452 I/boot_progress_pms_scan_end( 1885): 12879
02-03 08:11:31.622 I/commit_sys_config_file( 1885): [package,46]
02-03 08:11:31.622 I/boot_progress_pms_ready( 1885): 13049
02-03 08:11:31.634 I/commit_sys_config_file( 1885): [package-user-0,12]
02-03 08:11:31.677 I/am_uid_running( 1885): 1000
02-03 08:11:31.679 I/am_uid_active( 1885): 1000
02-03 08:11:31.937 I/commit_sys_config_file( 1885): [overlays,1]
02-03 08:11:31.972 I/battery_status( 1885): [2,2,1,1,Li-poly]
02-03 08:11:31.973 I/battery_level( 1885): [11,4075,240]
02-03 08:11:31.974 I/auditd  (  744): avc:  denied  { find } for pid=1885 uid=1000 name=vendor.xiaomi.hardware.micharge.IMiCharge/default scontext=u:r:system_server:s0 tcontext=u:object_r:default_android_service:s0 tclass=service_manager permissive=0
02-03 08:11:32.203 I/wm_task_created( 1885): 1
02-03 08:11:32.204 I/wm_task_windowing_mode_changed( 1885): [1,0,1]
02-03 08:11:32.211 I/auditd  ( 1885): type=1400 audit(0.0:306): avc:  denied  { read } for  comm="android.ui" name="name" dev="sysfs" ino=60833 scontext=u:r:system_server:s0 tcontext=u:object_r:sysfs:s0 tclass=file permissive=0
02-03 08:11:32.211 I/auditd  ( 1885): type=1400 audit(0.0:307): avc:  denied  { read } for  comm="android.ui" name="name" dev="sysfs" ino=60830 scontext=u:r:system_server:s0 tcontext=u:object_r:sysfs:s0 tclass=file permissive=0
02-03 08:11:32.211 I/auditd  ( 1885): type=1400 audit(0.0:308): avc:  denied  { read } for  comm="android.ui" name="name" dev="sysfs" ino=53397 scontext=u:r:system_server:s0 tcontext=u:object_r:sysfs:s0 tclass=file permissive=0
02-03 08:11:32.211 I/sysui_multi_action( 1885): [757,1594,758,4,759,0,806,NULL]
02-03 08:11:32.211 I/auditd  ( 1885): type=1400 audit(0.0:309): avc:  denied  { read } for  comm="android.ui" name="name" dev="sysfs" ino=100850 scontext=u:r:system_server:s0 tcontext=u:object_r:sysfs:s0 tclass=file permissive=0
02-03 08:11:32.211 I/auditd  ( 1885): type=1400 audit(0.0:310): avc:  denied  { read } for  comm="android.ui" name="name" dev="sysfs" ino=100847 scontext=u:r:system_server:s0 tcontext=u:object_r:sysfs:s0 tclass=file permissive=0
02-03 08:11:32.211 I/auditd  ( 1885): type=1400 audit(0.0:311): avc:  denied  { read } for  comm="android.ui" name="name" dev="sysfs" ino=53417 scontext=u:r:system_server:s0 tcontext=u:object_r:sysfs:s0 tclass=file permissive=0
02-03 08:11:32.218 I/auditd  (  744): avc:  denied  { find } for pid=1885 uid=1000 name=vendor.xiaomi.hw.touchfeature.ITouchFeature/default scontext=u:r:system_server:s0 tcontext=u:object_r:default_android_service:s0 tclass=service_manager permissive=0
02-03 08:11:32.267 I/am_wtf  ( 1885): [0,1885,system_server,-1,SystemServerI,reboot init app level]
02-03 08:11:32.267 I/am_wtf  ( 1885): [0,1885,system_server,-1,SystemServerI,reboot init app anr level]
02-03 08:11:32.288 I/configuration_changed( 1885): 536894968
02-03 08:11:32.293 I/sysui_multi_action( 1885): [757,1659,758,4,759,1,1660,0]
02-03 08:11:32.308 I/configuration_changed( 1885): 8
02-03 08:11:32.361 I/device_idle( 1885): [0,boot]
02-03 08:11:32.361 I/device_idle_light( 1885): [0,boot]
02-03 08:11:32.429 I/commit_sys_config_file( 1885): [settings-2-0,3]
02-03 08:11:32.623 I/auditd  ( 1630): type=1400 audit(0.0:312): avc:  denied  { read } for  comm="BootAnimation" name="u:object_r:vendor_display_prop:s0" dev="tmpfs" ino=17403 scontext=u:r:bootanim:s0 tcontext=u:object_r:vendor_display_prop:s0 tclass=file permissive=0
02-03 08:11:32.675 I/auditd  (  744): avc:  denied  { find } for pid=1630 uid=1041 name=xiaomi.joyose scontext=u:r:bootanim:s0 tcontext=u:object_r:system_app_service:s0 tclass=service_manager permissive=0
02-03 08:11:32.835 I/auditd  (  744): avc:  denied  { find } for pid=1885 uid=1000 name=vendor.qti.hardware.qconfig.IQConfig/default scontext=u:r:system_server:s0 tcontext=u:object_r:default_android_service:s0 tclass=service_manager permissive=0
02-03 08:11:32.864 I/commit_sys_config_file( 1885): [settings-4-0,80]
02-03 08:11:32.871 I/auditd  ( 1885): type=1400 audit(0.0:313): avc:  denied  { read } for  comm="system_server" name="name" dev="sysfs" ino=53417 scontext=u:r:system_server:s0 tcontext=u:object_r:sysfs:s0 tclass=file permissive=0
02-03 08:11:32.875 I/auditd  ( 1885): type=1400 audit(0.0:314): avc:  denied  { read } for  comm="system_server" name="name" dev="sysfs" ino=53397 scontext=u:r:system_server:s0 tcontext=u:object_r:sysfs:s0 tclass=file permissive=0
02-03 08:11:32.903 I/stream_devices_changed( 1885): [0,0,1]
02-03 08:11:32.904 I/stream_devices_changed( 1885): [2,0,2]
02-03 08:11:32.904 I/stream_devices_changed( 1885): [3,0,2]
02-03 08:11:32.904 I/stream_devices_changed( 1885): [11,0,2]
02-03 08:11:32.905 I/stream_devices_changed( 1885): [4,0,2]
02-03 08:11:32.906 I/stream_devices_changed( 1885): [6,0,1]
02-03 08:11:32.911 I/auditd  ( 1250): type=1400 audit(0.0:315): avc:  denied  { read } for  comm="usb@1.2-service" name="moisture_detection_status" dev="sysfs" ino=100732 scontext=u:r:vendor_hal_usb_qti:s0 tcontext=u:object_r:vendor_sysfs_qcom_battery:s0 tclass=file permissive=0
02-03 08:11:32.918 I/dropbox_file_copy( 1885): [/data/tombstones/tombstone_18,65536,SYSTEM_TOMBSTONE]
02-03 08:11:32.919 I/commit_sys_config_file( 1885): [log-files,1]
02-03 08:11:32.930 I/commit_sys_config_file( 1885): [log-files,2]
02-03 08:11:32.951 I/commit_sys_config_file( 1885): [notification-policy,5]
02-03 08:11:32.971 I/auditd  ( 2997): type=1400 audit(0.0:316): avc:  denied  { getopt } for  comm="millet_monitor" scontext=u:r:millet:s0 tcontext=u:r:millet:s0 tclass=netlink_socket permissive=0
02-03 08:11:32.971 I/auditd  ( 2997): type=1400 audit(0.0:317): avc:  denied  { getopt } for  comm="millet_monitor" scontext=u:r:millet:s0 tcontext=u:r:millet:s0 tclass=netlink_socket permissive=0
02-03 08:11:33.008 I/auditd  (  745): avc:  denied  { find } for interface=vendor.xiaomi.hardware.cld::ICld sid=u:r:system_server:s0 pid=1885 scontext=u:r:system_server:s0 tcontext=u:object_r:hal_health_storage_hwservice:s0 tclass=hwservice_manager permissive=0
02-03 08:11:33.025 I/[90098] ( 1885): display u:1000 s:true
02-03 08:11:33.257 I/configuration_changed( 1885): 512
02-03 08:11:33.303 I/liblog  ( 1370): 358
02-03 08:11:33.303 I/liblog  ( 1370): 2
02-03 08:11:33.303 I/liblog  ( 1370): 1
02-03 08:11:33.332 I/commit_sys_config_file( 1885): [package-session,1]
02-03 08:11:33.399 I/auditd  ( 1885): type=1400 audit(0.0:318): avc:  denied  { read } for  comm="android.display" name="u:object_r:vendor_wfd_sys_debug_prop:s0" dev="tmpfs" ino=21590 scontext=u:r:system_server:s0 tcontext=u:object_r:vendor_wfd_sys_debug_prop:s0 tclass=file permissive=0
02-03 08:11:33.399 I/auditd  ( 1885): type=1400 audit(0.0:319): avc:  denied  { read } for  comm="android.display" name="u:object_r:vendor_wfd_sys_debug_prop:s0" dev="tmpfs" ino=21590 scontext=u:r:system_server:s0 tcontext=u:object_r:vendor_wfd_sys_debug_prop:s0 tclass=file permissive=0
02-03 08:11:33.424 I/commit_sys_config_file( 1885): [settings-1-0,2]
02-03 08:11:33.455 I/boot_progress_ams_ready( 1885): 14882
02-03 08:11:33.459 I/configuration_changed( 1885): 268435712
02-03 08:11:33.460 I/am_uid_running( 1885): 10171
02-03 08:11:33.470 I/am_proc_start( 1885): [0,3530,10171,com.android.htmlviewer:remote,content provider,{com.android.htmlviewer/com.android.settings.cloud.CloudSettingsProvider}]
02-03 08:11:33.472 I/auditd  (  744): avc:  denied  { find } for pid=1885 uid=1000 name=vendor.qti.qspmhal.IQspmhal/default scontext=u:r:system_server:s0 tcontext=u:object_r:default_android_service:s0 tclass=service_manager permissive=0
02-03 08:11:33.478 I/commit_sys_config_file( 1885): [log-files,1]
02-03 08:11:33.480 I/commit_sys_config_file( 1885): [log-files,0]
02-03 08:11:33.483 I/commit_sys_config_file( 1885): [log-files,0]
02-03 08:11:33.485 I/commit_sys_config_file( 1885): [log-files,1]
02-03 08:11:33.489 I/commit_sys_config_file( 1885): [log-files,0]
02-03 08:11:33.491 I/commit_sys_config_file( 1885): [log-files,1]
02-03 08:11:33.495 I/commit_sys_config_file( 1885): [log-files,1]
02-03 08:11:33.497 I/commit_sys_config_file( 1885): [log-files,1]
02-03 08:11:33.500 I/am_proc_bound( 1885): [0,3530,com.android.htmlviewer:remote]
02-03 08:11:33.500 I/commit_sys_config_file( 1885): [log-files,0]
02-03 08:11:33.502 I/commit_sys_config_file( 1885): [log-files,0]
02-03 08:11:33.505 I/am_uid_active( 1885): 10171
02-03 08:11:33.541 I/commit_sys_config_file( 1885): [log-files,2]
02-03 08:11:33.542 I/commit_sys_config_file( 1885): [log-files,0]
02-03 08:11:33.551 I/commit_sys_config_file( 1885): [log-files,1]
02-03 08:11:33.553 I/commit_sys_config_file( 1885): [log-files,1]
02-03 08:11:33.584 I/auditd  (  744): avc:  denied  { find } for pid=1894 uid=1000 name=vendor.qti.hardware.perf2.IPerf/default scontext=u:r:vendor_perfservice:s0 tcontext=u:object_r:default_android_service:s0 tclass=service_manager permissive=0
02-03 08:11:33.606 I/snet_event_log( 1885): [35028827,-1, provider:subscribedfeeds user:0]
02-03 08:11:33.606 I/snet_event_log( 1885): [26513719,-1,Malformed authority]
02-03 08:11:33.677 I/am_uid_running( 1885): 10269
02-03 08:11:33.683 I/am_proc_start( 1885): [0,3755,10269,com.miui.miwallpaper,service,{com.miui.miwallpaper/com.miui.miwallpaper.wallpaperservice.ImageWallpaper}]
02-03 08:11:33.711 I/auditd  ( 3755): type=1400 audit(0.0:320): avc:  denied  { search } for  comm="re-initialized>" name="zram0" dev="sysfs" ino=65115 scontext=u:r:platform_app:s0:c512,c768 tcontext=u:object_r:sysfs_zram:s0 tclass=dir permissive=0 app=com.miui.miwallpaper
02-03 08:11:33.718 I/am_proc_bound( 1885): [0,3755,com.miui.miwallpaper]
02-03 08:11:33.720 I/am_uid_active( 1885): 10269
02-03 08:11:33.711 I/auditd  ( 3755): type=1400 audit(0.0:321): avc:  denied  { search } for  comm="re-initialized>" name="zram0" dev="sysfs" ino=65115 scontext=u:r:platform_app:s0:c512,c768 tcontext=u:object_r:sysfs_zram:s0 tclass=dir permissive=0 app=com.miui.miwallpaper
02-03 08:11:33.877 I/am_uid_running( 1885): 1037
02-03 08:11:33.890 I/commit_sys_config_file( 1885): [net-policy,2]
02-03 08:11:33.976 I/am_proc_start( 1885): [0,3838,1037,WebViewLoader-armeabi-v7a,,]
02-03 08:11:33.982 I/wm_on_application_create_called( 3755): [0,com.miui.miwallpaper,213]
02-03 08:11:33.984 I/am_proc_start( 1885): [0,3839,1037,WebViewLoader-arm64-v8a,,]
02-03 08:11:34.015 I/auditd  ( 3838): type=1400 audit(0.0:322): avc:  denied  { search } for  comm="re-initialized>" name="zram0" dev="sysfs" ino=65115 scontext=u:r:shared_relro:s0:c13,c260,c512,c768 tcontext=u:object_r:sysfs_zram:s0 tclass=dir permissive=0
02-03 08:11:34.015 I/auditd  ( 3838): type=1400 audit(0.0:323): avc:  denied  { search } for  comm="re-initialized>" name="zram0" dev="sysfs" ino=65115 scontext=u:r:shared_relro:s0:c13,c260,c512,c768 tcontext=u:object_r:sysfs_zram:s0 tclass=dir permissive=0
02-03 08:11:34.015 I/auditd  ( 3839): type=1400 audit(0.0:324): avc:  denied  { search } for  comm="re-initialized>" name="zram0" dev="sysfs" ino=65115 scontext=u:r:shared_relro:s0:c13,c260,c512,c768 tcontext=u:object_r:sysfs_zram:s0 tclass=dir permissive=0
02-03 08:11:34.015 I/auditd  ( 3839): type=1400 audit(0.0:325): avc:  denied  { search } for  comm="re-initialized>" name="zram0" dev="sysfs" ino=65115 scontext=u:r:shared_relro:s0:c13,c260,c512,c768 tcontext=u:object_r:sysfs_zram:s0 tclass=dir permissive=0
02-03 08:11:34.022 I/am_proc_bound( 1885): [0,3838,WebViewLoader-armeabi-v7a]
02-03 08:11:34.024 I/am_uid_active( 1885): 1037
02-03 08:11:34.025 I/am_proc_bound( 1885): [0,3839,WebViewLoader-arm64-v8a]
02-03 08:11:34.026 I/auditd  (  744): avc:  denied  { find } for pid=3838 uid=1037 name=miui.mqsas.MQSService scontext=u:r:shared_relro:s0:c13,c260,c512,c768 tcontext=u:object_r:mqs_service:s0 tclass=service_manager permissive=0
02-03 08:11:34.027 I/auditd  (  744): avc:  denied  { find } for pid=3839 uid=1037 name=miui.mqsas.MQSService scontext=u:r:shared_relro:s0:c13,c260,c512,c768 tcontext=u:object_r:mqs_service:s0 tclass=service_manager permissive=0
02-03 08:11:34.036 I/netstats_mobile_sample( 1885): [0,0,0,0,0,0,0,0,1770073894036]
02-03 08:11:34.036 I/netstats_wifi_sample( 1885): [0,0,0,0,0,0,0,0,1770073894036]
02-03 08:11:34.039 I/auditd  ( 1885): type=1400 audit(0.0:326): avc:  denied  { read } for  comm="NetworkPolicy" name="u:object_r:wifi_hal_prop:s0" dev="tmpfs" ino=21616 scontext=u:r:system_server:s0 tcontext=u:object_r:wifi_hal_prop:s0 tclass=file permissive=0
02-03 08:11:34.044 I/netstats_mobile_sample( 1885): [0,0,0,0,0,0,0,0,1770073894044]
02-03 08:11:34.044 I/netstats_wifi_sample( 1885): [0,0,0,0,0,0,0,0,1770073894044]
02-03 08:11:34.075 I/auditd  ( 3755): type=1400 audit(0.0:328): avc:  denied  { open } for  comm="iui.miwallpaper" path="/dev/__properties__/u:object_r:vendor_display_prop:s0" dev="tmpfs" ino=17403 scontext=u:r:platform_app:s0:c512,c768 tcontext=u:object_r:vendor_display_prop:s0 tclass=file permissive=0 app=com.miui.miwallpaper
02-03 08:11:34.103 I/commit_sys_config_file( 1885): [settings-2-0,3]
02-03 08:11:34.132 I/am_proc_died( 1885): [0,3838,WebViewLoader-armeabi-v7a,-700,0]
02-03 08:11:34.135 I/am_low_memory( 1885): 4
02-03 08:11:34.135 I/auditd  ( 1215): type=1400 audit(0.0:329): avc:  denied  { read } for  comm="Loc_hal_worker" name="u:object_r:vendor_pd_locater_dbg_prop:s0" dev="tmpfs" ino=21543 scontext=u:r:vendor_hal_gnss_qti:s0 tcontext=u:object_r:vendor_pd_locater_dbg_prop:s0 tclass=file permissive=0
02-03 08:11:34.153 I/am_proc_died( 1885): [0,3839,WebViewLoader-arm64-v8a,-700,0]
02-03 08:11:34.154 I/am_uid_stopped( 1885): 1037
02-03 08:11:34.155 I/am_low_memory( 1885): 3
02-03 08:11:34.167 I/auditd  ( 3755): type=1400 audit(0.0:330): avc:  denied  { search } for  comm="KeyguardImageEn" name="migt" dev="dm-41" ino=422 scontext=u:r:platform_app:s0:c512,c768 tcontext=u:object_r:migt_file:s0 tclass=dir permissive=0 app=com.miui.miwallpaper
02-03 08:11:34.260 I/commit_sys_config_file( 1885): [settings-0-0,10]
02-03 08:11:34.280 I/am_uid_running( 1885): 1073
02-03 08:11:34.302 I/am_proc_start( 1885): [0,3966,1073,com.android.networkstack.process,service,{com.android.networkstack/com.android.server.NetworkStackService}]
02-03 08:11:34.312 I/ssm_user_starting( 1885): 0
02-03 08:11:34.339 I/auditd  ( 3966): type=1400 audit(0.0:331): avc:  denied  { search } for  comm="re-initialized>" name="zram0" dev="sysfs" ino=65115 scontext=u:r:network_stack:s0 tcontext=u:object_r:sysfs_zram:s0 tclass=dir permissive=0
02-03 08:11:34.339 I/auditd  ( 3966): type=1400 audit(0.0:332): avc:  denied  { search } for  comm="re-initialized>" name="zram0" dev="sysfs" ino=65115 scontext=u:r:network_stack:s0 tcontext=u:object_r:sysfs_zram:s0 tclass=dir permissive=0
02-03 08:11:34.347 I/am_proc_bound( 1885): [0,3966,com.android.networkstack.process]
02-03 08:11:34.349 I/am_uid_active( 1885): 1073
02-03 08:11:34.507 I/netstats_mobile_sample( 1885): [0,0,0,0,0,0,0,0,1770073894507]
02-03 08:11:34.507 I/netstats_wifi_sample( 1885): [0,0,0,0,0,0,0,0,1770073894507]
02-03 08:11:34.509 I/commit_sys_config_file( 1885): [overlays,2]
02-03 08:11:34.525 I/netstats_mobile_sample( 1885): [0,0,0,0,0,0,0,0,1770073894525]
02-03 08:11:34.525 I/netstats_wifi_sample( 1885): [0,0,0,0,0,0,0,0,1770073894525]
02-03 08:11:34.523 I/auditd  (    1): type=1107 audit(0.0:333): uid=0 auid=4294967295 ses=4294967295 subj=u:r:init:s0 msg='avc:  denied  { set } for property=vendor.miui.wifi.p2phc pid=1885 uid=1000 gid=1000 scontext=u:r:system_server:s0 tcontext=u:object_r:vendor_default_prop:s0 tclass=property_service permissive=0'
02-03 08:11:34.531 I/am_uid_running( 1885): 1002
02-03 08:11:34.537 I/am_proc_start( 1885): [0,4024,1002,com.android.bluetooth,service,{com.android.bluetooth/com.android.bluetooth.btservice.AdapterService}]
02-03 08:11:34.551 I/auditd  ( 4024): type=1400 audit(0.0:334): avc:  denied  { search } for  comm="re-initialized>" name="zram0" dev="sysfs" ino=65115 scontext=u:r:bluetooth:s0 tcontext=u:object_r:sysfs_zram:s0 tclass=dir permissive=0
02-03 08:11:34.551 I/auditd  ( 4024): type=1400 audit(0.0:335): avc:  denied  { search } for  comm="re-initialized>" name="zram0" dev="sysfs" ino=65115 scontext=u:r:bluetooth:s0 tcontext=u:object_r:sysfs_zram:s0 tclass=dir permissive=0
02-03 08:11:34.554 I/commit_sys_config_file( 1885): [snapshotFile: /data/system/users/0/wallpaper_info.xml,1]
02-03 08:11:34.557 I/am_proc_bound( 1885): [0,4024,com.android.bluetooth]
02-03 08:11:34.558 I/um_user_visibility_changed( 1885): [0,1]
02-03 08:11:34.559 I/am_uid_active( 1885): 1002
02-03 08:11:34.561 I/am_uid_running( 1885): 10195
02-03 08:11:34.562 I/am_uid_running( 1885): 10305
02-03 08:11:34.564 I/am_uid_running( 1885): 10303
02-03 08:11:34.565 I/am_uid_running( 1885): 1068
02-03 08:11:34.565 I/am_uid_running( 1885): 1001
02-03 08:11:34.567 I/am_uid_running( 1885): 10311
02-03 08:11:34.587 I/auditd  ( 4041): type=1400 audit(0.0:336): avc:  denied  { search } for  comm="re-initialized>" name="zram0" dev="sysfs" ino=65115 scontext=u:r:vendor_qtidataservices_app:s0:c195,c256,c512,c768 tcontext=u:object_r:sysfs_zram:s0 tclass=dir permissive=0 app=vendor.qti.hardware.cacert.server
02-03 08:11:34.587 I/auditd  ( 4041): type=1400 audit(0.0:337): avc:  denied  { search } for  comm="re-initialized>" name="zram0" dev="sysfs" ino=65115 scontext=u:r:vendor_qtidataservices_app:s0:c195,c256,c512,c768 tcontext=u:object_r:sysfs_zram:s0 tclass=dir permissive=0 app=vendor.qti.hardware.cacert.server
02-03 08:11:34.590 I/wm_task_created( 1885): 2
02-03 08:11:34.591 I/wm_task_windowing_mode_changed( 1885): [2,0,1]
02-03 08:11:34.592 I/wm_task_moved( 1885): [2,1,0,1,2147483647]
02-03 08:11:34.597 I/wm_task_moved( 1885): [1,1,0,1,0]
02-03 08:11:34.597 I/wm_create_task( 1885): [0,2,1,0]
02-03 08:11:34.597 I/wm_create_activity( 1885): [0,99534436,2,com.miui.home/.launcher.Launcher,android.intent.action.MAIN,NULL,NULL,268435712]
02-03 08:11:34.598 I/wm_task_moved( 1885): [1,1,0,1,0]
02-03 08:11:34.598 I/wm_task_moved( 1885): [2,1,0,1,2147483647]
02-03 08:11:34.598 I/wm_task_to_front( 1885): [0,2,0]
02-03 08:11:34.651 I/uc_send_user_broadcast( 1885): [0,android.intent.action.USER_STARTED]
02-03 08:11:34.651 I/uc_send_user_broadcast( 1885): [0,android.intent.action.USER_STARTING]
02-03 08:11:34.652 I/uc_send_user_broadcast( 1885): [0,android.intent.action.USER_FOREGROUND]
02-03 08:11:34.652 I/uc_send_user_broadcast( 1885): [0,android.intent.action.USER_SWITCHED]
02-03 08:11:34.657 I/am_proc_start( 1885): [0,4041,10195,.qtidataservices,added application,.qtidataservices]
02-03 08:11:34.657 I/am_proc_bound( 1885): [0,4041,.qtidataservices]
02-03 08:11:34.661 I/am_uid_active( 1885): 10195
02-03 08:11:34.662 I/am_uid_running( 1885): 10226
02-03 08:11:34.663 I/am_proc_start( 1885): [0,4061,10305,com.qti.phone,added application,com.qti.phone]
02-03 08:11:34.677 I/am_proc_start( 1885): [0,4063,1000,vendor.qti.qesdk.sysservice,added application,vendor.qti.qesdk.sysservice]
02-03 08:11:34.686 I/am_proc_start( 1885): [0,4067,10303,org.codeaurora.ims,added application,org.codeaurora.ims]
02-03 08:11:34.703 I/am_proc_start( 1885): [0,4096,1068,com.android.se,added application,com.android.se]
02-03 08:11:34.703 I/auditd  ( 4061): type=1400 audit(0.0:338): avc:  denied  { search } for  comm="re-initialized>" name="zram0" dev="sysfs" ino=65115 scontext=u:r:vendor_qtelephony:s0:c49,c257,c512,c768 tcontext=u:object_r:sysfs_zram:s0 tclass=dir permissive=0 app=com.qualcomm.qti.telephonyservice
02-03 08:11:34.710 I/am_proc_bound( 1885): [0,4061,com.qti.phone]
02-03 08:11:34.713 I/am_uid_active( 1885): 10305
02-03 08:11:34.715 I/auditd  ( 4063): type=1400 audit(0.0:340): avc:  denied  { search } for  comm="re-initialized>" name="zram0" dev="sysfs" ino=65115 scontext=u:r:vendor_qesdk_app:s0 tcontext=u:object_r:sysfs_zram:s0 tclass=dir permissive=0
02-03 08:11:34.715 I/auditd  ( 4063): type=1400 audit(0.0:341): avc:  denied  { search } for  comm="re-initialized>" name="zram0" dev="sysfs" ino=65115 scontext=u:r:vendor_qesdk_app:s0 tcontext=u:object_r:sysfs_zram:s0 tclass=dir permissive=0
02-03 08:11:34.715 I/am_proc_start( 1885): [0,4105,1001,com.android.phone,added application,com.android.phone]
02-03 08:11:34.735 I/am_proc_bound( 1885): [0,4063,vendor.qti.qesdk.sysservice]
02-03 08:11:34.743 I/am_proc_start( 1885): [0,4114,1000,com.android.systemui,added application,com.android.systemui]
02-03 08:11:34.744 I/commit_sys_config_file( 1885): [settings-0-0,15]
02-03 08:11:34.755 I/am_proc_bound( 1885): [0,4096,com.android.se]
02-03 08:11:34.757 I/am_uid_active( 1885): 1068
02-03 08:11:34.766 I/am_proc_start( 1885): [0,4152,1001,.dataservices,added application,.dataservices]
02-03 08:11:34.763 I/auditd  ( 4067): type=1400 audit(0.0:344): avc:  denied  { search } for  comm="re-initialized>" name="zram0" dev="sysfs" ino=65115 scontext=u:r:vendor_qtelephony:s0:c47,c257,c512,c768 tcontext=u:object_r:sysfs_zram:s0 tclass=dir permissive=0 app=org.codeaurora.ims
02-03 08:11:34.763 I/auditd  ( 4067): type=1400 audit(0.0:345): avc:  denied  { search } for  comm="re-initialized>" name="zram0" dev="sysfs" ino=65115 scontext=u:r:vendor_qtelephony:s0:c47,c257,c512,c768 tcontext=u:object_r:sysfs_zram:s0 tclass=dir permissive=0 app=org.codeaurora.ims
02-03 08:11:34.767 I/auditd  ( 4105): type=1400 audit(0.0:346): avc:  denied  { search } for  comm="re-initialized>" name="zram0" dev="sysfs" ino=65115 scontext=u:r:radio:s0 tcontext=u:object_r:sysfs_zram:s0 tclass=dir permissive=0
02-03 08:11:34.767 I/auditd  ( 4105): type=1400 audit(0.0:347): avc:  denied  { search } for  comm="re-initialized>" name="zram0" dev="sysfs" ino=65115 scontext=u:r:radio:s0 tcontext=u:object_r:sysfs_zram:s0 tclass=dir permissive=0
02-03 08:11:34.773 I/am_proc_bound( 1885): [0,4067,org.codeaurora.ims]
02-03 08:11:34.775 I/am_uid_active( 1885): 10303
02-03 08:11:34.779 I/am_proc_bound( 1885): [0,4105,com.android.phone]
02-03 08:11:34.785 I/am_uid_active( 1885): 1001
02-03 08:11:34.787 I/am_proc_start( 1885): [0,4159,10311,com.qti.qcc,added application,com.qti.qcc]
02-03 08:11:34.789 I/notification_cancel_all( 1885): [1000,1885,android,0,0,0,20,NULL]
02-03 08:11:34.789 I/notification_cancel_all( 1885): [1000,1885,android,0,0,0,20,NULL]
02-03 08:11:34.790 I/notification_cancel_all( 1885): [1000,1885,android,0,0,0,20,NULL]
02-03 08:11:34.797 I/am_proc_start( 1885): [0,4165,10226,com.miui.home,top-activity,{com.miui.home/com.miui.home.launcher.Launcher}]
02-03 08:11:34.811 I/auditd  ( 4152): type=1400 audit(0.0:348): avc:  denied  { search } for  comm="re-initialized>" name="zram0" dev="sysfs" ino=65115 scontext=u:r:vendor_dataservice_app:s0 tcontext=u:object_r:sysfs_zram:s0 tclass=dir permissive=0
02-03 08:11:34.811 I/auditd  ( 4152): type=1400 audit(0.0:349): avc:  denied  { search } for  comm="re-initialized>" name="zram0" dev="sysfs" ino=65115 scontext=u:r:vendor_dataservice_app:s0 tcontext=u:object_r:sysfs_zram:s0 tclass=dir permissive=0
02-03 08:11:34.802 I/am_uid_running( 1885): 10324
02-03 08:11:34.817 I/am_proc_start( 1885): [0,4185,10324,com.google.android.ext.services,service,{com.google.android.ext.services/android.ext.services.autofill.InlineSuggestionRenderServiceImpl}]
02-03 08:11:34.842 I/am_proc_bound( 1885): [0,4114,com.android.systemui]
02-03 08:11:34.850 I/service_manager_slow( 4152): [36,activity]
02-03 08:11:34.858 I/am_proc_bound( 1885): [0,4185,com.google.android.ext.services]
02-03 08:11:34.860 I/am_uid_active( 1885): 10324
02-03 08:11:34.859 I/auditd  ( 4165): type=1400 audit(0.0:350): avc:  denied  { search } for  comm="re-initialized>" name="zram0" dev="sysfs" ino=65115 scontext=u:r:platform_app:s0:c512,c768 tcontext=u:object_r:sysfs_zram:s0 tclass=dir permissive=0 app=com.miui.home
02-03 08:11:34.859 I/auditd  ( 4165): type=1400 audit(0.0:351): avc:  denied  { search } for  comm="re-initialized>" name="zram0" dev="sysfs" ino=65115 scontext=u:r:platform_app:s0:c512,c768 tcontext=u:object_r:sysfs_zram:s0 tclass=dir permissive=0 app=com.miui.home
02-03 08:11:34.863 I/am_proc_bound( 1885): [0,4152,.dataservices]
02-03 08:11:34.867 I/auditd  ( 4159): type=1400 audit(0.0:352): avc:  denied  { search } for  comm="re-initialized>" name="zram0" dev="sysfs" ino=65115 scontext=u:r:vendor_qcc_app:s0:c55,c257,c512,c768 tcontext=u:object_r:sysfs_zram:s0 tclass=dir permissive=0 app=com.qti.qcc
02-03 08:11:34.867 I/auditd  ( 4159): type=1400 audit(0.0:353): avc:  denied  { search } for  comm="re-initialized>" name="zram0" dev="sysfs" ino=65115 scontext=u:r:vendor_qcc_app:s0:c55,c257,c512,c768 tcontext=u:object_r:sysfs_zram:s0 tclass=dir permissive=0 app=com.qti.qcc
02-03 08:11:34.880 I/am_proc_bound( 1885): [0,4165,com.miui.home]
02-03 08:11:34.884 I/wm_restart_activity( 1885): [0,99534436,2,com.miui.home/.launcher.Launcher]
02-03 08:11:34.886 I/input_focus( 1885): displayId :0, focusApplication has changed to ActivityRecord{5eec664 u0 com.miui.home/.launcher.Launcher t2}
02-03 08:11:34.886 I/wm_set_resumed_activity( 1885): [0,com.miui.home/.launcher.Launcher,minimalResumeActivityLocked - onActivityStateChanged]
02-03 08:11:34.890 I/am_uid_active( 1885): 10226
02-03 08:11:34.899 I/am_proc_bound( 1885): [0,4159,com.qti.qcc]
02-03 08:11:34.902 I/am_uid_active( 1885): 10311
02-03 08:11:34.945 I/am_wtf  ( 1885): [0,0,system_server,-1,WindowManager,Requested window android.os.BinderProxy@172458c does not exist]
02-03 08:11:34.963 I/auditd  ( 3755): type=1400 audit(0.0:354): avc:  denied  { open } for  comm="iui.miwallpaper" path="/dev/__properties__/u:object_r:vendor_display_prop:s0" dev="tmpfs" ino=17403 scontext=u:r:platform_app:s0:c512,c768 tcontext=u:object_r:vendor_display_prop:s0 tclass=file permissive=0 app=com.miui.miwallpaper
02-03 08:11:35.000 I/bt_config_source( 4024): 1
02-03 08:11:35.001 I/bt_config_source( 4024): 1
02-03 08:11:35.027 I/commit_sys_config_file( 1885): [settings-1-0,14]
02-03 08:11:35.074 I/[1000004]( 4159): [-754446326,32821703,-1543660784,68682682,387061024,1129387274,1883332419,1667853424,1869182049,1951620974,7631457]
02-03 08:11:35.089 I/netstats_mobile_sample( 1885): [0,0,0,0,0,0,0,0,1770073895089]
02-03 08:11:35.089 I/netstats_wifi_sample( 1885): [0,0,0,0,0,0,0,0,1770073895089]
02-03 08:11:35.091 I/dvm_lock_sample( 1885): [system_server,1,NetworkPolicy.uid,531,NetworkStatsService.java,1805,void android.net.connectivity.com.android.server.net.NetworkStatsService.noteUidForeground(int, boolean),-,2339,void android.net.connectivity.com.android.server.net.NetworkStatsService.performPoll(int),2356]
02-03 08:11:35.092 I/auditd  (  744): avc:  denied  { find } for pid=4152 uid=1001 name=vendor.qti.data.factoryservice.IFactory/default scontext=u:r:vendor_dataservice_app:s0 tcontext=u:object_r:default_android_service:s0 tclass=service_manager permissive=0
02-03 08:11:35.109 I/service_manager_slow( 1885): [19,phone]
02-03 08:11:35.176 I/auditd  (  745): avc:  denied  { find } for interface=vendor.qti.sla.service::ISlaService sid=u:r:system_server:s0 pid=1885 scontext=u:r:system_server:s0 tcontext=u:object_r:hal_slaservice_hwservice:s0 tclass=hwservice_manager permissive=0
02-03 08:11:35.268 I/wm_on_application_create_called( 4159): [0,com.qti.qcc,209]
02-03 08:11:35.271 I/auditd  ( 4114): type=1400 audit(0.0:355): avc:  denied  { read } for  comm="ndroid.systemui" name="u:object_r:qemu_hw_prop:s0" dev="tmpfs" ino=17288 scontext=u:r:system_app:s0 tcontext=u:object_r:qemu_hw_prop:s0 tclass=file permissive=0
02-03 08:11:35.287 I/auditd  ( 4114): type=1400 audit(0.0:356): avc:  denied  { read } for  comm="ndroid.systemui" name="u:object_r:qemu_hw_prop:s0" dev="tmpfs" ino=17288 scontext=u:r:system_app:s0 tcontext=u:object_r:qemu_hw_prop:s0 tclass=file permissive=0
02-03 08:11:35.295 I/auditd  (  745): avc:  denied  { find } for interface=vendor.xiaomi.hidl.miwill::IMiwillService sid=u:r:system_server:s0 pid=1885 scontext=u:r:system_server:s0 tcontext=u:object_r:default_android_hwservice:s0 tclass=hwservice_manager permissive=0
02-03 08:11:35.309 I/auditd  (  745): avc:  denied  { find } for interface=vendor.qti.sla.service::ISlaService sid=u:r:system_server:s0 pid=1885 scontext=u:r:system_server:s0 tcontext=u:object_r:hal_slaservice_hwservice:s0 tclass=hwservice_manager permissive=0
02-03 08:11:35.317 I/auditd  (  745): avc:  denied  { find } for interface=vendor.xiaomi.hidl.minet::IMiNetService sid=u:r:system_server:s0 pid=1885 scontext=u:r:system_server:s0 tcontext=u:object_r:default_android_hwservice:s0 tclass=hwservice_manager permissive=0
02-03 08:11:35.321 I/am_uid_running( 1885): 10260
02-03 08:11:35.336 I/am_proc_start( 1885): [0,4443,10260,com.milink.service:provider,content provider,{com.milink.service/com.miui.circulate.world.permission.CirculateProvider}]
02-03 08:11:35.355 I/auditd  ( 4114): type=1400 audit(0.0:357): avc:  denied  { read } for  comm="wmshell.main" name="u:object_r:qemu_hw_prop:s0" dev="tmpfs" ino=17288 scontext=u:r:system_app:s0 tcontext=u:object_r:qemu_hw_prop:s0 tclass=file permissive=0
02-03 08:11:35.362 I/netstats_mobile_sample( 1885): [0,0,0,0,0,0,0,0,1770073895362]
02-03 08:11:35.362 I/netstats_wifi_sample( 1885): [0,0,0,0,0,0,0,0,1770073895362]
02-03 08:11:35.363 I/auditd  ( 4443): type=1400 audit(0.0:358): avc:  denied  { search } for  comm="re-initialized>" name="zram0" dev="sysfs" ino=65115 scontext=u:r:platform_app:s0:c512,c768 tcontext=u:object_r:sysfs_zram:s0 tclass=dir permissive=0 app=com.milink.service
02-03 08:11:35.363 I/auditd  ( 4443): type=1400 audit(0.0:359): avc:  denied  { search } for  comm="re-initialized>" name="zram0" dev="sysfs" ino=65115 scontext=u:r:platform_app:s0:c512,c768 tcontext=u:object_r:sysfs_zram:s0 tclass=dir permissive=0 app=com.milink.service
02-03 08:11:35.370 I/am_proc_bound( 1885): [0,4443,com.milink.service:provider]
02-03 08:11:35.373 I/am_uid_active( 1885): 10260
02-03 08:11:35.399 I/auditd  (  745): avc:  denied  { find } for interface=vendor.xiaomi.hidl.minet::IMiNetService sid=u:r:system_server:s0 pid=1885 scontext=u:r:system_server:s0 tcontext=u:object_r:default_android_hwservice:s0 tclass=hwservice_manager permissive=0
02-03 08:11:35.402 I/wm_task_created( 1885): 3
02-03 08:11:35.403 I/wm_task_windowing_mode_changed( 1885): [3,0,1]
02-03 08:11:35.407 I/wm_task_created( 1885): 4
02-03 08:11:35.407 I/wm_task_windowing_mode_changed( 1885): [4,0,1]
02-03 08:11:35.409 I/wm_task_windowing_mode_changed( 1885): [4,1,6]
02-03 08:11:35.414 I/auditd  (  745): avc:  denied  { find } for interface=vendor.xiaomi.hidl.minet::IMiNetService sid=u:r:system_server:s0 pid=1885 scontext=u:r:system_server:s0 tcontext=u:object_r:default_android_hwservice:s0 tclass=hwservice_manager permissive=0
02-03 08:11:35.415 I/wm_task_created( 1885): 5
02-03 08:11:35.416 I/wm_task_windowing_mode_changed( 1885): [5,0,1]
02-03 08:11:35.417 I/wm_task_windowing_mode_changed( 1885): [5,1,6]
02-03 08:11:35.426 I/commit_sys_config_file( 1885): [settings-0-0,34]
02-03 08:11:35.438 I/netstats_mobile_sample( 1885): [0,0,0,0,0,0,0,0,1770073895438]
02-03 08:11:35.438 I/netstats_wifi_sample( 1885): [0,0,0,0,0,0,0,0,1770073895438]
02-03 08:11:35.454 I/netstats_mobile_sample( 1885): [0,0,0,0,0,0,0,0,1770073895454]
