02-03 08:12:09.540 I/backup_transport_lifecycle( 1885): [com.google.android.gms/.backup.BackupTransportService,0]
02-03 08:12:09.540 I/backup_transport_connection( 1885): [com.google.android.gms/.backup.BackupTransportService,0]
02-03 08:12:09.548 I/backup_transport_lifecycle( 1885): [com.google.android.gms/.backup.BackupTransportService,1]
02-03 08:12:09.555 I/backup_transport_connection( 1885): [com.google.android.gms/.backup.BackupTransportService,1]
02-03 08:12:09.557 I/backup_transport_lifecycle( 1885): [com.google.android.gms/.backup.BackupTransportService,0]
02-03 08:12:09.557 I/backup_transport_connection( 1885): [com.google.android.gms/.backup.BackupTransportService,0]
02-03 08:12:09.564 I/backup_transport_lifecycle( 1885): [com.google.android.gms/.backup.BackupTransportService,1]
02-03 08:12:09.577 I/backup_transport_connection( 1885): [com.google.android.gms/.backup.BackupTransportService,1]
02-03 08:12:09.579 I/backup_transport_lifecycle( 1885): [com.google.android.gms/.backup.BackupTransportService,0]
02-03 08:12:09.579 I/backup_transport_connection( 1885): [com.google.android.gms/.backup.BackupTransportService,0]
02-03 08:12:09.584 I/backup_transport_lifecycle( 1885): [com.google.android.gms/.backup.BackupTransportService,1]
02-03 08:12:09.591 I/backup_transport_connection( 1885): [com.google.android.gms/.backup.BackupTransportService,1]
02-03 08:12:09.593 I/backup_transport_lifecycle( 1885): [com.google.android.gms/.backup.BackupTransportService,0]
02-03 08:12:09.593 I/backup_transport_connection( 1885): [com.google.android.gms/.backup.BackupTransportService,0]
02-03 08:12:09.594 I/netstats_mobile_sample( 1885): [0,0,0,0,0,0,0,0,1770073928936]
02-03 08:12:09.594 I/netstats_wifi_sample( 1885): [3726087,384107,3293,2122,2374166,384027,2417,2120,1770073928936]
02-03 08:12:09.598 I/backup_transport_lifecycle( 1885): [com.google.android.gms/.backup.BackupTransportService,1]
02-03 08:12:09.604 I/backup_transport_connection( 1885): [com.google.android.gms/.backup.BackupTransportService,1]
02-03 08:12:09.605 I/backup_transport_lifecycle( 1885): [com.google.android.gms/.backup.BackupTransportService,0]
02-03 08:12:09.605 I/backup_transport_connection( 1885): [com.google.android.gms/.backup.BackupTransportService,0]
02-03 08:12:09.611 I/backup_transport_lifecycle( 1885): [com.google.android.gms/.backup.BackupTransportService,1]
02-03 08:12:09.617 I/backup_transport_connection( 1885): [com.google.android.gms/.backup.BackupTransportService,1]
02-03 08:12:09.619 I/backup_transport_lifecycle( 1885): [com.google.android.gms/.backup.BackupTransportService,0]
02-03 08:12:09.619 I/backup_transport_connection( 1885): [com.google.android.gms/.backup.BackupTransportService,0]
02-03 08:12:09.624 I/backup_transport_lifecycle( 1885): [com.google.android.gms/.backup.BackupTransportService,1]
02-03 08:12:09.643 I/backup_transport_connection( 1885): [com.google.android.gms/.backup.BackupTransportService,1]
02-03 08:12:09.646 I/backup_transport_lifecycle( 1885): [com.google.android.gms/.backup.BackupTransportService,0]
02-03 08:12:09.646 I/backup_transport_connection( 1885): [com.google.android.gms/.backup.BackupTransportService,0]
02-03 08:12:09.650 I/backup_transport_lifecycle( 1885): [com.google.android.gms/.backup.BackupTransportService,1]
02-03 08:12:09.667 I/netstats_mobile_sample( 1885): [0,0,0,0,0,0,0,0,1770073929009]
02-03 08:12:09.667 I/netstats_wifi_sample( 1885): [3726087,384107,3293,2122,2374166,384027,2417,2120,1770073929009]
02-03 08:12:09.680 I/liblog  (10897): 373
02-03 08:12:09.680 I/liblog  (10897): 4
02-03 08:12:09.680 I/liblog  (10897): 5
02-03 08:12:09.680 I/liblog  (10897): 3
02-03 08:12:09.680 I/liblog  (10897): 3
02-03 08:12:09.680 I/liblog  (10897): 3
02-03 08:12:09.680 I/liblog  (10897): 6
02-03 08:12:09.680 I/liblog  (10897): 3
02-03 08:12:09.680 I/liblog  (10897): 3
02-03 08:12:09.680 I/liblog  (10897): 3
02-03 08:12:09.680 I/liblog  (10897): 3
02-03 08:12:09.680 I/liblog  (10897): 3
02-03 08:12:09.680 I/liblog  (10897): 3
02-03 08:12:09.680 I/liblog  (10897): 3
02-03 08:12:09.680 I/liblog  (10897): 2
02-03 08:12:09.680 I/liblog  (10897): 8
02-03 08:12:09.680 I/liblog  (10897): 4
02-03 08:12:09.680 I/liblog  (10897): 3
02-03 08:12:09.680 I/liblog  (10897): 3
02-03 08:12:09.680 I/liblog  (10897): 3
02-03 08:12:09.680 I/liblog  (10897): 3
02-03 08:12:09.680 I/liblog  (10897): 4
02-03 08:12:09.680 I/liblog  (10897): 12
02-03 08:12:09.680 I/liblog  (10897): 3
02-03 08:12:09.680 I/liblog  (10897): 5
02-03 08:12:09.680 I/liblog  (10897): 3
02-03 08:12:09.680 I/liblog  (10897): 3
02-03 08:12:09.680 I/liblog  (10897): 8
02-03 08:12:09.680 I/liblog  (10897): 5
02-03 08:12:09.680 I/liblog  (10897): 3
02-03 08:12:09.680 I/liblog  (10897): 3
02-03 08:12:09.680 I/liblog  (10897): 3
02-03 08:12:09.680 I/liblog  (10897): 3
02-03 08:12:09.680 I/liblog  (10897): 3
02-03 08:12:09.680 I/liblog  (10897): 3
02-03 08:12:09.680 I/liblog  (10897): 3
02-03 08:12:09.680 I/liblog  (10897): 7
02-03 08:12:09.680 I/liblog  (10897): 3
02-03 08:12:09.680 I/liblog  (10897): 3
02-03 08:12:09.680 I/liblog  (10897): 3
02-03 08:12:09.680 I/liblog  (10897): 4
02-03 08:12:09.680 I/liblog  (10897): 3
02-03 08:12:09.680 I/liblog  (10897): 3
02-03 08:12:09.680 I/liblog  (10897): 3
02-03 08:12:09.680 I/liblog  (10897): 3
02-03 08:12:09.680 I/liblog  (10897): 8
02-03 08:12:09.680 I/liblog  (10897): 3
02-03 08:12:09.680 I/liblog  (10897): 8
02-03 08:12:09.680 I/liblog  (10897): 3
02-03 08:12:09.680 I/liblog  (10897): 3
02-03 08:12:09.680 I/liblog  (10897): 3
02-03 08:12:09.680 I/liblog  (10897): 3
02-03 08:12:09.680 I/liblog  (10897): 3
02-03 08:12:09.680 I/liblog  (10897): 10
02-03 08:12:09.680 I/liblog  (10897): 4
02-03 08:12:09.680 I/liblog  (10897): 3
02-03 08:12:09.680 I/liblog  (10897): 3
02-03 08:12:09.680 I/liblog  (10897): 3
02-03 08:12:09.680 I/liblog  (10897): 3
02-03 08:12:09.680 I/liblog  (10897): 3
02-03 08:12:09.680 I/liblog  (10897): 3
02-03 08:12:09.680 I/liblog  (10897): 3
02-03 08:12:09.680 I/liblog  (10897): 3
02-03 08:12:09.680 I/liblog  (10897): 3
02-03 08:12:09.680 I/liblog  (10897): 2
02-03 08:12:09.680 I/liblog  (10897): 4
02-03 08:12:09.680 I/liblog  (10897): 3
02-03 08:12:09.680 I/liblog  (10897): 3
02-03 08:12:09.680 I/liblog  (10897): 9
02-03 08:12:09.680 I/liblog  (10897): 5
02-03 08:12:09.681 I/liblog  (10897): 5
02-03 08:12:09.681 I/liblog  (10897): 3
02-03 08:12:09.681 I/liblog  (10897): 3
02-03 08:12:09.681 I/liblog  (10897): 3
02-03 08:12:09.681 I/liblog  (10897): 3
02-03 08:12:09.681 I/liblog  (10897): 3
02-03 08:12:09.681 I/liblog  (10897): 3
02-03 08:12:09.681 I/liblog  (10897): 5
02-03 08:12:09.681 I/liblog  (10897): 3
02-03 08:12:09.681 I/liblog  (10897): 3
02-03 08:12:09.681 I/liblog  (10897): 3
02-03 08:12:09.681 I/liblog  (10897): 4
02-03 08:12:09.681 I/liblog  (10897): 3
02-03 08:12:09.681 I/liblog  (10897): 3
02-03 08:12:09.681 I/liblog  (10897): 3
02-03 08:12:09.681 I/liblog  (10897): 3
02-03 08:12:09.681 I/liblog  (10897): 4
02-03 08:12:09.681 I/liblog  (10897): 3
02-03 08:12:09.681 I/liblog  (10897): 3
02-03 08:12:09.681 I/liblog  (10897): 3
02-03 08:12:09.681 I/liblog  (10897): 3
02-03 08:12:09.681 I/liblog  (10897): 7
02-03 08:12:09.681 I/liblog  (10897): 8
02-03 08:12:09.681 I/liblog  (10897): 3
02-03 08:12:09.681 I/liblog  (10897): 3
02-03 08:12:09.681 I/liblog  (10897): 6
02-03 08:12:09.681 I/liblog  (10897): 3
02-03 08:12:09.681 I/liblog  (10897): 3
02-03 08:12:09.681 I/liblog  (10897): 4
02-03 08:12:09.681 I/liblog  (10897): 3
02-03 08:12:09.681 I/liblog  (10897): 3
02-03 08:12:09.681 I/liblog  (10897): 3
02-03 08:12:09.681 I/liblog  (10897): 3
02-03 08:12:09.681 I/liblog  (10897): 3
02-03 08:12:09.681 I/liblog  (10897): 3
02-03 08:12:09.681 I/liblog  (10897): 3
02-03 08:12:09.681 I/liblog  (10897): 3
02-03 08:12:09.681 I/liblog  (10897): 3
02-03 08:12:09.681 I/liblog  (10897): 3
02-03 08:12:09.681 I/liblog  (10897): 3
02-03 08:12:09.681 I/liblog  (10897): 3
02-03 08:12:09.681 I/liblog  (10897): 5
02-03 08:12:09.681 I/liblog  (10897): 3
02-03 08:12:09.681 I/liblog  (10897): 3
02-03 08:12:09.681 I/liblog  (10897): 3
02-03 08:12:09.681 I/liblog  (10897): 3
02-03 08:12:09.681 I/liblog  (10897): 3
02-03 08:12:09.681 I/liblog  (10897): 3
02-03 08:12:09.681 I/liblog  (10897): 3
02-03 08:12:09.681 I/liblog  (10897): 3
02-03 08:12:09.681 I/liblog  (10897): 3
02-03 08:12:09.681 I/liblog  (10897): 2
02-03 08:12:09.681 I/liblog  (10897): 3
02-03 08:12:09.681 I/liblog  (10897): 3
02-03 08:12:09.682 I/backup_transport_connection( 1885): [com.google.android.gms/.backup.BackupTransportService,1]
02-03 08:12:09.681 I/liblog  (10897): 2
02-03 08:12:09.683 I/backup_transport_lifecycle( 1885): [com.google.android.gms/.backup.BackupTransportService,0]
02-03 08:12:09.683 I/backup_transport_connection( 1885): [com.google.android.gms/.backup.BackupTransportService,0]
02-03 08:12:09.696 I/backup_transport_lifecycle( 1885): [com.google.android.gms/.backup.BackupTransportService,1]
02-03 08:12:09.702 I/backup_transport_connection( 1885): [com.google.android.gms/.backup.BackupTransportService,1]
02-03 08:12:09.703 I/backup_transport_lifecycle( 1885): [com.google.android.gms/.backup.BackupTransportService,0]
02-03 08:12:09.703 I/backup_transport_connection( 1885): [com.google.android.gms/.backup.BackupTransportService,0]
02-03 08:12:09.712 I/backup_transport_lifecycle( 1885): [com.google.android.gms/.backup.BackupTransportService,1]
02-03 08:12:09.719 I/backup_transport_connection( 1885): [com.google.android.gms/.backup.BackupTransportService,1]
02-03 08:12:09.723 I/backup_transport_lifecycle( 1885): [com.google.android.gms/.backup.BackupTransportService,0]
02-03 08:12:09.723 I/backup_transport_connection( 1885): [com.google.android.gms/.backup.BackupTransportService,0]
02-03 08:12:09.729 I/backup_transport_lifecycle( 1885): [com.google.android.gms/.backup.BackupTransportService,1]
02-03 08:12:09.736 I/am_pss  ( 1885): [9658,10203,android.process.mediaUI,14558208,12353536,35840,125911040,0,4,6]
02-03 08:12:09.742 I/backup_transport_connection( 1885): [com.google.android.gms/.backup.BackupTransportService,1]
02-03 08:12:09.744 I/am_pss  ( 1885): [6878,10170,android.process.media,19182592,17903616,34816,131948544,0,4,6]
02-03 08:12:09.746 I/backup_transport_lifecycle( 1885): [com.google.android.gms/.backup.BackupTransportService,0]
02-03 08:12:09.746 I/backup_transport_connection( 1885): [com.google.android.gms/.backup.BackupTransportService,0]
02-03 08:12:09.759 I/backup_transport_lifecycle( 1885): [com.google.android.gms/.backup.BackupTransportService,1]
02-03 08:12:09.763 I/backup_transport_connection( 1885): [com.google.android.gms/.backup.BackupTransportService,1]
02-03 08:12:09.764 I/backup_transport_lifecycle( 1885): [com.google.android.gms/.backup.BackupTransportService,0]
02-03 08:12:09.764 I/backup_transport_connection( 1885): [com.google.android.gms/.backup.BackupTransportService,0]
02-03 08:12:10.590 I/am_pss  ( 1885): [9379,1000,com.xiaomi.mi_connect_service,43992064,32575488,34816,170250240,0,4,9]
02-03 08:12:10.698 I/input_interaction( 1885): Interaction with: e578a3f com.socialnmobile.dictapps.notepad.color.note/com.socialnmobile.colornote.activity.NoteEditor (server), {touchableRegion=[0,0][1080,2400], inputConfig=0x0}, [Gesture Monitor] miui-gesture (server), PointerEventDispatcher0 (server), 
02-03 08:12:11.131 I/auditd  ( 8774): type=1400 audit(0.0:887): avc:  denied  { read } for  comm="epad.color.note" name="u:object_r:vendor_display_prop:s0" dev="tmpfs" ino=17403 scontext=u:r:untrusted_app:s0:c118,c257,c512,c768 tcontext=u:object_r:vendor_display_prop:s0 tclass=file permissive=0 app=com.socialnmobile.dictapps.notepad.color.note
02-03 08:12:11.394 I/commit_sys_config_file( 1885): [jobs,6]
02-03 08:12:11.402 I/commit_sys_config_file( 1885): [package-user-0,47]
02-03 08:12:11.836 I/input_interaction( 1885): Interaction with: 68e187 PopupWindow:3eb (server), {touchableRegion=[569,1368][690,1478], inputConfig=NOT_FOCUSABLE}, [Gesture Monitor] miui-gesture (server), PointerEventDispatcher0 (server), 
02-03 08:12:11.839 I/auditd  ( 8774): type=1400 audit(0.0:888): avc:  denied  { read } for  comm="epad.color.note" name="u:object_r:vendor_display_prop:s0" dev="tmpfs" ino=17403 scontext=u:r:untrusted_app:s0:c118,c257,c512,c768 tcontext=u:object_r:vendor_display_prop:s0 tclass=file permissive=0 app=com.socialnmobile.dictapps.notepad.color.note
02-03 08:12:12.032 I/am_pss  ( 1885): [7298,10290,com.lbe.security.miui,14859264,13631488,34816,126537728,0,8,6]
02-03 08:12:12.039 I/am_pss  ( 1885): [7038,10209,com.xiaomi.aicr:cognitionService,12857344,11255808,34816,124006400,0,4,6]
02-03 08:12:12.055 I/am_pss  ( 1885): [7219,1027,com.miui.tsmclient,10848256,9322496,34816,121651200,0,19,7]
02-03 08:12:12.258 I/commit_sys_config_file( 1885): [package,196]
02-03 08:12:12.263 I/commit_sys_config_file( 1885): [package-user-0,5]
02-03 08:12:12.391 I/am_pss  ( 1885): [4185,10324,com.google.android.ext.services,37091328,28278784,34816,162643968,0,5,10]
02-03 08:12:12.398 I/am_pss  ( 1885): [5016,1001,com.xiaomi.registration,6600704,5439488,36864,114483200,0,10,6]
02-03 08:12:12.405 I/am_pss  ( 1885): [7846,10169,com.android.externalstorage,5147648,4165632,36864,108285952,0,19,6]
02-03 08:12:12.411 I/am_pss  ( 1885): [7764,10309,com.qualcomm.qti.poweroffalarm,5372928,4399104,36864,108421120,0,19,6]
02-03 08:12:12.419 I/am_pss  ( 1885): [4737,1000,com.xiaomi.mirror,8768512,7573504,35840,116617216,0,5,7]
02-03 08:12:12.425 I/am_pss  ( 1885): [6717,10182,com.mobiletools.systemhelper,5591040,4521984,36864,111185920,0,19,5]
02-03 08:12:12.432 I/am_pss  ( 1885): [6310,1000,com.android.keychain,5349376,4349952,36864,108662784,0,19,6]
02-03 08:12:12.440 I/am_pss  ( 1885): [3755,10269,com.miui.miwallpaper,24188928,21782528,55296,149135360,0,5,6]
02-03 08:12:12.446 I/am_pss  ( 1885): [4953,10307,com.qualcomm.qtil.btdsda,5302272,4202496,37888,110501888,0,10,5]
02-03 08:12:12.454 I/am_pss  ( 1885): [4622,10314,com.android.smspush,4948992,3981312,38912,106811392,0,6,6]
02-03 08:12:12.462 I/am_pss  ( 1885): [7808,1000,com.xiaomi.joyose,13723648,12419072,35840,126332928,0,10,7]
02-03 08:12:12.468 I/am_pss  ( 1885): [7948,10193,com.android.traceur,6600704,5632000,35840,109862912,0,19,6]
02-03 08:12:12.727 I/auditd  ( 8774): type=1400 audit(0.0:889): avc:  denied  { read } for  comm="epad.color.note" name="u:object_r:vendor_display_prop:s0" dev="tmpfs" ino=17403 scontext=u:r:untrusted_app:s0:c118,c257,c512,c768 tcontext=u:object_r:vendor_display_prop:s0 tclass=file permissive=0 app=com.socialnmobile.dictapps.notepad.color.note
02-03 08:12:12.739 I/am_pss  ( 1885): [7136,1000,com.miui.powerkeeper,37042176,35082240,34816,158785536,0,5,7]
02-03 08:12:12.975 I/input_interaction( 1885): Interaction with: e578a3f com.socialnmobile.dictapps.notepad.color.note/com.socialnmobile.colornote.activity.NoteEditor (server), {touchableRegion=[0,0][1080,2400], inputConfig=0x0}, [Gesture Monitor] miui-gesture (server), PointerEventDispatcher0 (server), 
02-03 08:12:13.050 I/battery_level( 1885): [12,4218,250]
02-03 08:12:13.435 I/commit_sys_config_file( 1885): [appops_accesses,41]
02-03 08:12:13.867 I/am_pss  ( 1885): [5850,10310,com.android.printspooler,5728256,4685824,36864,111513600,0,19,8]
02-03 08:12:13.875 I/am_pss  ( 1885): [8173,1000,com.android.dynsystem,5022720,4014080,36864,108089344,0,19,6]
02-03 08:12:13.882 I/am_pss  ( 1885): [5295,10287,com.android.carrierconfig,8339456,7237632,39936,113471488,0,19,6]
02-03 08:12:14.040 I/am_pss  ( 1885): [8204,10175,com.android.managedprovisioning,6479872,5505024,36864,109297664,0,19,9]
02-03 08:12:14.138 I/sysui_multi_action( 8774): [757,629,758,4,759,1]
02-03 08:12:14.335 I/am_pss  ( 1885): [8366,2000,com.android.shell,5297152,4333568,36864,107900928,0,19,6]
02-03 08:12:14.342 I/am_pss  ( 1885): [8244,1000,com.android.dynsystem:dynsystem,5096448,4050944,36864,108498944,0,19,5]
02-03 08:12:14.565 I/am_pss  ( 1885): [6851,10274,com.xiaomi.simactivate.service,8358912,7237632,35840,116813824,0,19,8]
02-03 08:12:14.574 I/am_pss  ( 1885): [8417,10180,com.android.statementservice,9024512,7987200,35840,115847168,0,19,7]
02-03 08:12:14.672 I/liblog  (10961): 700
02-03 08:12:14.672 I/liblog  (10961): 34
02-03 08:12:14.672 I/liblog  (10961): 5
02-03 08:12:14.672 I/liblog  (10961): 3
02-03 08:12:14.691 I/auditd  ( 8774): type=1400 audit(0.0:890): avc:  denied  { read } for  comm="epad.color.note" name="u:object_r:vendor_display_prop:s0" dev="tmpfs" ino=17403 scontext=u:r:untrusted_app:s0:c118,c257,c512,c768 tcontext=u:object_r:vendor_display_prop:s0 tclass=file permissive=0 app=com.socialnmobile.dictapps.notepad.color.note
02-03 08:12:14.703 I/auditd  ( 8774): type=1400 audit(0.0:891): avc:  denied  { read } for  comm="epad.color.note" name="u:object_r:vendor_display_prop:s0" dev="tmpfs" ino=17403 scontext=u:r:untrusted_app:s0:c118,c257,c512,c768 tcontext=u:object_r:vendor_display_prop:s0 tclass=file permissive=0 app=com.socialnmobile.dictapps.notepad.color.note
02-03 08:12:14.751 I/auditd  ( 8774): type=1400 audit(0.0:892): avc:  denied  { read } for  comm="epad.color.note" name="u:object_r:vendor_display_prop:s0" dev="tmpfs" ino=17403 scontext=u:r:untrusted_app:s0:c118,c257,c512,c768 tcontext=u:object_r:vendor_display_prop:s0 tclass=file permissive=0 app=com.socialnmobile.dictapps.notepad.color.note
02-03 08:12:14.786 I/am_pss  ( 1885): [8480,10202,com.google.android.configupdater,6619136,5595136,36864,111886336,0,19,6]
02-03 08:12:15.496 I/am_pss  ( 1885): [8449,10279,com.xiaomi.ab,6681600,5664768,36864,112009216,0,19,19]
02-03 08:12:15.811 I/am_pss  ( 1885): [4905,10214,com.google.android.gms.persistent,123052032,78536704,34816,309690368,0,3,18]
02-03 08:12:15.830 I/am_pss  ( 1885): [5690,10214,com.google.android.gms,165126144,115941376,34816,363147264,0,3,17]
02-03 08:12:16.303 I/am_pss  ( 1885): [6473,10343,com.mfashiongallery.emag,11082752,9953280,35840,120434688,0,19,10]
02-03 08:12:16.425 I/am_pss  ( 1885): [8774,10374,com.socialnmobile.dictapps.notepad.color.note,135625728,128917504,33792,285298688,0,2,17]
02-03 08:12:17.037 I/am_pss  ( 1885): [6443,10210,com.android.calendar,10860544,9719808,35840,120332288,0,19,14]
02-03 08:12:17.048 I/am_pss  ( 1885): [8590,1000,com.xiaomi.misettings,16701440,15331328,35840,127062016,0,19,10]
02-03 08:12:17.057 I/am_pss  ( 1885): [6923,10245,com.miui.guardprovider,8025088,6942720,35840,116113408,0,19,7]
02-03 08:12:17.630 I/am_pss  ( 1885): [4165,10226,com.miui.home,156204032,146685952,33792,311701504,0,5,15]
02-03 08:12:17.638 I/am_pss  ( 1885): [5785,10232,com.miui.analytics,13754368,12500992,34816,125403136,0,4,7]
02-03 08:12:17.648 I/am_pss  ( 1885): [6409,1000,com.miui.securitycenter.remote,51945472,45682688,34816,178921472,0,4,9]
02-03 08:12:17.655 I/am_pss  ( 1885): [7363,10216,com.miui.packageinstaller,13602816,12242944,34816,125259776,0,19,6]
02-03 08:12:17.665 I/am_pss  ( 1885): [9221,10270,com.miui.voiceassist,65461248,59551744,36864,190754816,0,19,9]
02-03 08:12:17.957 I/am_pss  ( 1885): [9318,10250,com.xiaomi.market:guard,49634304,42221568,34816,168103936,0,19,14]
02-03 08:12:18.298 I/am_pss  ( 1885): [6012,1000,com.miui.daemon,19400704,18046976,34816,132616192,0,0,16]
02-03 08:12:18.429 I/input_interaction( 1885): Interaction with: 1c1f63 NavigationBar0 (server), {touchableRegion=[0,2270][1080,2400], inputConfig=NOT_FOCUSABLE | TRUSTED_OVERLAY | WATCH_OUTSIDE_TOUCH | SLIPPERY}, [Gesture Monitor] miui-gesture (server), PointerEventDispatcher0 (server), 
02-03 08:12:18.440 I/sysui_multi_action( 4114): [757,931,758,4,759,3,932,0,933,0]
02-03 08:12:18.500 I/sysui_multi_action( 4114): [757,931,758,4,759,3,932,0,933,1]
02-03 08:12:18.522 I/wm_task_moved( 1885): [1,1,0,1,3]
02-03 08:12:18.522 I/wm_task_moved( 1885): [2,1,0,1,2147483647]
02-03 08:12:18.522 I/wm_task_to_front( 1885): [0,2,0]
02-03 08:12:18.522 I/wm_on_top_resumed_lost_called( 8774): [87185482,com.socialnmobile.colornote.activity.NoteEditor,topStateChangedWhenResumed]
02-03 08:12:18.522 I/wm_focused_root_task( 1885): [0,0,1,124,bringingFoundTaskToFront]
02-03 08:12:18.523 I/input_focus( 1885): displayId :0, focusApplication has changed to ActivityRecord{5eec664 u0 com.miui.home/.launcher.Launcher t2}
02-03 08:12:18.524 I/wm_set_resumed_activity( 1885): [0,com.miui.home/.launcher.Launcher,bringingFoundTaskToFront]
02-03 08:12:18.525 I/wm_new_intent( 1885): [0,99534436,2,com.miui.home/.launcher.Launcher,android.intent.action.MAIN,NULL,NULL,268435712]
02-03 08:12:18.527 I/wm_pause_activity( 1885): [0,87185482,com.socialnmobile.dictapps.notepad.color.note/com.socialnmobile.colornote.activity.NoteEditor,userLeaving=true,pauseBackTasks]
02-03 08:12:18.530 I/wm_add_to_stopping( 1885): [0,87185482,com.socialnmobile.dictapps.notepad.color.note/com.socialnmobile.colornote.activity.NoteEditor,makeInvisible]
02-03 08:12:18.530 I/sysui_multi_action( 1885): [757,803,799,window_time_0,802,20]
02-03 08:12:18.533 I/wm_set_resumed_activity( 1885): [0,com.miui.home/.launcher.Launcher,resumeTopActivity - onActivityStateChanged]
02-03 08:12:18.534 I/wm_resume_activity( 1885): [0,99534436,2,com.miui.home/.launcher.Launcher]
02-03 08:12:18.535 I/wm_on_restart_called( 4165): [0,99534436,com.miui.home.launcher.Launcher,,0]
02-03 08:12:18.537 I/wm_on_start_called( 4165): [0,99534436,com.miui.home.launcher.Launcher,handleStartActivity,1]
02-03 08:12:18.541 I/wm_on_resume_called( 4165): [0,99534436,com.miui.home.launcher.Launcher,RESUME_ACTIVITY,3]
02-03 08:12:18.544 I/input_focus( 1885): [Requesting to set focus to null window,reason=UpdateInputWindows]
02-03 08:12:18.552 I/input_focus( 1468): sf.setTransactionState transactionId:8096013353936 focusRequests:<null>
02-03 08:12:18.555 I/auditd  ( 6286): type=1400 audit(0.0:893): avc:  denied  { read } for  comm="rsonalassistant" name="u:object_r:vendor_display_prop:s0" dev="tmpfs" ino=17403 scontext=u:r:untrusted_app:s0:c512,c768 tcontext=u:object_r:vendor_display_prop:s0 tclass=file permissive=0 app=com.miui.personalassistant
02-03 08:12:18.560 I/input_focus( 1468): sf.updateInputFlinger focusRequest:<null>
02-03 08:12:18.561 I/input_focus( 1885): [Focus leaving e578a3f com.socialnmobile.dictapps.notepad.color.note/com.socialnmobile.colornote.activity.NoteEditor (server),reason=NO_WINDOW]
02-03 08:12:18.562 I/input_focus( 1885): [Focus receive :<null>,reason=setFocusedWindow]
02-03 08:12:18.565 I/am_pss  ( 1885): [6179,10268,com.xiaomi.xmsfkeeper,5117952,4157440,36864,107651072,0,0,6]
02-03 08:12:18.571 I/wm_wallpaper_surface( 1885): [0,1,Window{e65c05f u0 com.miui.home/com.miui.home.launcher.Launcher}]
02-03 08:12:18.571 I/wm_wallpaper_surface( 1885): [0,1,Window{e65c05f u0 com.miui.home/com.miui.home.launcher.Launcher}]
02-03 08:12:18.571 I/auditd  ( 4165): type=1400 audit(0.0:894): avc:  denied  { open } for  comm="com.miui.home" path="/dev/__properties__/u:object_r:vendor_display_prop:s0" dev="tmpfs" ino=17403 scontext=u:r:platform_app:s0:c512,c768 tcontext=u:object_r:vendor_display_prop:s0 tclass=file permissive=0 app=com.miui.home
02-03 08:12:18.575 I/input_focus( 1885): [Focus request e65c05f com.miui.home/com.miui.home.launcher.Launcher,reason=UpdateInputWindows]
02-03 08:12:18.577 I/input_focus( 1468): sf.setTransactionState transactionId:8096013353942 focusRequests:e65c05f com.miui.home/com.miui.home.launcher.Launcher
02-03 08:12:18.579 I/input_focus( 1885): [At display :0,Ignore setInputWindows Focus :e578a3f com.socialnmobile.dictapps.notepad.color.note/com.socialnmobile.colornote.activity.NoteEditor,reason = NO_WINDOW]
02-03 08:12:18.586 I/wm_on_paused_called( 8774): [0,87185482,com.socialnmobile.colornote.activity.NoteEditor,performPause,41]
02-03 08:12:18.595 I/input_focus( 1468): sf.updateInputFlinger focusRequest:e65c05f com.miui.home/com.miui.home.launcher.Launcher
02-03 08:12:18.599 I/input_focus( 1885): [Focus receive :e65c05f com.miui.home/com.miui.home.launcher.Launcher,reason=setFocusedWindow]
02-03 08:12:18.599 I/input_focus( 1885): [At display :0,Ignore setFocusedWindow :e65c05f com.miui.home/com.miui.home.launcher.Launcher,Reason = NOT_VISIBLE]
02-03 08:12:18.612 I/input_focus( 1885): [At display :0,Ignore setInputWindows Focus :e65c05f com.miui.home/com.miui.home.launcher.Launcher,reason = NOT_VISIBLE]
02-03 08:12:18.617 I/wm_on_top_resumed_gained_called( 4165): [99534436,com.miui.home.launcher.Launcher,topStateChangedWhenResumed]
02-03 08:12:18.617 I/am_pss  ( 1885): [5971,10326,com.android.providers.media.module,64546816,62951424,34816,177131520,0,0,13]
02-03 08:12:18.628 I/wm_on_idle_called( 4165): com.miui.home.launcher.Launcher
02-03 08:12:18.629 I/am_pss  ( 1885): [6243,10300,com.qualcomm.location,6718464,5484544,35840,115355648,0,0,7]
02-03 08:12:18.638 I/am_pss  ( 1885): [6216,10198,com.tencent.soter.soterserver,4820992,3866624,37888,106553344,0,0,8]
02-03 08:12:18.646 I/am_pss  ( 1885): [6228,10197,org.mipay.android.manager,4805632,3850240,37888,106536960,0,0,7]
02-03 08:12:18.656 I/am_pss  ( 1885): [6207,10317,com.qualcomm.qti.workloadclassifier,6606848,5177344,36864,110133248,0,0,6]
02-03 08:12:18.663 I/am_pss  ( 1885): [6168,10194,org.ifaa.aidl.manager,4820992,3862528,36864,106803200,0,0,6]
02-03 08:12:18.669 I/am_pss  ( 1885): [6092,1000,com.xiaomi.touchservice,5352448,4354048,36864,109858816,0,0,5]
02-03 08:12:18.676 I/am_pss  ( 1885): [6106,10301,com.qualcomm.qti.services.systemhelper:systemhelper_service,5343232,4337664,36864,109166592,0,0,6]
02-03 08:12:18.682 I/am_pss  ( 1885): [6101,10162,system,4931584,3944448,36864,107687936,0,0,5]
02-03 08:12:18.689 I/am_pss  ( 1885): [6044,1027,com.android.nfc,17685504,14589952,35840,134402048,0,0,7]
02-03 08:12:18.760 I/am_pss  ( 1885): [6251,1000,com.miui.face,9247744,8069120,36864,116051968,0,0,6]
02-03 08:12:18.763 I/sysui_multi_action( 1885): [319,232,322,107,325,59,757,761,758,9,759,2,806,com.miui.home,871,com.miui.home.launcher.Launcher,905,0,1320,4,1321,23]
02-03 08:12:18.776 I/input_focus( 1885): [At display :0,Focus update :e65c05f com.miui.home/com.miui.home.launcher.Launcher,reason=setInputWindows]
02-03 08:12:18.776 I/input_focus( 1885): [Focus entering e65c05f com.miui.home/com.miui.home.launcher.Launcher (server),reason=Window became focusable. Previous reason: NOT_VISIBLE]
02-03 08:12:18.775 I/auditd  ( 1354): type=1400 audit(0.0:895): avc:  denied  { search } for  comm="perf@2.2-servic" name="1885" dev="proc" ino=33332 scontext=u:r:vendor_hal_perf_default:s0 tcontext=u:r:system_server:s0 tclass=dir permissive=0
02-03 08:12:18.775 I/auditd  ( 1354): type=1400 audit(0.0:896): avc:  denied  { search } for  comm="perf@2.2-servic" name="1885" dev="proc" ino=33332 scontext=u:r:vendor_hal_perf_default:s0 tcontext=u:r:system_server:s0 tclass=dir permissive=0
02-03 08:12:18.783 I/auditd  ( 4165): type=1400 audit(0.0:897): avc:  denied  { open } for  comm="FloatingIconThr" path="/dev/__properties__/u:object_r:vendor_display_prop:s0" dev="tmpfs" ino=17403 scontext=u:r:platform_app:s0:c512,c768 tcontext=u:object_r:vendor_display_prop:s0 tclass=file permissive=0 app=com.miui.home
02-03 08:12:18.825 I/input_focus( 1885): [Focus leaving e65c05f com.miui.home/com.miui.home.launcher.Launcher (server),reason=NOT_VISIBLE]
02-03 08:12:18.843 I/input_focus( 1885): [At display :0,Focus update :e65c05f com.miui.home/com.miui.home.launcher.Launcher,reason=setInputWindows]
02-03 08:12:18.843 I/input_focus( 1885): [Focus entering e65c05f com.miui.home/com.miui.home.launcher.Launcher (server),reason=Window became focusable. Previous reason: NOT_VISIBLE]
02-03 08:12:19.005 I/input_interaction( 1885): Interaction with: e65c05f com.miui.home/com.miui.home.launcher.Launcher (server), {touchableRegion=[6,13][1074,2387], inputConfig=DUPLICATE_TOUCH_TO_WALLPAPER}, d1e6af7 com.miui.miwallpaper.wallpaperservice.MiuiKeyguardPictorialWallpaper (server), [Gesture Monitor] miui-gesture (server), PointerEventDispatcher0 (server), 
02-03 08:12:19.214 I/wm_stop_activity( 1885): [0,87185482,com.socialnmobile.dictapps.notepad.color.note/com.socialnmobile.colornote.activity.NoteEditor]
02-03 08:12:19.217 I/wm_on_stop_called( 8774): [0,87185482,com.socialnmobile.colornote.activity.NoteEditor,STOP_ACTIVITY_ITEM,1]
02-03 08:12:19.235 I/am_pss  ( 1885): [9016,10250,com.xiaomi.market,86416384,77049856,34816,214028288,0,4,10]
02-03 08:12:19.243 I/am_pss  ( 1885): [8889,10240,com.miui.hybrid,21698560,19722240,36864,134811648,0,4,7]
02-03 08:12:19.251 I/am_pss  ( 1885): [7350,10282,com.xiaomi.xmsf:services,11421696,8445952,35840,124227584,0,4,6]
02-03 08:12:19.259 I/am_pss  ( 1885): [9281,1000,com.xiaomi.location.fused,8007680,6836224,36864,117956608,0,10,7]
02-03 08:12:19.265 I/am_pss  ( 1885): [8018,1000,com.xiaomi.aiasst.vision:state,15769600,14696448,36864,122806272,0,19,5]
02-03 08:12:19.641 I/liblog  (11039): 1
02-03 08:12:19.641 I/liblog  (11039): 2
02-03 08:12:19.641 I/liblog  (11039): 4
02-03 08:12:19.641 I/liblog  (11039): 3
02-03 08:12:19.641 I/liblog  (11039): 3
02-03 08:12:19.641 I/liblog  (11039): 3
02-03 08:12:19.641 I/liblog  (11039): 2
02-03 08:12:19.641 I/liblog  (11039): 3
02-03 08:12:19.641 I/liblog  (11039): 4
02-03 08:12:19.641 I/liblog  (11039): 5
02-03 08:12:19.641 I/liblog  (11039): 4
02-03 08:12:19.641 I/liblog  (11039): 4
02-03 08:12:19.641 I/liblog  (11039): 5
02-03 08:12:19.641 I/liblog  (11039): 2
02-03 08:12:19.641 I/liblog  (11039): 4
02-03 08:12:19.641 I/liblog  (11039): 4
02-03 08:12:19.641 I/liblog  (11039): 2
02-03 08:12:19.641 I/liblog  (11039): 2
02-03 08:12:19.641 I/liblog  (11039): 2
02-03 08:12:19.641 I/liblog  (11039): 3
02-03 08:12:19.641 I/liblog  (11039): 3
02-03 08:12:19.641 I/liblog  (11039): 3
02-03 08:12:19.641 I/liblog  (11039): 2
02-03 08:12:19.641 I/liblog  (11039): 2
02-03 08:12:19.641 I/liblog  (11039): 3
02-03 08:12:19.641 I/liblog  (11039): 2
02-03 08:12:19.641 I/liblog  (11039): 4
02-03 08:12:19.641 I/liblog  (11039): 3
02-03 08:12:19.641 I/liblog  (11039): 2
02-03 08:12:19.641 I/liblog  (11039): 3
02-03 08:12:19.642 I/liblog  (11039): 3
02-03 08:12:19.642 I/liblog  (11039): 2
02-03 08:12:19.642 I/liblog  (11039): 13
02-03 08:12:19.642 I/liblog  (11039): 3
02-03 08:12:19.642 I/liblog  (11039): 2
02-03 08:12:19.642 I/liblog  (11039): 4
02-03 08:12:19.642 I/liblog  (11039): 2
02-03 08:12:19.642 I/liblog  (11039): 2
02-03 08:12:19.642 I/liblog  (11039): 3
02-03 08:12:19.642 I/liblog  (11039): 2
02-03 08:12:19.642 I/liblog  (11039): 4
02-03 08:12:19.642 I/liblog  (11039): 2
02-03 08:12:19.642 I/liblog  (11039): 2
02-03 08:12:19.642 I/liblog  (11039): 2
02-03 08:12:19.642 I/liblog  (11039): 2
02-03 08:12:19.642 I/liblog  (11039): 2
02-03 08:12:19.642 I/liblog  (11039): 2
02-03 08:12:19.642 I/liblog  (11039): 2
02-03 08:12:19.642 I/liblog  (11039): 4
02-03 08:12:19.642 I/liblog  (11039): 2
02-03 08:12:19.642 I/liblog  (11039): 2
02-03 08:12:19.642 I/liblog  (11039): 4
02-03 08:12:19.642 I/liblog  (11039): 2
02-03 08:12:19.642 I/liblog  (11039): 3
02-03 08:12:19.642 I/liblog  (11039): 2
02-03 08:12:19.642 I/liblog  (11039): 2
02-03 08:12:19.642 I/liblog  (11039): 2
02-03 08:12:19.642 I/liblog  (11039): 5
02-03 08:12:19.642 I/liblog  (11039): 2
02-03 08:12:19.642 I/liblog  (11039): 2
02-03 08:12:19.642 I/liblog  (11039): 2
02-03 08:12:19.642 I/liblog  (11039): 2
02-03 08:12:19.642 I/liblog  (11039): 2
02-03 08:12:19.642 I/liblog  (11039): 2
02-03 08:12:19.642 I/liblog  (11039): 2
02-03 08:12:19.642 I/liblog  (11039): 4
02-03 08:12:19.642 I/liblog  (11039): 4
02-03 08:12:19.642 I/liblog  (11039): 2
02-03 08:12:19.642 I/liblog  (11039): 2
02-03 08:12:19.642 I/liblog  (11039): 1
02-03 08:12:19.642 I/liblog  (11039): 2
02-03 08:12:19.642 I/liblog  (11039): 5
02-03 08:12:19.642 I/liblog  (11039): 2
02-03 08:12:19.642 I/liblog  (11039): 2
02-03 08:12:19.642 I/liblog  (11039): 2
02-03 08:12:19.642 I/liblog  (11039): 2
02-03 08:12:19.642 I/liblog  (11039): 2
02-03 08:12:19.642 I/liblog  (11039): 4
02-03 08:12:19.642 I/liblog  (11039): 2
02-03 08:12:19.642 I/liblog  (11039): 2
02-03 08:12:19.642 I/liblog  (11039): 5
02-03 08:12:19.642 I/liblog  (11039): 2
02-03 08:12:19.642 I/liblog  (11039): 2
02-03 08:12:19.642 I/liblog  (11039): 2
02-03 08:12:19.642 I/liblog  (11039): 2
02-03 08:12:19.642 I/liblog  (11039): 2
02-03 08:12:19.642 I/liblog  (11039): 3
02-03 08:12:19.642 I/liblog  (11039): 2
02-03 08:12:19.642 I/liblog  (11039): 2
02-03 08:12:19.642 I/liblog  (11039): 2
02-03 08:12:19.642 I/liblog  (11039): 6
02-03 08:12:19.642 I/liblog  (11039): 3
02-03 08:12:19.642 I/liblog  (11039): 2
02-03 08:12:19.642 I/liblog  (11039): 4
02-03 08:12:19.642 I/liblog  (11039): 2
02-03 08:12:19.642 I/liblog  (11039): 4
02-03 08:12:19.642 I/liblog  (11039): 2
02-03 08:12:19.642 I/liblog  (11039): 12
02-03 08:12:19.642 I/liblog  (11039): 3
02-03 08:12:19.642 I/liblog  (11039): 3
02-03 08:12:19.642 I/liblog  (11039): 2
02-03 08:12:19.642 I/liblog  (11039): 2
02-03 08:12:19.642 I/liblog  (11039): 2
02-03 08:12:19.642 I/liblog  (11039): 2
02-03 08:12:19.642 I/liblog  (11039): 2
02-03 08:12:19.642 I/liblog  (11039): 4
02-03 08:12:19.642 I/liblog  (11039): 2
02-03 08:12:19.642 I/liblog  (11039): 2
02-03 08:12:19.642 I/liblog  (11039): 2
02-03 08:12:19.642 I/liblog  (11039): 3
02-03 08:12:19.642 I/liblog  (11039): 2
02-03 08:12:19.642 I/liblog  (11039): 3
02-03 08:12:19.642 I/liblog  (11039): 2
02-03 08:12:19.642 I/liblog  (11039): 3
02-03 08:12:19.642 I/liblog  (11039): 2
02-03 08:12:19.642 I/liblog  (11039): 2
02-03 08:12:19.642 I/liblog  (11039): 5
02-03 08:12:19.642 I/liblog  (11039): 2
02-03 08:12:19.642 I/liblog  (11039): 2
02-03 08:12:19.642 I/liblog  (11039): 2
02-03 08:12:19.642 I/liblog  (11039): 5
02-03 08:12:19.642 I/liblog  (11039): 2
02-03 08:12:19.642 I/liblog  (11039): 2
02-03 08:12:19.642 I/liblog  (11039): 3
02-03 08:12:19.642 I/liblog  (11039): 2
02-03 08:12:19.642 I/liblog  (11039): 4
02-03 08:12:19.642 I/liblog  (11039): 5
02-03 08:12:19.642 I/liblog  (11039): 2
02-03 08:12:19.642 I/liblog  (11039): 3
02-03 08:12:19.642 I/liblog  (11039): 2
02-03 08:12:19.642 I/liblog  (11039): 4
02-03 08:12:19.642 I/liblog  (11039): 14
02-03 08:12:19.642 I/liblog  (11039): 2
02-03 08:12:19.642 I/liblog  (11039): 4
02-03 08:12:19.642 I/liblog  (11039): 2
02-03 08:12:19.643 I/liblog  (11039): 2
02-03 08:12:19.643 I/liblog  (11039): 2
02-03 08:12:19.643 I/liblog  (11039): 4
02-03 08:12:19.643 I/liblog  (11039): 2
02-03 08:12:19.643 I/liblog  (11039): 4
02-03 08:12:19.643 I/liblog  (11039): 2
02-03 08:12:19.643 I/liblog  (11039): 2
02-03 08:12:19.643 I/liblog  (11039): 4
02-03 08:12:19.643 I/liblog  (11039): 2
02-03 08:12:19.643 I/liblog  (11039): 4
02-03 08:12:19.643 I/liblog  (11039): 2
02-03 08:12:19.643 I/liblog  (11039): 3
02-03 08:12:19.643 I/liblog  (11039): 2
02-03 08:12:19.643 I/liblog  (11039): 2
02-03 08:12:19.643 I/liblog  (11039): 4
02-03 08:12:19.643 I/liblog  (11039): 2
02-03 08:12:19.643 I/liblog  (11039): 3
02-03 08:12:19.643 I/liblog  (11039): 2
02-03 08:12:19.643 I/liblog  (11039): 2
02-03 08:12:19.643 I/liblog  (11039): 2
02-03 08:12:19.643 I/liblog  (11039): 3
02-03 08:12:19.643 I/liblog  (11039): 4
02-03 08:12:19.643 I/liblog  (11039): 5
02-03 08:12:19.643 I/liblog  (11039): 2
02-03 08:12:19.643 I/liblog  (11039): 2
02-03 08:12:19.643 I/liblog  (11039): 4
02-03 08:12:19.643 I/liblog  (11039): 4
02-03 08:12:19.643 I/liblog  (11039): 2
02-03 08:12:19.643 I/liblog  (11039): 4
02-03 08:12:19.643 I/liblog  (11039): 2
02-03 08:12:19.643 I/liblog  (11039): 2
02-03 08:12:19.643 I/liblog  (11039): 2
02-03 08:12:19.643 I/liblog  (11039): 4
02-03 08:12:19.643 I/liblog  (11039): 2
02-03 08:12:19.643 I/liblog  (11039): 2
02-03 08:12:19.643 I/liblog  (11039): 2
02-03 08:12:19.643 I/liblog  (11039): 5
02-03 08:12:19.643 I/liblog  (11039): 2
02-03 08:12:19.643 I/liblog  (11039): 2
02-03 08:12:19.643 I/liblog  (11039): 4
02-03 08:12:19.643 I/liblog  (11039): 2
02-03 08:12:19.643 I/liblog  (11039): 3
02-03 08:12:19.643 I/liblog  (11039): 2
02-03 08:12:19.643 I/liblog  (11039): 2
02-03 08:12:19.643 I/liblog  (11039): 2
02-03 08:12:19.643 I/liblog  (11039): 2
02-03 08:12:19.643 I/liblog  (11039): 4
02-03 08:12:19.643 I/liblog  (11039): 2
02-03 08:12:19.643 I/liblog  (11039): 2
02-03 08:12:19.643 I/liblog  (11039): 4
02-03 08:12:19.643 I/liblog  (11039): 2
02-03 08:12:19.643 I/liblog  (11039): 2
02-03 08:12:19.643 I/liblog  (11039): 2
02-03 08:12:19.643 I/liblog  (11039): 2
02-03 08:12:19.643 I/liblog  (11039): 2
02-03 08:12:19.643 I/liblog  (11039): 5
02-03 08:12:19.643 I/liblog  (11039): 2
02-03 08:12:19.643 I/liblog  (11039): 2
02-03 08:12:19.643 I/liblog  (11039): 6
02-03 08:12:19.643 I/liblog  (11039): 3
02-03 08:12:19.643 I/liblog  (11039): 2
02-03 08:12:19.643 I/liblog  (11039): 4
02-03 08:12:19.643 I/liblog  (11039): 1
02-03 08:12:19.643 I/liblog  (11039): 2
02-03 08:12:19.643 I/liblog  (11039): 2
02-03 08:12:19.643 I/liblog  (11039): 3
02-03 08:12:19.643 I/liblog  (11039): 2
02-03 08:12:19.643 I/liblog  (11039): 2
02-03 08:12:19.643 I/liblog  (11039): 4
02-03 08:12:19.643 I/liblog  (11039): 2
02-03 08:12:19.643 I/liblog  (11039): 2
02-03 08:12:19.643 I/liblog  (11039): 2
02-03 08:12:19.643 I/liblog  (11039): 4
02-03 08:12:19.643 I/liblog  (11039): 2
02-03 08:12:19.643 I/liblog  (11039): 2
02-03 08:12:19.643 I/liblog  (11039): 2
02-03 08:12:19.643 I/liblog  (11039): 2
02-03 08:12:19.643 I/liblog  (11039): 2
02-03 08:12:19.643 I/liblog  (11039): 4
02-03 08:12:19.643 I/liblog  (11039): 2
02-03 08:12:19.643 I/liblog  (11039): 2
02-03 08:12:19.643 I/liblog  (11039): 2
02-03 08:12:19.643 I/liblog  (11039): 2
02-03 08:12:19.643 I/liblog  (11039): 5
02-03 08:12:19.643 I/liblog  (11039): 2
02-03 08:12:19.643 I/liblog  (11039): 2
02-03 08:12:19.643 I/liblog  (11039): 2
02-03 08:12:19.643 I/liblog  (11039): 2
02-03 08:12:19.643 I/liblog  (11039): 3
02-03 08:12:19.643 I/liblog  (11039): 2
02-03 08:12:19.643 I/liblog  (11039): 2
02-03 08:12:19.643 I/liblog  (11039): 4
02-03 08:12:19.643 I/liblog  (11039): 2
02-03 08:12:19.643 I/liblog  (11039): 3
02-03 08:12:19.643 I/liblog  (11039): 2
02-03 08:12:19.643 I/liblog  (11039): 2
02-03 08:12:19.643 I/liblog  (11039): 2
02-03 08:12:19.643 I/liblog  (11039): 4
02-03 08:12:19.643 I/liblog  (11039): 2
02-03 08:12:19.643 I/liblog  (11039): 2
02-03 08:12:19.643 I/liblog  (11039): 4
02-03 08:12:19.644 I/liblog  (11039): 48
02-03 08:12:19.644 I/liblog  (11039): 24
02-03 08:12:19.644 I/liblog  (11039): 41
02-03 08:12:19.644 I/liblog  (11039): 20
02-03 08:12:19.644 I/liblog  (11039): 3
02-03 08:12:19.644 I/liblog  (11039): 2
02-03 08:12:19.644 I/liblog  (11039): 4
02-03 08:12:19.644 I/liblog  (11039): 3
02-03 08:12:19.644 I/liblog  (11039): 3
02-03 08:12:19.644 I/liblog  (11039): 3
02-03 08:12:19.644 I/liblog  (11039): 3
02-03 08:12:19.644 I/liblog  (11039): 5
02-03 08:12:19.644 I/liblog  (11039): 4
02-03 08:12:19.644 I/liblog  (11039): 2
02-03 08:12:19.644 I/liblog  (11039): 3
02-03 08:12:19.644 I/liblog  (11039): 2
02-03 08:12:19.644 I/liblog  (11039): 4
02-03 08:12:19.644 I/liblog  (11039): 6
02-03 08:12:19.644 I/liblog  (11039): 5
02-03 08:12:19.644 I/liblog  (11039): 2
02-03 08:12:19.644 I/liblog  (11039): 3
02-03 08:12:19.644 I/liblog  (11039): 3
02-03 08:12:19.644 I/liblog  (11039): 2
02-03 08:12:19.644 I/liblog  (11039): 4
02-03 08:12:19.644 I/liblog  (11039): 4
02-03 08:12:19.644 I/liblog  (11039): 4
02-03 08:12:19.644 I/liblog  (11039): 3
02-03 08:12:19.644 I/liblog  (11039): 4
02-03 08:12:19.644 I/liblog  (11039): 2
02-03 08:12:19.644 I/liblog  (11039): 6
02-03 08:12:19.644 I/liblog  (11039): 4
02-03 08:12:19.644 I/liblog  (11039): 2
02-03 08:12:19.644 I/liblog  (11039): 2
02-03 08:12:19.644 I/liblog  (11039): 2
02-03 08:12:19.644 I/liblog  (11039): 3
02-03 08:12:19.644 I/liblog  (11039): 3
02-03 08:12:19.644 I/liblog  (11039): 4
02-03 08:12:19.644 I/liblog  (11039): 3
02-03 08:12:19.644 I/liblog  (11039): 4
02-03 08:12:19.644 I/liblog  (11039): 1
02-03 08:12:19.644 I/liblog  (11039): 2
02-03 08:12:19.644 I/liblog  (11039): 4
02-03 08:12:19.644 I/liblog  (11039): 3
02-03 08:12:19.644 I/liblog  (11039): 3
02-03 08:12:19.644 I/liblog  (11039): 2
02-03 08:12:19.644 I/liblog  (11039): 4
02-03 08:12:19.644 I/liblog  (11039): 2
02-03 08:12:19.644 I/liblog  (11039): 2
02-03 08:12:19.644 I/liblog  (11039): 4
02-03 08:12:19.644 I/liblog  (11039): 3
02-03 08:12:19.644 I/liblog  (11039): 4
02-03 08:12:19.644 I/liblog  (11039): 2
02-03 08:12:19.644 I/liblog  (11039): 12
02-03 08:12:19.644 I/liblog  (11039): 4
02-03 08:12:19.644 I/liblog  (11039): 3
02-03 08:12:19.644 I/liblog  (11039): 21
02-03 08:12:19.653 I/am_pss  ( 1885): [7482,10165,com.android.providers.calendar,6370304,5279744,36864,113295360,0,19,7]
02-03 08:12:20.175 I/am_pss  ( 1885): [6878,10170,android.process.media,27807744,26288128,34816,144228352,0,4,10]
02-03 08:12:20.183 I/am_pss  ( 1885): [9658,10203,android.process.mediaUI,14467072,12308480,36864,125419520,0,4,7]
02-03 08:12:20.599 I/am_pss  ( 1885): [9379,1000,com.xiaomi.mi_connect_service,44195840,33128448,35840,169205760,0,4,11]
02-03 08:12:21.210 I/wm_task_created( 1885): 125
02-03 08:12:21.211 I/wm_task_windowing_mode_changed( 1885): [125,0,1]
02-03 08:12:21.211 I/auditd  ( 1354): type=1400 audit(0.0:898): avc:  denied  { dac_override } for  comm="perf@2.2-servic" capability=1  scontext=u:r:vendor_hal_perf_default:s0 tcontext=u:r:vendor_hal_perf_default:s0 tclass=capability permissive=0
02-03 08:12:21.216 I/wm_task_moved( 1885): [125,125,0,1,4]
02-03 08:12:21.216 I/wm_task_to_front( 1885): [0,125,0]
02-03 08:12:21.216 I/wm_create_task( 1885): [0,125,125,0]
02-03 08:12:21.217 I/wm_create_activity( 1885): [0,82858626,125,com.google.android.apps.bard/.shellapp.BardEntryPointActivity,android.intent.action.MAIN,NULL,NULL,278921216]
02-03 08:12:21.217 I/wm_task_moved( 1885): [125,125,0,1,4]
02-03 08:12:21.219 I/wm_pause_activity( 1885): [0,99534436,com.miui.home/.launcher.Launcher,userLeaving=true,pauseBackTasks]
02-03 08:12:21.221 I/sysui_multi_action( 1885): [757,803,799,window_time_0,802,3]
02-03 08:12:21.226 I/am_uid_running( 1885): 10377
02-03 08:12:21.227 I/wm_on_top_resumed_lost_called( 4165): [99534436,com.miui.home.launcher.Launcher,topStateChangedWhenResumed]
02-03 08:12:21.230 I/wm_on_paused_called( 4165): [0,99534436,com.miui.home.launcher.Launcher,performPause,2]
02-03 08:12:21.244 I/am_proc_start( 1885): [0,11112,10377,com.google.android.apps.bard,top-activity,{com.google.android.apps.bard/com.google.android.apps.bard.shellapp.BardEntryPointActivity}]
02-03 08:12:21.272 I/netstats_mobile_sample( 1885): [0,0,0,0,0,0,0,0,1770073940614]
02-03 08:12:21.272 I/netstats_wifi_sample( 1885): [3828883,403262,3432,2287,2476646,403182,2550,2285,1770073940614]
02-03 08:12:21.267 I/auditd  (11112): type=1400 audit(0.0:899): avc:  denied  { search } for  comm="re-initialized>" name="zram0" dev="sysfs" ino=65115 scontext=u:r:untrusted_app:s0:c121,c257,c512,c768 tcontext=u:object_r:sysfs_zram:s0 tclass=dir permissive=0 app=com.google.android.apps.bard
02-03 08:12:21.267 I/auditd  (11112): type=1400 audit(0.0:900): avc:  denied  { search } for  comm="re-initialized>" name="zram0" dev="sysfs" ino=65115 scontext=u:r:untrusted_app:s0:c121,c257,c512,c768 tcontext=u:object_r:sysfs_zram:s0 tclass=dir permissive=0 app=com.google.android.apps.bard
02-03 08:12:21.275 I/am_proc_bound( 1885): [0,11112,com.google.android.apps.bard]
02-03 08:12:21.279 I/wm_restart_activity( 1885): [0,82858626,125,com.google.android.apps.bard/.shellapp.BardEntryPointActivity]
02-03 08:12:21.280 I/input_focus( 1885): displayId :0, focusApplication has changed to ActivityRecord{4f05282 u0 com.google.android.apps.bard/.shellapp.BardEntryPointActivity t125}
02-03 08:12:21.281 I/wm_set_resumed_activity( 1885): [0,com.google.android.apps.bard/.shellapp.BardEntryPointActivity,minimalResumeActivityLocked - onActivityStateChanged]
02-03 08:12:21.282 I/input_focus( 1885): [Requesting to set focus to null window,reason=UpdateInputWindows]
02-03 08:12:21.282 I/am_uid_active( 1885): 10377
02-03 08:12:21.284 I/input_focus( 1468): sf.setTransactionState transactionId:8096013354045 focusRequests:<null>
02-03 08:12:21.288 I/input_focus( 1468): sf.updateInputFlinger focusRequest:<null>
02-03 08:12:21.288 I/input_focus( 1885): [Focus receive :<null>,reason=setFocusedWindow]
02-03 08:12:21.288 I/input_focus( 1885): [At display :0,Ignore setFocusedWindow :<null>,Reason = NO_WINDOW]
02-03 08:12:21.288 I/input_focus( 1885): [Focus leaving e65c05f com.miui.home/com.miui.home.launcher.Launcher (server),reason=Waiting for window because NO_WINDOW]
02-03 08:12:21.290 I/input_focus( 1885): [At display :0,Ignore setInputWindows Focus :<null>,reason = NO_WINDOW]
02-03 08:12:21.359 I/auditd  (11112): type=1400 audit(0.0:901): avc:  denied  { read } for  comm="droid.apps.bard" name="u:object_r:vendor_displayfeature_prop:s0" dev="tmpfs" ino=17404 scontext=u:r:untrusted_app:s0:c121,c257,c512,c768 tcontext=u:object_r:vendor_displayfeature_prop:s0 tclass=file permissive=0 app=com.google.android.apps.bard
02-03 08:12:21.382 I/wm_task_moved( 1885): [125,125,0,1,4]
02-03 08:12:21.384 I/wm_create_activity( 1885): [0,26209471,125,com.google.android.googlequicksearchbox/com.google.android.apps.search.assistant.surfaces.voice.deeplinks.handlers.gateway.impl.MainAssistantDeeplink,android.intent.action.VIEW,NULL,<web url omitted>]
02-03 08:12:21.386 I/wm_pause_activity( 1885): [0,82858626,com.google.android.apps.bard/.shellapp.BardEntryPointActivity,userLeaving=true,resumeTopActivity]
02-03 08:12:21.388 I/am_uid_running( 1885): 10376
02-03 08:12:21.391 I/wm_finish_activity( 1885): [0,82858626,125,com.google.android.apps.bard/.shellapp.BardEntryPointActivity,app-request]
02-03 08:12:21.395 I/wm_on_create_called(11112): [0,82858626,com.google.android.apps.bard.shellapp.BardEntryPointActivity,performCreate,38]
02-03 08:12:21.399 I/am_proc_start( 1885): [0,11155,10376,com.google.android.googlequicksearchbox:search,next-top-activity,{com.google.android.googlequicksearchbox/com.google.android.apps.search.assistant.surfaces.voice.deeplinks.handlers.gateway.impl.MainAssistantDeeplink}]
02-03 08:12:21.413 I/wm_add_to_stopping( 1885): [0,82858626,com.google.android.apps.bard/.shellapp.BardEntryPointActivity,completeFinishing]
02-03 08:12:21.414 I/sysui_multi_action( 1885): [757,803,799,window_time_0,802,0]
02-03 08:12:21.423 I/auditd  (11155): type=1400 audit(0.0:902): avc:  denied  { search } for  comm="re-initialized>" name="zram0" dev="sysfs" ino=65115 scontext=u:r:untrusted_app:s0:c120,c257,c512,c768 tcontext=u:object_r:sysfs_zram:s0 tclass=dir permissive=0 app=com.google.android.googlequicksearchbox
02-03 08:12:21.423 I/auditd  (11155): type=1400 audit(0.0:903): avc:  denied  { search } for  comm="re-initialized>" name="zram0" dev="sysfs" ino=65115 scontext=u:r:untrusted_app:s0:c120,c257,c512,c768 tcontext=u:object_r:sysfs_zram:s0 tclass=dir permissive=0 app=com.google.android.googlequicksearchbox
02-03 08:12:21.429 I/am_proc_bound( 1885): [0,11155,com.google.android.googlequicksearchbox:search]
02-03 08:12:21.432 I/wm_restart_activity( 1885): [0,26209471,125,com.google.android.googlequicksearchbox/com.google.android.apps.search.assistant.surfaces.voice.deeplinks.handlers.gateway.impl.MainAssistantDeeplink]
02-03 08:12:21.433 I/input_focus( 1885): displayId :0, focusApplication has changed to ActivityRecord{18fecbf u0 com.google.android.googlequicksearchbox/com.google.android.apps.search.assistant.surfaces.voice.deeplinks.handlers.gateway.impl.MainAssistantDeeplink t125}
02-03 08:12:21.433 I/wm_set_resumed_activity( 1885): [0,com.google.android.googlequicksearchbox/com.google.android.apps.search.assistant.surfaces.voice.deeplinks.handlers.gateway.impl.MainAssistantDeeplink,minimalResumeActivityLocked - onActivityStateChanged]
02-03 08:12:21.435 I/am_uid_active( 1885): 10376
02-03 08:12:21.703 I/auditd  (11155): type=1400 audit(0.0:904): avc:  denied  { read } for  comm="earchbox:search" name="u:object_r:vendor_displayfeature_prop:s0" dev="tmpfs" ino=17404 scontext=u:r:untrusted_app:s0:c120,c257,c512,c768 tcontext=u:object_r:vendor_displayfeature_prop:s0 tclass=file permissive=0 app=com.google.android.googlequicksearchbox
02-03 08:12:21.708 I/wm_on_create_called(11155): [0,26209471,com.google.android.apps.search.assistant.surfaces.voice.deeplinks.handlers.gateway.impl.MainAssistantDeeplink,performCreate,16]
02-03 08:12:21.718 I/wm_on_start_called(11155): [0,26209471,com.google.android.apps.search.assistant.surfaces.voice.deeplinks.handlers.gateway.impl.MainAssistantDeeplink,handleStartActivity,0]
02-03 08:12:21.723 I/wm_on_resume_called(11155): [0,26209471,com.google.android.apps.search.assistant.surfaces.voice.deeplinks.handlers.gateway.impl.MainAssistantDeeplink,RESUME_ACTIVITY,3]
02-03 08:12:21.743 I/wm_on_top_resumed_gained_called(11155): [26209471,com.google.android.apps.search.assistant.surfaces.voice.deeplinks.handlers.gateway.impl.MainAssistantDeeplink,topStateChangedWhenResumed]
02-03 08:12:21.761 I/input_focus( 1885): [Focus request 5cbc2fe com.google.android.googlequicksearchbox/com.google.android.apps.search.assistant.surfaces.voice.deeplinks.handlers.gateway.impl.MainAssistantDeeplink,reason=UpdateInputWindows]
02-03 08:12:21.767 I/input_focus( 1468): sf.setTransactionState transactionId:8096013354063 focusRequests:5cbc2fe com.google.android.googlequicksearchbox/com.google.android.apps.search.assistant.surfaces.voice.deeplinks.handlers.gateway.impl.MainAssistantDeeplink
02-03 08:12:21.782 I/wm_on_idle_called(11155): com.google.android.apps.search.assistant.surfaces.voice.deeplinks.handlers.gateway.impl.MainAssistantDeeplink
02-03 08:12:21.783 I/input_focus( 1468): sf.updateInputFlinger focusRequest:5cbc2fe com.google.android.googlequicksearchbox/com.google.android.apps.search.assistant.surfaces.voice.deeplinks.handlers.gateway.impl.MainAssistantDeeplink
02-03 08:12:21.783 I/input_focus( 1885): [Focus receive :5cbc2fe com.google.android.googlequicksearchbox/com.google.android.apps.search.assistant.surfaces.voice.deeplinks.handlers.gateway.impl.MainAssistantDeeplink,reason=setFocusedWindow]
