02-03 08:11:40.741 I/am_pss  ( 1885): [4159,10311,com.qti.qcc,11920384,7651328,0,128987136,2,0,7]
02-03 08:11:40.760 I/am_pss  ( 1885): [4165,10226,com.miui.home,376758272,356888576,0,552230912,2,5,17]
02-03 08:11:40.767 I/am_pss  ( 1885): [4152,1001,.dataservices,8739840,5222400,0,119824384,2,0,6]
02-03 08:11:40.782 I/am_pss  ( 1885): [4114,1000,com.android.systemui,246721536,220856320,0,445308928,2,1,14]
02-03 08:11:40.789 I/commit_sys_config_file( 1885): [package,48]
02-03 08:11:40.793 I/am_pss  ( 1885): [4105,1001,com.android.phone,104394752,91009024,0,252579840,2,0,10]
02-03 08:11:40.794 I/commit_sys_config_file( 1885): [package-user-0,5]
02-03 08:11:40.801 I/am_pss  ( 1885): [4067,10303,org.codeaurora.ims,13689856,8896512,0,135798784,2,0,6]
02-03 08:11:40.808 I/am_pss  ( 1885): [4096,1068,com.android.se,8480768,4882432,0,120377344,2,0,6]
02-03 08:11:40.814 I/am_pss  ( 1885): [4063,1000,vendor.qti.qesdk.sysservice,7946240,4382720,0,119541760,2,0,5]
02-03 08:11:40.821 I/am_pss  ( 1885): [4061,10305,com.qti.phone,12894208,8531968,0,130420736,2,0,5]
02-03 08:11:40.829 I/am_pss  ( 1885): [4041,10195,.qtidataservices,11935744,8060928,0,127565824,2,0,6]
02-03 08:11:40.837 I/am_pss  ( 1885): [3966,1073,com.android.networkstack.process,13275136,9224192,0,129826816,2,0,7]
02-03 08:11:40.860 I/am_pss  ( 1885): [1885,1000,system,329305088,252637184,0,634593280,2,0,21]
02-03 08:11:41.863 I/netstats_mobile_sample( 1885): [0,0,0,0,0,0,0,0,1770073901863]
02-03 08:11:41.863 I/netstats_wifi_sample( 1885): [0,0,0,0,0,0,0,0,1770073901863]
02-03 08:11:42.001 I/service_manager_stats( 4105): [482,305,5293]
02-03 08:11:42.740 I/liblog  ( 5654): 99
02-03 08:11:42.740 I/liblog  ( 5654): 7
02-03 08:11:42.740 I/liblog  ( 5654): 46
02-03 08:11:42.740 I/liblog  ( 5654): 4
02-03 08:11:42.740 I/liblog  ( 5654): 4
02-03 08:11:42.740 I/liblog  ( 5654): 4
02-03 08:11:42.740 I/liblog  ( 5654): 11
02-03 08:11:42.740 I/liblog  ( 5654): 7
02-03 08:11:42.740 I/liblog  ( 5654): 11
02-03 08:11:42.740 I/liblog  ( 5654): 9
02-03 08:11:42.740 I/liblog  ( 5654): 4
02-03 08:11:42.740 I/liblog  ( 5654): 11
02-03 08:11:42.740 I/liblog  ( 5654): 4
02-03 08:11:42.740 I/liblog  ( 5654): 4
02-03 08:11:42.740 I/liblog  ( 5654): 13
02-03 08:11:42.740 I/liblog  ( 5654): 4
02-03 08:11:42.740 I/liblog  ( 5654): 4
02-03 08:11:42.740 I/liblog  ( 5654): 12
02-03 08:11:42.740 I/liblog  ( 5654): 5
02-03 08:11:42.740 I/liblog  ( 5654): 4
02-03 08:11:42.740 I/liblog  ( 5654): 14
02-03 08:11:42.740 I/liblog  ( 5654): 12
02-03 08:11:43.525 I/commit_sys_config_file( 1885): [appops_accesses,81]
02-03 08:11:44.685 I/input_interaction( 1885): Interaction with: 1607fa4 NotificationShade (server), {touchableRegion=[-1080,-2400][2160,4800], inputConfig=TRUSTED_OVERLAY | WATCH_OUTSIDE_TOUCH | DISABLE_USER_ACTIVITY}, [Gesture Monitor] miui-gesture (server), PointerEventDispatcher0 (server), 
02-03 08:11:44.693 I/service_manager_stats( 4114): [122,123,8043]
02-03 08:11:44.710 I/jank_cuj_events_begin_request( 4114): [0,<private info omitted>5000,26137908010,26137908427,Collapse]
02-03 08:11:44.768 I/jank_cuj_events_begin_request( 4114): [0,<private info omitted>6000,26195088270,26195088531,Collapse]
02-03 08:11:44.881 I/sysui_multi_action( 4114): [757,186,758,4,826,237,827,1403]
02-03 08:11:44.881 I/sysui_lockscreen_gesture( 4114): [1,237,1403]
02-03 08:11:44.883 I/jank_cuj_events_begin_request( 4114): [0,<private info omitted>8000,26309750770,26309750927,Collapse]
02-03 08:11:44.955 I/am_proc_start( 1885): [0,5690,10214,com.google.android.gms,service,{com.google.android.gms/com.google.android.gms.chimera.GmsIntentOperationService}]
02-03 08:11:44.986 I/jank_cuj_events_end_request( 4114): [0,<private info omitted>0000,26412932697,26412932750]
02-03 08:11:44.991 I/am_proc_bound( 1885): [0,5690,com.google.android.gms]
02-03 08:11:45.001 I/sysui_multi_action( 1885): [757,128,758,2,793,5844,794,5016,795,5844,796,16,797,com.xiaomi.finddevice.v2.ui.FindDeviceSysNotificationReceiver,798,0,806,com.xiaomi.finddevice,857,default,858,4,947,0,1395,1,1500,5016,1688,1]
02-03 08:11:45.001 I/notification_visibility( 1885): [0|com.xiaomi.finddevice|16|com.xiaomi.finddevice.v2.ui.FindDeviceSysNotificationReceiver|6110,0,5844,5844,0,0]
02-03 08:11:45.002 I/sysui_multi_action( 1885): [757,127,758,2]
02-03 08:11:45.002 I/notification_panel_hidden( 1885): 
02-03 08:11:45.007 I/sysui_multi_action( 4114): [757,197,758,1,759,1]
02-03 08:11:45.007 I/sysui_status_bar_state( 4114): [1,1,0,1,1,0]
02-03 08:11:45.019 I/auditd  ( 4114): type=1400 audit(0.0:649): avc:  denied  { read } for  comm="ndroid.systemui" name="u:object_r:last_boot_reason_prop:s0" dev="tmpfs" ino=17235 scontext=u:r:system_app:s0 tcontext=u:object_r:last_boot_reason_prop:s0 tclass=file permissive=0
02-03 08:11:45.067 I/auditd  ( 4114): type=1400 audit(0.0:650): avc:  denied  { read } for  comm="ndroid.systemui" name="u:object_r:last_boot_reason_prop:s0" dev="tmpfs" ino=17235 scontext=u:r:system_app:s0 tcontext=u:object_r:last_boot_reason_prop:s0 tclass=file permissive=0
02-03 08:11:45.067 I/auditd  ( 4114): type=1400 audit(0.0:651): avc:  denied  { read } for  comm="ndroid.systemui" name="u:object_r:last_boot_reason_prop:s0" dev="tmpfs" ino=17235 scontext=u:r:system_app:s0 tcontext=u:object_r:last_boot_reason_prop:s0 tclass=file permissive=0
02-03 08:11:45.083 I/auditd  ( 1468): type=1400 audit(0.0:652): avc:  denied  { search } for  comm="surfaceflinger" name="mcd" dev="dm-41" ino=420 scontext=u:r:surfaceflinger:s0 tcontext=u:object_r:mcd_data_file:s0 tclass=dir permissive=0
02-03 08:11:45.083 I/auditd  ( 1468): type=1400 audit(0.0:653): avc:  denied  { search } for  comm="surfaceflinger" name="mcd" dev="dm-41" ino=420 scontext=u:r:surfaceflinger:s0 tcontext=u:object_r:mcd_data_file:s0 tclass=dir permissive=0
02-03 08:11:45.340 I/jank_cuj_events_begin_request( 4114): [17,<private info omitted>0000,26767611760,26767612020,]
02-03 08:11:45.565 I/notification_cancel_all( 1885): [1000,1885,com.xiaomi.barrage,0,0,0,5,NULL]
02-03 08:11:45.626 I/jank_cuj_events_end_request( 4114): [69,<private info omitted>0000,27053332072,27053332281]
02-03 08:11:45.627 I/jank_cuj_events_end_request( 4114): [17,<private info omitted>6000,27054918947,27054919520]
02-03 08:11:47.153 I/sysui_multi_action( 4114): [757,197,758,10]
02-03 08:11:47.154 I/sysui_multi_action( 4114): [757,197,758,5,759,1]
02-03 08:11:47.161 I/wm_set_keyguard_shown( 1885): [0,1,0,1,0,keyguardGoingAway]
02-03 08:11:47.161 I/wm_sleep_token( 1885): [0,0,keyguard]
02-03 08:11:47.155 I/auditd  ( 1354): type=1400 audit(0.0:655): avc:  denied  { search } for  comm="perf@2.2-servic" name="1885" dev="proc" ino=33332 scontext=u:r:vendor_hal_perf_default:s0 tcontext=u:r:system_server:s0 tclass=dir permissive=0
02-03 08:11:47.165 I/wm_set_resumed_activity( 1885): [0,com.miui.home/.launcher.Launcher,resumeTopActivity - onActivityStateChanged]
02-03 08:11:47.169 I/wm_resume_activity( 1885): [0,99534436,2,com.miui.home/.launcher.Launcher]
02-03 08:11:47.192 I/wm_on_restart_called( 4165): [0,99534436,com.miui.home.launcher.Launcher,,0]
02-03 08:11:47.193 I/wm_on_start_called( 4165): [0,99534436,com.miui.home.launcher.Launcher,handleStartActivity,1]
02-03 08:11:47.200 I/wm_on_resume_called( 4165): [0,99534436,com.miui.home.launcher.Launcher,RESUME_ACTIVITY,6]
02-03 08:11:47.201 I/wm_on_top_resumed_gained_called( 4165): [99534436,com.miui.home.launcher.Launcher,topWhenResuming]
02-03 08:11:47.215 I/auditd  ( 4165): type=1400 audit(0.0:656): avc:  denied  { open } for  comm="com.miui.home" path="/dev/__properties__/u:object_r:vendor_display_prop:s0" dev="tmpfs" ino=17403 scontext=u:r:platform_app:s0:c512,c768 tcontext=u:object_r:vendor_display_prop:s0 tclass=file permissive=0 app=com.miui.home
02-03 08:11:47.258 I/uc_unlock_user( 1885): 0
02-03 08:11:47.258 I/uc_finish_user_unlocking( 1885): 0
02-03 08:11:47.354 I/wm_on_idle_called( 4165): com.miui.home.launcher.Launcher
02-03 08:11:47.358 I/jank_cuj_events_cancel_request( 4114): [23,<private info omitted>6000,28785538478,28785538530]
02-03 08:11:47.358 I/jank_cuj_events_begin_request( 4114): [29,<private info omitted>8000,28785879519,28785879832,RemoteAnimationDisabled]
02-03 08:11:47.372 I/wm_set_keyguard_occluded( 1885): [0,0,0,setOccluded]
02-03 08:11:47.378 I/sysui_multi_action( 4114): [757,197,758,2,759,1]
02-03 08:11:47.378 I/sysui_status_bar_state( 4114): [1,0,0,1,1,0]
02-03 08:11:47.384 I/sysui_multi_action( 1885): [757,127,758,1]
02-03 08:11:47.384 I/sysui_multi_action( 1885): [757,804,799,note_load,801,1,802,1]
02-03 08:11:47.384 I/notification_panel_revealed( 1885): 1
02-03 08:11:47.386 I/sysui_multi_action( 4114): [757,196,758,2,759,1]
02-03 08:11:47.386 I/sysui_status_bar_state( 4114): [1,0,0,0,1,0]
02-03 08:11:47.397 I/sysui_multi_action( 4114): [757,196,758,2,759,1]
02-03 08:11:47.397 I/sysui_status_bar_state( 4114): [0,0,0,0,1,0]
02-03 08:11:47.403 I/jank_cuj_events_cancel_request( 4114): [29,<private info omitted>8000,28830220717,28830220822]
02-03 08:11:47.403 I/wm_set_keyguard_shown( 1885): [0,0,0,1,0,setKeyguardShown]
02-03 08:11:47.415 I/auditd  ( 5764): type=1400 audit(0.0:657): avc:  denied  { relabelfrom } for  comm="vold_prepare_su" name="checkin" dev="dm-41" ino=43342 scontext=u:r:vold_prepare_subdirs:s0 tcontext=u:object_r:checkin_data_file:s0 tclass=dir permissive=0
02-03 08:11:47.418 I/sysui_keyguard( 4114): [0,0]
02-03 08:11:47.418 I/jank_cuj_events_cancel_request( 4114): [23,<private info omitted>6000,28845508530,28845508634]
02-03 08:11:47.421 I/user_activity_timeout_override( 1885): -1
02-03 08:11:47.429 I/input_focus( 1885): [Focus request e65c05f com.miui.home/com.miui.home.launcher.Launcher,reason=UpdateInputWindows]
02-03 08:11:47.431 I/input_focus( 1468): sf.setTransactionState transactionId:8096013353443 focusRequests:e65c05f com.miui.home/com.miui.home.launcher.Launcher
02-03 08:11:47.447 I/input_focus( 1468): sf.updateInputFlinger focusRequest:e65c05f com.miui.home/com.miui.home.launcher.Launcher
02-03 08:11:47.447 I/input_focus( 1885): [Focus receive :e65c05f com.miui.home/com.miui.home.launcher.Launcher,reason=setFocusedWindow]
02-03 08:11:47.448 I/input_focus( 1885): [Focus leaving 1607fa4 NotificationShade (server),reason=NOT_FOCUSABLE]
02-03 08:11:47.449 I/input_focus( 1885): [Focus entering e65c05f com.miui.home/com.miui.home.launcher.Launcher (server),reason=setFocusedWindow]
02-03 08:11:47.455 I/sysui_multi_action( 1885): [757,127,758,2]
02-03 08:11:47.455 I/notification_panel_hidden( 1885): 
02-03 08:11:47.466 I/am_uid_running( 1885): 10281
02-03 08:11:47.477 I/am_proc_start( 1885): [0,5766,10281,com.google.android.inputmethod.latin,service,{com.google.android.inputmethod.latin/com.android.inputmethod.latin.LatinIME}]
02-03 08:11:47.499 I/auditd  ( 5766): type=1400 audit(0.0:658): avc:  denied  { search } for  comm="re-initialized>" name="zram0" dev="sysfs" ino=65115 scontext=u:r:untrusted_app:s0:c25,c257,c512,c768 tcontext=u:object_r:sysfs_zram:s0 tclass=dir permissive=0 app=com.google.android.inputmethod.latin
02-03 08:11:47.505 I/am_proc_bound( 1885): [0,5766,com.google.android.inputmethod.latin]
02-03 08:11:47.514 I/am_uid_active( 1885): 10281
02-03 08:11:47.599 I/am_user_state_changed( 1885): [0,2]
02-03 08:11:47.603 I/ssm_user_unlocking( 1885): 0
02-03 08:11:47.608 I/am_uid_running( 1885): 10232
02-03 08:11:47.626 I/am_proc_start( 1885): [0,5785,10232,com.miui.analytics,service,{com.miui.analytics/com.miui.analytics.onetrack.TrackService}]
02-03 08:11:47.633 I/am_uid_running( 1885): 10254
02-03 08:11:47.643 I/service_manager_slow( 1885): [12,user]
02-03 08:11:47.646 I/service_manager_stats( 1885): [100,129,11891]
02-03 08:11:47.650 I/am_proc_start( 1885): [0,5800,10254,com.xiaomi.metoknlp,service,{com.xiaomi.metoknlp/com.xiaomi.location.metoknlp.MetokLocationService}]
02-03 08:11:47.664 I/am_proc_bound( 1885): [0,5785,com.miui.analytics]
02-03 08:11:47.666 I/am_uid_active( 1885): 10232
02-03 08:11:47.676 I/am_uid_running( 1885): 10338
02-03 08:11:47.687 I/am_proc_start( 1885): [0,5810,10338,com.android.permissioncontroller,service,{com.android.permissioncontroller/com.android.permissioncontroller.role.service.RoleControllerServiceImpl}]
02-03 08:11:47.703 I/am_proc_bound( 1885): [0,5800,com.xiaomi.metoknlp]
02-03 08:11:47.718 I/am_proc_bound( 1885): [0,5810,com.android.permissioncontroller]
02-03 08:11:47.719 I/am_uid_active( 1885): 10338
02-03 08:11:47.724 I/am_uid_running( 1885): 10310
02-03 08:11:47.738 I/am_proc_start( 1885): [0,5850,10310,com.android.printspooler,service,{com.android.printspooler/com.android.printspooler.model.PrintSpoolerService}]
02-03 08:11:47.820 I/am_proc_start( 1885): [0,5903,10214,com.google.process.gapps,content provider,{com.google.android.gsf/com.google.android.gsf.settings.GoogleSettingsProvider}]
02-03 08:11:47.825 I/am_proc_bound( 1885): [0,5850,com.android.printspooler]
02-03 08:11:47.828 I/am_uid_active( 1885): 10310
02-03 08:11:47.867 I/am_proc_bound( 1885): [0,5903,com.google.process.gapps]
02-03 08:11:47.918 I/am_uid_running( 1885): 10326
02-03 08:11:47.922 I/service_manager_slow( 4105): [14,phone]
02-03 08:11:47.925 I/am_uid_running( 1885): 10270
02-03 08:11:47.927 I/am_proc_start( 1885): [0,5971,10326,com.android.providers.media.module,service,{com.android.providers.media.module/com.android.providers.media.fuse.ExternalStorageServiceImpl}]
02-03 08:11:47.941 I/service_manager_slow( 1885): [39,user]
02-03 08:11:47.941 I/am_proc_start( 1885): [0,5975,10270,com.miui.voiceassist:core,service,{com.miui.voiceassist/com.xiaomi.voiceassistant.AssistInteractionService}]
02-03 08:11:47.963 I/uc_finish_user_unlocked( 1885): 0
02-03 08:11:47.963 I/am_user_state_changed( 1885): [0,3]
02-03 08:11:47.965 I/wm_task_created( 1885): 109
02-03 08:11:47.966 I/wm_task_created( 1885): 102
02-03 08:11:47.967 I/wm_task_created( 1885): 119
02-03 08:11:47.968 I/wm_task_created( 1885): 116
02-03 08:11:47.969 I/wm_task_created( 1885): 118
02-03 08:11:47.970 I/wm_task_created( 1885): 121
02-03 08:11:47.970 I/wm_task_created( 1885): 114
02-03 08:11:47.972 I/wm_task_created( 1885): 117
02-03 08:11:47.973 I/wm_task_created( 1885): 122
02-03 08:11:47.975 I/wm_task_created( 1885): 123
02-03 08:11:47.980 I/am_proc_start( 1885): [0,5984,10214,com.google.process.gservices,content provider,{com.google.android.gsf/com.google.android.gsf.gservices.GservicesProvider}]
02-03 08:11:47.990 I/am_uid_running( 1885): 1027
02-03 08:11:47.991 I/am_uid_running( 1885): 10162
02-03 08:11:47.992 I/am_uid_running( 1885): 10301
02-03 08:11:47.993 I/am_uid_running( 1885): 10194
02-03 08:11:47.994 I/am_uid_running( 1885): 10268
02-03 08:11:47.995 I/am_uid_running( 1885): 10317
02-03 08:11:47.996 I/am_uid_running( 1885): 10198
02-03 08:11:47.997 I/am_uid_running( 1885): 10197
02-03 08:11:47.998 I/am_uid_running( 1885): 10300
02-03 08:11:48.045 I/uc_send_user_broadcast( 1885): [0,android.intent.action.USER_UNLOCKED]
02-03 08:11:48.045 I/am_uid_running( 1885): 10217
02-03 08:11:48.047 I/am_proc_start( 1885): [0,6012,1000,com.miui.daemon,added application,com.miui.daemon]
02-03 08:11:48.050 I/am_proc_bound( 1885): [0,5971,com.android.providers.media.module]
02-03 08:11:48.052 I/service_manager_slow( 5850): [63,turbosched]
02-03 08:11:48.052 I/am_uid_active( 1885): 10326
02-03 08:11:48.066 I/uc_finish_user_unlocked_completed( 1885): 0
02-03 08:11:48.067 I/uc_send_user_broadcast( 1885): [0,android.intent.action.BOOT_COMPLETED]
02-03 08:11:48.140 I/liblog  ( 1885): 313
02-03 08:11:48.163 I/am_proc_start( 1885): [0,6092,1000,com.xiaomi.touchservice,added application,com.xiaomi.touchservice]
02-03 08:11:48.170 I/service_manager_slow( 6044): [36,activity]
02-03 08:11:48.171 I/am_proc_bound( 1885): [0,6044,com.android.nfc]
02-03 08:11:48.174 I/am_uid_active( 1885): 1027
02-03 08:11:48.182 I/am_proc_start( 1885): [0,6101,10162,system,added application,system]
02-03 08:11:48.202 I/am_proc_start( 1885): [0,6106,10301,com.qualcomm.qti.services.systemhelper:systemhelper_service,added application,com.qualcomm.qti.services.systemhelper:systemhelper_service]
02-03 08:11:48.216 I/service_manager_slow( 6012): [19,activity]
02-03 08:11:48.229 I/am_proc_bound( 1885): [0,6012,com.miui.daemon]
02-03 08:11:48.235 I/auditd  ( 6101): type=1400 audit(0.0:675): avc:  denied  { search } for  comm="re-initialized>" name="zram0" dev="sysfs" ino=65115 scontext=u:r:platform_app:s0:c512,c768 tcontext=u:object_r:sysfs_zram:s0 tclass=dir permissive=0 app=com.miui.rom
02-03 08:11:48.235 I/auditd  ( 6101): type=1400 audit(0.0:676): avc:  denied  { search } for  comm="re-initialized>" name="zram0" dev="sysfs" ino=65115 scontext=u:r:platform_app:s0:c512,c768 tcontext=u:object_r:sysfs_zram:s0 tclass=dir permissive=0 app=com.miui.rom
02-03 08:11:48.243 I/auditd  ( 6106): type=1400 audit(0.0:677): avc:  denied  { search } for  comm="re-initialized>" name="zram0" dev="sysfs" ino=65115 scontext=u:r:vendor_systemhelper_app:s0:c512,c768 tcontext=u:object_r:sysfs_zram:s0 tclass=dir permissive=0 app=com.qualcomm.qti.services.systemhelper
02-03 08:11:48.243 I/auditd  ( 6106): type=1400 audit(0.0:678): avc:  denied  { search } for  comm="re-initialized>" name="zram0" dev="sysfs" ino=65115 scontext=u:r:vendor_systemhelper_app:s0:c512,c768 tcontext=u:object_r:sysfs_zram:s0 tclass=dir permissive=0 app=com.qualcomm.qti.services.systemhelper
02-03 08:11:48.269 I/am_proc_start( 1885): [0,6168,10194,org.ifaa.aidl.manager,added application,org.ifaa.aidl.manager]
02-03 08:11:48.286 I/am_proc_bound( 1885): [0,6101,system]
02-03 08:11:48.289 I/am_uid_active( 1885): 10162
02-03 08:11:48.290 I/am_proc_bound( 1885): [0,6106,com.qualcomm.qti.services.systemhelper:systemhelper_service]
02-03 08:11:48.302 I/am_uid_active( 1885): 10301
02-03 08:11:48.329 I/am_proc_bound( 1885): [0,6092,com.xiaomi.touchservice]
02-03 08:11:48.327 I/auditd  ( 6168): type=1400 audit(0.0:679): avc:  denied  { search } for  comm="re-initialized>" name="zram0" dev="sysfs" ino=65115 scontext=u:r:untrusted_app_32:s0:c194,c256,c512,c768 tcontext=u:object_r:sysfs_zram:s0 tclass=dir permissive=0 app=org.ifaa.aidl.manager
02-03 08:11:48.348 I/am_uid_running( 1885): 10282
02-03 08:11:48.350 I/am_proc_start( 1885): [0,6179,10268,com.xiaomi.xmsfkeeper,added application,com.xiaomi.xmsfkeeper]
02-03 08:11:48.369 I/am_proc_start( 1885): [0,6207,10317,com.qualcomm.qti.workloadclassifier,added application,com.qualcomm.qti.workloadclassifier]
02-03 08:11:48.393 I/am_proc_start( 1885): [0,6216,10198,com.tencent.soter.soterserver,added application,com.tencent.soter.soterserver]
02-03 08:11:48.394 I/am_proc_bound( 1885): [0,6168,org.ifaa.aidl.manager]
02-03 08:11:48.397 I/am_uid_active( 1885): 10194
02-03 08:11:48.397 I/am_proc_bound( 1885): [0,6179,com.xiaomi.xmsfkeeper]
02-03 08:11:48.400 I/am_uid_active( 1885): 10268
02-03 08:11:48.420 I/am_proc_start( 1885): [0,6228,10197,org.mipay.android.manager,added application,org.mipay.android.manager]
02-03 08:11:48.453 I/am_proc_start( 1885): [0,6243,10300,com.qualcomm.location,added application,com.qualcomm.location]
02-03 08:11:48.468 I/am_proc_bound( 1885): [0,6207,com.qualcomm.qti.workloadclassifier]
02-03 08:11:48.475 I/am_uid_active( 1885): 10317
02-03 08:11:48.479 I/am_proc_start( 1885): [0,6251,1000,com.miui.face,added application,com.miui.face]
02-03 08:11:48.507 I/am_proc_bound( 1885): [0,6228,org.mipay.android.manager]
02-03 08:11:48.510 I/am_uid_active( 1885): 10197
02-03 08:11:48.516 I/am_proc_start( 1885): [0,6286,10217,com.miui.personalassistant,service,{com.miui.personalassistant/com.miui.personalassistant.core.overlay.AssistantOverlayService}]
02-03 08:11:48.522 I/service_manager_slow( 4905): [86,virtualdevice]
02-03 08:11:48.531 I/service_manager_slow( 6101): [134,miui_step_counter_service]
02-03 08:11:48.533 I/am_proc_bound( 1885): [0,6216,com.tencent.soter.soterserver]
02-03 08:11:48.536 I/am_uid_active( 1885): 10198
02-03 08:11:48.546 I/am_proc_start( 1885): [0,6310,1000,com.android.keychain,service,{com.android.keychain/com.android.keychain.KeyChainService}]
02-03 08:11:48.547 I/am_proc_bound( 1885): [0,6243,com.qualcomm.location]
02-03 08:11:48.550 I/am_uid_active( 1885): 10300
02-03 08:11:48.558 I/am_proc_start( 1885): [0,6323,10171,com.android.htmlviewer,service,{com.android.htmlviewer/com.xiaomi.mipush.sdk.PushMessageHandler}]
02-03 08:11:48.578 I/am_proc_start( 1885): [0,6330,1001,com.miui.vsimcore,broadcast,{com.miui.vsimcore/com.miui.vsimcore.ProvisionReceiver}]
02-03 08:11:48.581 I/service_manager_slow( 6251): [14,activity]
02-03 08:11:48.585 I/am_proc_bound( 1885): [0,6251,com.miui.face]
02-03 08:11:48.589 I/service_manager_slow( 6092): [138,uimode]
02-03 08:11:48.606 I/am_proc_start( 1885): [0,6360,10282,com.xiaomi.xmsf,service,{com.xiaomi.xmsf/com.xiaomi.push.service.XMPushService}]
02-03 08:11:48.611 I/am_proc_bound( 1885): [0,6286,com.miui.personalassistant]
02-03 08:11:48.615 I/am_uid_active( 1885): 10217
02-03 08:11:48.626 I/am_proc_bound( 1885): [0,6323,com.android.htmlviewer]
02-03 08:11:48.643 I/am_proc_bound( 1885): [0,6330,com.miui.vsimcore]
02-03 08:11:48.647 I/am_proc_bound( 1885): [0,6310,com.android.keychain]
02-03 08:11:48.655 I/am_uid_running( 1885): 10210
02-03 08:11:48.670 I/service_manager_slow( 6044): [65,game]
02-03 08:11:48.682 I/am_proc_start( 1885): [0,6409,1000,com.miui.securitycenter.remote,content provider,{com.miui.securitycenter/com.miui.networkassistant.provider.NetworkAssistantProvider}]
02-03 08:11:48.690 I/service_manager_slow( 6330): [43,miui.mqsas.MQSService]
02-03 08:11:48.696 I/service_manager_slow( 6310): [16,miui.mqsas.MQSService]
02-03 08:11:48.730 I/am_proc_bound( 1885): [0,6360,com.xiaomi.xmsf]
02-03 08:11:48.737 I/am_proc_start( 1885): [0,6443,10210,com.android.calendar,broadcast,{com.android.calendar/com.android.calendar.widget.AgendaWidgetProvider}]
02-03 08:11:48.754 I/[80800] ( 1885): [5479636,4194300,137440,2847052,139700,2846392,51200]
02-03 08:11:48.773 I/service_manager_slow( 6409): [40,activity]
02-03 08:11:48.781 I/am_proc_bound( 1885): [0,6409,com.miui.securitycenter.remote]
02-03 08:11:48.785 I/am_uid_running( 1885): 10343
02-03 08:11:48.811 I/am_proc_start( 1885): [0,6473,10343,com.mfashiongallery.emag,content provider,{com.mfashiongallery.emag/com.mfashiongallery.emag.LockscreenMagazineProvider}]
02-03 08:11:48.848 I/am_proc_bound( 1885): [0,6443,com.android.calendar]
02-03 08:11:48.853 I/am_uid_active( 1885): 10210
02-03 08:11:48.855 I/am_uid_running( 1885): 10204
02-03 08:11:48.889 I/am_proc_start( 1885): [0,6512,10204,com.google.android.onetimeinitializer,broadcast,{com.google.android.onetimeinitializer/com.google.android.onetimeinitializer.OneTimeInitializerReceiver}]
02-03 08:11:48.892 I/am_proc_bound( 1885): [0,6473,com.mfashiongallery.emag]
02-03 08:11:48.895 I/am_uid_active( 1885): 10343
02-03 08:11:48.969 I/service_manager_slow( 6251): [58,vendor.perfservice]
02-03 08:11:48.998 I/am_foreground_service_start( 1885): [0,com.android.providers.contacts/com.miui.providers.contacts.sim.SimStateChangedService,0,SYSTEM_ALLOW_LISTED,34,34,0,0,0,1,UNKNOWN,1]
02-03 08:11:49.000 I/am_foreground_service_stop( 1885): [0,com.android.providers.contacts/com.miui.providers.contacts.sim.SimStateChangedService,0,SYSTEM_ALLOW_LISTED,34,34,0,0,3,1,STOP_FOREGROUND,1]
02-03 08:11:49.029 I/am_proc_bound( 1885): [0,6512,com.google.android.onetimeinitializer]
02-03 08:11:49.033 I/am_uid_active( 1885): 10204
02-03 08:11:49.037 I/am_uid_running( 1885): 10225
02-03 08:11:49.046 I/am_foreground_service_start( 1885): [0,com.android.providers.contacts/com.miui.providers.contacts.sim.SimStateChangedService,0,SYSTEM_ALLOW_LISTED,34,34,0,0,0,1,UNKNOWN,1]
02-03 08:11:49.053 I/am_foreground_service_stop( 1885): [0,com.android.providers.contacts/com.miui.providers.contacts.sim.SimStateChangedService,0,SYSTEM_ALLOW_LISTED,34,34,1,0,7,1,STOP_SERVICE,1]
02-03 08:11:49.066 I/am_proc_start( 1885): [0,6576,10225,com.android.mms,broadcast,{com.android.mms/com.xiaomi.rcs.im.CMRcsBroadcastReceiver}]
02-03 08:11:49.113 I/gms_<private info omitted>( 5690): 2369
02-03 08:11:49.114 I/gms_<private info omitted>( 5690): 47106
02-03 08:11:49.114 I/am_proc_bound( 1885): [0,6576,com.android.mms]
02-03 08:11:49.146 I/commit_sys_config_file( 1885): [sync-accounts,7]
02-03 08:11:49.180 I/gms_<private info omitted>( 5690): 2369
02-03 08:11:49.180 I/gms_<private info omitted>( 5690): 47106
02-03 08:11:49.189 I/dvm_lock_sample( 5766): [com.google.android.inputmethod.l,1,main,1324,Runtime.java,-1,void java.lang.Runtime.loadLibrary0(java.lang.ClassLoader, java.lang.Class, java.lang.String),-,1084,void java.lang.Runtime.loadLibrary0(java.lang.ClassLoader, java.lang.Class, java.lang.String),5861]
02-03 08:11:49.239 I/service_manager_slow( 4105): [22,phone]
02-03 08:11:49.253 I/gms_<private info omitted>( 5690): [CheckinTask:duration,45]
02-03 08:11:49.292 I/gms_<private info omitted>( 5690): [CheckinTask:duration,0]
02-03 08:11:49.291 I/auditd  (    1): type=1107 audit(0.0:699): uid=0 auid=4294967295 ses=4294967295 subj=u:r:init:s0 msg='avc:  denied  { set } for property=persist.vendor.wlan.disable.mlo pid=6012 uid=1000 gid=1000 scontext=u:r:system_app:s0 tcontext=u:object_r:vendor_default_prop:s0 tclass=property_service permissive=0'
02-03 08:11:49.331 I/auditd  ( 5766): type=1400 audit(0.0:700): avc:  denied  { read } for  comm="putmethod.latin" name="u:object_r:vendor_displayfeature_prop:s0" dev="tmpfs" ino=17404 scontext=u:r:untrusted_app:s0:c25,c257,c512,c768 tcontext=u:object_r:vendor_displayfeature_prop:s0 tclass=file permissive=0 app=com.google.android.inputmethod.latin
02-03 08:11:49.364 I/am_uid_running( 1885): 10182
02-03 08:11:49.363 I/auditd  ( 6012): type=1400 audit(0.0:701): avc:  denied  { create } for  comm="com.miui.daemon" name="stabilityrecord" scontext=u:r:system_app:s0 tcontext=u:object_r:cache_file:s0 tclass=dir permissive=0
02-03 08:11:49.363 I/auditd  ( 6012): type=1400 audit(0.0:702): avc:  denied  { create } for  comm="com.miui.daemon" name="stabilityrecord" scontext=u:r:system_app:s0 tcontext=u:object_r:cache_file:s0 tclass=dir permissive=0
02-03 08:11:49.398 I/am_proc_start( 1885): [0,6717,10182,com.mobiletools.systemhelper,broadcast,{com.mobiletools.systemhelper/com.mobiletools.systemhelper.control.SIMStateReceiver}]
02-03 08:11:49.412 I/auditd  (  745): avc:  denied  { find } for interface=vendor.xiaomi.hardware.fbo::IFbo sid=u:r:system_server:s0 pid=1885 scontext=u:r:system_server:s0 tcontext=u:object_r:default_android_hwservice:s0 tclass=hwservice_manager permissive=0
02-03 08:11:49.448 I/auditd  (  744): avc:  denied  { find } for pid=6012 uid=1000 name=vendor.xiaomi.hardware.misys.common.IMiSysImpl/default scontext=u:r:system_app:s0 tcontext=u:object_r:default_android_service:s0 tclass=service_manager permissive=0
02-03 08:11:49.499 I/auditd  ( 6717): type=1400 audit(0.0:703): avc:  denied  { search } for  comm="re-initialized>" name="zram0" dev="sysfs" ino=65115 scontext=u:r:platform_app:s0:c512,c768 tcontext=u:object_r:sysfs_zram:s0 tclass=dir permissive=0 app=com.mobiletools.systemhelper
02-03 08:11:49.524 I/am_proc_bound( 1885): [0,6717,com.mobiletools.systemhelper]
02-03 08:11:49.535 I/commit_sys_config_file( 1885): [input-subtypes,15]
02-03 08:11:49.654 I/commit_sys_config_file( 1885): [jobs,23]
02-03 08:11:49.675 I/auditd  (  745): avc:  denied  { find } for interface=vendor.xiaomi.hardware.fbo::IFbo sid=u:r:system_server:s0 pid=1885 scontext=u:r:system_server:s0 tcontext=u:object_r:default_android_hwservice:s0 tclass=hwservice_manager permissive=0
02-03 08:11:49.677 I/am_uid_active( 1885): 10225
02-03 08:11:49.687 I/wm_on_application_create_called( 6044): [0,com.android.nfc,476]
02-03 08:11:49.687 I/am_foreground_service_start( 1885): [0,com.android.mms/com.xiaomi.rcs.im.CMRcsMessageProcessService,0,SYSTEM_ALERT_WINDOW_PERMISSION,34,34,0,0,0,1,UNKNOWN,1024]
02-03 08:11:49.709 I/am_foreground_service_stop( 1885): [0,com.android.mms/com.xiaomi.rcs.im.CMRcsMessageProcessService,0,SYSTEM_ALERT_WINDOW_PERMISSION,34,34,1,0,22,1,STOP_SERVICE,1024]
02-03 08:11:49.715 I/am_uid_running( 1885): 10274
02-03 08:11:49.727 I/notification_enqueue( 1885): [10225,6576,com.android.mms,114,NULL,0,Notification(channel=Channel_Foreground_Service shortcut=null contentView=null vibrate=null sound=null defaults=0x0 flags=0x0 color=0x00000000 groupKey=Channel_Foreground_Service_autogroup vis=PRIVATE),0]
02-03 08:11:49.730 I/am_proc_start( 1885): [0,6851,10274,com.xiaomi.simactivate.service,broadcast,{com.xiaomi.simactivate.service/com.xiaomi.activate.SimStateReceiver}]
02-03 08:11:49.733 I/service_manager_slow( 5247): [11,phone]
02-03 08:11:49.734 I/notification_enqueue( 1885): [10225,6576,com.android.mms,114,NULL,0,Notification(channel=Channel_Foreground_Service shortcut=null contentView=null vibrate=null sound=null defaults=0x0 flags=0x0 color=0x00000000 groupKey=Channel_Foreground_Service_autogroup vis=PRIVATE),0]
02-03 08:11:49.736 I/sysui_multi_action( 1885): [757,128,758,5,759,8,793,10,794,0,795,10,796,114,806,com.android.mms,857,Channel_Foreground_Service,858,4,946,Channel_Foreground_Service_autogroup,947,0,1500,10]
02-03 08:11:49.736 I/notification_canceled( 1885): [0|com.android.mms|114|null|10225,8,10,10,0,-1,-1,NULL]
02-03 08:11:49.769 I/am_wtf  ( 1885): [0,1885,system_server,-1,BootReceiver,open failed: ENOENT (No such file or directory)]
02-03 08:11:49.801 I/sysui_multi_action( 1885): [757,804,799,shutdown_activity_manager,801,254,802,1]
02-03 08:11:49.801 I/sysui_multi_action( 1885): [757,804,799,shutdown_radios,801,238,802,1]
02-03 08:11:49.801 I/sysui_multi_action( 1885): [757,804,799,shutdown_radio,801,234,802,1]
02-03 08:11:49.801 I/sysui_multi_action( 1885): [757,804,799,shutdown_send_shutdown_broadcast,801,471,802,1]
02-03 08:11:49.801 I/sysui_multi_action( 1885): [757,804,799,shutdown_system_server,801,1092,802,1]
02-03 08:11:49.801 I/sysui_multi_action( 1885): [757,804,799,shutdown_package_manager,801,125,802,1]
02-03 08:11:49.801 I/dvm_lock_sample( 1885): [system_server,0,backup-0,613,UserBackupManagerService.java,2533,void com.android.server.backup.UserBackupManagerService.dataChangedImpl(java.lang.String, java.util.HashSet),-,967,void com.android.server.backup.UserBackupManagerService.initPackageTracking(),3070]
02-03 08:11:49.803 I/commit_sys_config_file( 1885): [log-files,2]
02-03 08:11:49.804 I/am_uid_running( 1885): 10170
02-03 08:11:49.806 I/storage_state( 1885): [41217664-9172-527a-b3d5-edabb50a7d69,0,0,105412075520,113999065088]
02-03 08:11:49.818 I/am_proc_bound( 1885): [0,6851,com.xiaomi.simactivate.service]
02-03 08:11:49.824 I/am_proc_start( 1885): [0,6878,10170,android.process.media,content provider,{com.android.providers.downloads/com.android.providers.downloads.provider.DownloadProvider}]
02-03 08:11:49.845 I/am_proc_start( 1885): [0,6885,1000,com.miui.misightservice,broadcast,{com.miui.misightservice/com.miui.misightservice.MiSightReceiver}]
02-03 08:11:49.877 I/am_uid_running( 1885): 10245
02-03 08:11:49.882 I/am_proc_bound( 1885): [0,6878,android.process.media]
02-03 08:11:49.884 I/am_uid_active( 1885): 10170
02-03 08:11:49.893 I/am_proc_start( 1885): [0,6923,10245,com.miui.guardprovider,content provider,{com.miui.guardprovider/com.miui.guardprovider.GuardProvider}]
02-03 08:11:49.917 I/service_manager_slow( 6885): [12,activity]
02-03 08:11:49.919 I/am_proc_bound( 1885): [0,6885,com.miui.misightservice]
02-03 08:11:49.924 I/am_proc_start( 1885): [0,6934,1000,com.miui.securitycenter,service,{com.miui.securitycenter/com.xiaomi.mipush.sdk.PushMessageHandler}]
02-03 08:11:49.935 I/am_proc_start( 1885): [0,6936,1000,com.miui.notification:remote,broadcast,{com.miui.notification/com.miui.notification.BootReceiver}]
02-03 08:11:49.977 I/am_proc_bound( 1885): [0,6934,com.miui.securitycenter]
02-03 08:11:49.990 I/am_proc_bound( 1885): [0,6923,com.miui.guardprovider]
02-03 08:11:49.992 I/am_uid_active( 1885): 10245
02-03 08:11:49.994 I/am_proc_bound( 1885): [0,6936,com.miui.notification:remote]
02-03 08:11:50.015 I/wm_on_application_create_called( 6409): [0,com.miui.securitycenter,561]
02-03 08:11:50.087 I/service_manager_slow( 6936): [14,miui.mqsas.MQSService]
02-03 08:11:50.089 I/commit_sys_config_file( 1885): [settings-2-0,37]
02-03 08:11:50.093 I/service_manager_slow( 6885): [33,vendor.perfservice]
02-03 08:11:50.139 I/dvm_lock_sample( 5800): [com.xiaomi.metoknlp,0,system_imp_cache_manager,1966,ContextImpl.java,833,java.io.File android.app.ContextImpl.getFilesDir(),-,883,java.io.File[] android.app.ContextImpl.getExternalFilesDirs(java.lang.String),5980]
02-03 08:11:50.199 I/am_uid_running( 1885): 10209
02-03 08:11:50.213 I/am_proc_start( 1885): [0,7038,10209,com.xiaomi.aicr:cognitionService,content provider,{com.xiaomi.aicr/com.xiaomi.aicr.provider.OpenCapabilityProvider}]
02-03 08:11:50.288 I/am_proc_bound( 1885): [0,7038,com.xiaomi.aicr:cognitionService]
02-03 08:11:50.320 I/netstats_mobile_sample( 1885): [0,0,0,0,0,0,0,0,1770073910320]
02-03 08:11:50.320 I/netstats_wifi_sample( 1885): [0,0,0,0,0,0,0,0,1770073910320]
02-03 08:11:50.347 I/auditd  ( 6878): type=1400 audit(0.0:713): avc:  denied  { read } for  comm="d.process.media" name="plat_file_contexts" dev="dm-2" ino=18867446 scontext=u:r:mediaprovider:s0:c512,c768 tcontext=u:object_r:file_contexts_file:s0 tclass=file permissive=0 app=com.android.providers.media
02-03 08:11:50.347 I/auditd  ( 6878): type=1400 audit(0.0:714): avc:  denied  { read } for  comm="d.process.media" name="system_ext_file_contexts" dev="dm-3" ino=12217849 scontext=u:r:mediaprovider:s0:c512,c768 tcontext=u:object_r:file_contexts_file:s0 tclass=file permissive=0 app=com.android.providers.media
02-03 08:11:50.347 I/auditd  ( 6878): type=1400 audit(0.0:715): avc:  denied  { read } for  comm="d.process.media" name="product_file_contexts" dev="dm-1" ino=64391009 scontext=u:r:mediaprovider:s0:c512,c768 tcontext=u:object_r:file_contexts_file:s0 tclass=file permissive=0 app=com.android.providers.media
02-03 08:11:50.353 I/am_proc_start( 1885): [0,7136,1000,com.miui.powerkeeper,broadcast,{com.miui.powerkeeper/com.miui.powerkeeper.PowerKeeperReceiver}]
02-03 08:11:50.356 I/netstats_mobile_sample( 1885): [0,0,0,0,0,0,0,0,1770073910356]
02-03 08:11:50.356 I/netstats_wifi_sample( 1885): [0,0,0,0,0,0,0,0,1770073910356]
02-03 08:11:50.375 I/wm_on_application_create_called( 6286): [0,com.miui.personalassistant,212]
02-03 08:11:50.385 I/am_uid_active( 1885): 10282
02-03 08:11:50.402 I/am_proc_died( 1885): [0,6885,com.miui.misightservice,0,10]
02-03 08:11:50.403 I/am_schedule_service_restart( 1885): [0,com.miui.misightservice/.MiSightManagerService,1000]
02-03 08:11:50.443 I/service_manager_slow( 7136): [14,activity]
02-03 08:11:50.443 I/netstats_mobile_sample( 1885): [0,0,0,0,0,0,0,0,1770073910443]
02-03 08:11:50.443 I/netstats_wifi_sample( 1885): [0,0,0,0,0,0,0,0,1770073910443]
02-03 08:11:50.447 I/am_uid_running( 1885): 10253
02-03 08:11:50.464 I/am_proc_bound( 1885): [0,7136,com.miui.powerkeeper]
02-03 08:11:50.465 I/wm_on_application_create_called( 6473): [0,com.mfashiongallery.emag,230]
02-03 08:11:50.471 I/auditd  ( 6044): type=1400 audit(0.0:716): avc:  denied  { read } for  comm="SoundDecoder_1" name="u:object_r:vendor_audio_prop:s0" dev="tmpfs" ino=17361 scontext=u:r:nfc:s0 tcontext=u:object_r:vendor_audio_prop:s0 tclass=file permissive=0
02-03 08:11:50.477 I/am_proc_start( 1885): [0,7209,10253,com.xiaomi.account,service,{com.xiaomi.account/com.xiaomi.account.XiaomiAccountService}]
02-03 08:11:50.514 I/am_proc_start( 1885): [0,7219,1027,com.miui.tsmclient,broadcast,{com.miui.tsmclient/com.miui.tsmclient.NfcStateReceiver}]
02-03 08:11:50.475 I/auditd  ( 6044): type=1400 audit(0.0:717): avc:  denied  { read } for  comm="SoundDecoder_2" name="u:object_r:vendor_audio_prop:s0" dev="tmpfs" ino=17361 scontext=u:r:nfc:s0 tcontext=u:object_r:vendor_audio_prop:s0 tclass=file permissive=0
02-03 08:11:50.604 I/am_proc_bound( 1885): [0,7209,com.xiaomi.account]
02-03 08:11:50.607 I/am_uid_active( 1885): 10253
02-03 08:11:50.613 I/input_interaction( 1885): Interaction with: e65c05f com.miui.home/com.miui.home.launcher.Launcher (server), {touchableRegion=[0,0][1080,2400], inputConfig=DUPLICATE_TOUCH_TO_WALLPAPER}, d1e6af7 com.miui.miwallpaper.wallpaperservice.MiuiKeyguardPictorialWallpaper (server), [Gesture Monitor] miui-gesture (server), PointerEventDispatcher0 (server), 
02-03 08:11:50.614 I/am_uid_running( 1885): 10290
02-03 08:11:50.640 I/am_proc_bound( 1885): [0,7219,com.miui.tsmclient]
02-03 08:11:50.661 I/am_proc_start( 1885): [0,7298,10290,com.lbe.security.miui,content provider,{com.lbe.security.miui/com.lbe.security.service.provider.AutoStartManagerProvider}]
02-03 08:11:50.682 I/netstats_mobile_sample( 1885): [0,0,0,0,0,0,0,0,1770073910682]
02-03 08:11:50.682 I/netstats_wifi_sample( 1885): [0,0,0,0,0,0,0,0,1770073910682]
02-03 08:11:50.720 I/am_foreground_service_start( 1885): [0,com.miui.securitycenter/.service.RemoteService,1,PROC_STATE_PERSISTENT,34,34,0,0,0,1,UNKNOWN,1024]
02-03 08:11:50.726 I/wm_on_application_create_called( 6360): [0,com.xiaomi.xmsf,1242]
02-03 08:11:50.758 I/service_manager_slow( 6934): [46,isub]
02-03 08:11:50.769 I/am_uid_running( 1885): 10216
02-03 08:11:50.802 I/am_proc_start( 1885): [0,7350,10282,com.xiaomi.xmsf:services,service,{com.xiaomi.xmsf/com.xiaomi.xmsf.services.ServiceBoxService}]
02-03 08:11:50.829 I/am_proc_start( 1885): [0,7363,10216,com.miui.packageinstaller,content provider,{com.miui.packageinstaller/com.miui.packageInstaller.guide.SecurityModeGuideProvider}]
02-03 08:11:50.837 I/am_proc_bound( 1885): [0,7298,com.lbe.security.miui]
02-03 08:11:50.954 I/am_proc_died( 1885): [0,6936,com.miui.notification:remote,0,11]
02-03 08:11:50.967 I/am_proc_bound( 1885): [0,7363,com.miui.packageinstaller]
02-03 08:11:50.970 I/am_uid_active( 1885): 10216
02-03 08:11:50.974 I/am_uid_running( 1885): 10242
02-03 08:11:50.977 I/am_proc_bound( 1885): [0,7350,com.xiaomi.xmsf:services]
02-03 08:11:50.991 I/commit_sys_config_file( 1885): [settings-1-0,170]
02-03 08:11:51.055 I/am_proc_start( 1885): [0,7436,10242,com.miui.cloudservice,broadcast,{com.miui.cloudservice/com.xiaomi.accountsdk.activate.ActivateStatusReceiver}]
02-03 08:11:51.129 I/am_uid_running( 1885): 10165
02-03 08:11:51.147 I/am_uid_active( 1885): 10274
02-03 08:11:51.169 I/am_foreground_service_start( 1885): [0,com.android.mms/com.xiaomi.mms.transaction.MxActivateService,0,SYSTEM_ALERT_WINDOW_PERMISSION,34,34,0,0,0,1,UNKNOWN,1024]
02-03 08:11:51.170 I/am_proc_bound( 1885): [0,7436,com.miui.cloudservice]
02-03 08:11:51.187 I/notification_enqueue( 1885): [10225,6576,com.android.mms,114,NULL,0,Notification(channel=Channel_Foreground_Service shortcut=null contentView=null vibrate=null sound=null defaults=0x0 flags=0x40 color=0x00000000 groupKey=Channel_Foreground_Service_autogroup vis=PRIVATE),0]
02-03 08:11:51.189 I/am_proc_start( 1885): [0,7482,10165,com.android.providers.calendar,content provider,{com.android.providers.calendar/com.android.providers.calendar.CalendarProvider2}]
02-03 08:11:51.194 I/notification_enqueue( 1885): [10225,6576,com.android.mms,114,NULL,0,Notification(channel=Channel_Foreground_Service shortcut=null contentView=null vibrate=null sound=null defaults=0x0 flags=0x40 color=0x00000000 groupKey=Channel_Foreground_Service_autogroup vis=PRIVATE),0]
02-03 08:11:51.208 I/notification_enqueue( 1885): [10225,6576,com.android.mms,114,NULL,0,Notification(channel=Channel_Foreground_Service shortcut=null contentView=null vibrate=null sound=null defaults=0x0 flags=0x40 color=0x00000000 groupKey=Channel_Foreground_Service_autogroup vis=PRIVATE),0]
02-03 08:11:51.208 I/am_foreground_service_stop( 1885): [0,com.android.mms/com.xiaomi.mms.transaction.MxActivateService,0,SYSTEM_ALERT_WINDOW_PERMISSION,34,34,0,0,39,1,STOP_SERVICE,1024]
02-03 08:11:51.220 I/am_foreground_service_start( 1885): [0,com.android.mms/com.xiaomi.mms.transaction.MxActivateService,0,SYSTEM_ALERT_WINDOW_PERMISSION,34,34,0,0,0,1,UNKNOWN,1024]
02-03 08:11:51.226 I/notification_enqueue( 1885): [10225,6576,com.android.mms,114,NULL,0,Notification(channel=Channel_Foreground_Service shortcut=null contentView=null vibrate=null sound=null defaults=0x0 flags=0x40 color=0x00000000 groupKey=Channel_Foreground_Service_autogroup vis=PRIVATE),0]
02-03 08:11:51.232 I/sysui_multi_action( 1885): [757,128,758,5,759,8,793,47,794,0,795,47,796,114,806,com.android.mms,857,Channel_Foreground_Service,858,4,946,Channel_Foreground_Service_autogroup,947,0,1500,47,1688,1]
02-03 08:11:51.232 I/notification_canceled( 1885): [0|com.android.mms|114|null|10225,8,47,47,0,-1,-1,NULL]
02-03 08:11:51.245 I/notification_enqueue( 1885): [10225,6576,com.android.mms,114,NULL,0,Notification(channel=Channel_Foreground_Service shortcut=null contentView=null vibrate=null sound=null defaults=0x0 flags=0x40 color=0x00000000 groupKey=Channel_Foreground_Service_autogroup vis=PRIVATE),0]
02-03 08:11:51.278 I/am_proc_bound( 1885): [0,7482,com.android.providers.calendar]
02-03 08:11:51.285 I/notification_enqueue( 1885): [10225,6576,com.android.mms,114,NULL,0,Notification(channel=Channel_Foreground_Service shortcut=null contentView=null vibrate=null sound=null defaults=0x0 flags=0x40 color=0x00000000 groupKey=Channel_Foreground_Service_autogroup vis=PRIVATE),0]
02-03 08:11:51.290 I/am_foreground_service_stop( 1885): [0,com.android.mms/com.xiaomi.mms.transaction.MxActivateService,0,SYSTEM_ALERT_WINDOW_PERMISSION,34,34,0,0,70,1,STOP_SERVICE,1024]
02-03 08:11:51.292 I/notification_enqueue( 1885): [10225,6576,com.android.mms,114,NULL,0,Notification(channel=Channel_Foreground_Service shortcut=null contentView=null vibrate=null sound=null defaults=0x0 flags=0x40 color=0x00000000 groupKey=Channel_Foreground_Service_autogroup vis=PRIVATE),0]
02-03 08:11:51.299 I/notification_enqueue( 1885): [10225,6576,com.android.mms,114,NULL,0,Notification(channel=Channel_Foreground_Service shortcut=null contentView=null vibrate=null sound=null defaults=0x0 flags=0x0 color=0x00000000 groupKey=Channel_Foreground_Service_autogroup vis=PRIVATE),0]
02-03 08:11:51.300 I/sysui_multi_action( 1885): [757,128,758,5,759,8,793,69,794,0,795,69,796,114,806,com.android.mms,857,Channel_Foreground_Service,858,4,946,Channel_Foreground_Service_autogroup,947,0,1500,69,1688,1]
02-03 08:11:51.300 I/notification_canceled( 1885): [0|com.android.mms|114|null|10225,8,69,69,0,-1,-1,NULL]
02-03 08:11:51.314 I/wm_on_application_create_called( 6878): [0,com.android.providers.downloads,864]
02-03 08:11:51.363 I/notification_cancel_all( 1885): [1000,1885,com.miui.securitycenter,0,0,0,20,NULL]
02-03 08:11:51.364 I/wm_on_application_create_called( 7136): [0,com.miui.powerkeeper,212]
02-03 08:11:51.381 I/auditd  (  744): avc:  denied  { find } for pid=6409 uid=1000 name=vendor.xiaomi.hardware.micharge.IMiCharge/default scontext=u:r:system_app:s0 tcontext=u:object_r:default_android_service:s0 tclass=service_manager permissive=0
02-03 08:11:51.396 I/notification_cancel_all( 1885): [10170,6878,com.android.providers.downloads,0,0,32832,9,NULL]
02-03 08:11:51.404 I/wm_on_application_create_called( 7209): [0,com.xiaomi.account,224]
02-03 08:11:51.418 I/am_proc_start( 1885): [0,7564,1000,com.miui.misightservice,service,{com.miui.misightservice/com.miui.misightservice.MiSightManagerService}]
02-03 08:11:51.455 I/auditd  ( 6012): type=1400 audit(0.0:735): avc:  denied  { read } for  comm="pool-2-thread-9" name="u:object_r:vendor_security_spuari_prop:s0" dev="tmpfs" ino=21566 scontext=u:r:system_app:s0 tcontext=u:object_r:vendor_security_spuari_prop:s0 tclass=file permissive=0
02-03 08:11:51.455 I/auditd  ( 6012): type=1400 audit(0.0:736): avc:  denied  { read } for  comm="pool-2-thread-9" name="u:object_r:vendor_security_spuari_prop:s0" dev="tmpfs" ino=21566 scontext=u:r:system_app:s0 tcontext=u:object_r:vendor_security_spuari_prop:s0 tclass=file permissive=0
02-03 08:11:51.536 I/am_proc_bound( 1885): [0,7564,com.miui.misightservice]
02-03 08:11:51.555 I/auditd  ( 6409): type=1400 audit(0.0:737): avc:  denied  { read } for  comm="pool-3-thread-1" name="u:object_r:vendor_usb_prop:s0" dev="tmpfs" ino=21586 scontext=u:r:system_app:s0 tcontext=u:object_r:vendor_usb_prop:s0 tclass=file permissive=0
02-03 08:11:51.628 I/wm_on_application_create_called( 6012): [0,com.miui.daemon,2514]
02-03 08:11:51.631 I/auditd  (  813): type=1400 audit(0.0:738): avc:  denied  { open } for  comm="binder:813_2" path="/sys/devices/platform/soc/a300000.qcom,turing/subsys8/wakeup/wakeup58" dev="sysfs" ino=88643 scontext=u:r:system_suspend:s0 tcontext=u:object_r:sysfs:s0 tclass=dir permissive=0
02-03 08:11:51.635 I/auditd  (  813): type=1400 audit(0.0:739): avc:  denied  { open } for  comm="binder:813_2" path="/sys/devices/platform/soc/abb0000.qcom,evass/subsys3/wakeup/wakeup48" dev="sysfs" ino=87917 scontext=u:r:system_suspend:s0 tcontext=u:object_r:sysfs:s0 tclass=dir permissive=0
02-03 08:11:51.646 I/wm_on_application_create_called( 7363): [0,com.miui.packageinstaller,284]
02-03 08:11:51.744 I/am_uid_active( 1885): 10209
02-03 08:11:51.744 I/am_wtf  ( 1885): [0,1885,system_server,-1,ActivityManager,Background started FGS: Allowed [callingPackage: com.xiaomi.aicr; callingUid: 10209; uidState: CEM ; uidBFSL: n/a; intent: Intent { cmp=com.xiaomi.aicr/.access.AiCrCognitionService (has extras) }; code:BACKGROUND_FGS_PERMISSION; tempAllowListReason:<,reasonCode:SYSTEM_ALLOW_LISTED,duration:<private info omitted>5807,callingUid:-1>; targetSdkVersion:34; callerTargetSdkVersion:34; startForegroundCount:0; bindFromPackage:null: isBindService:false]]
02-03 08:11:51.788 I/am_foreground_service_start( 1885): [0,com.miui.tsmclient/.service.NfcStateService,1,PROC_STATE_PERSISTENT,34,34,0,0,0,1,UNKNOWN,1]
02-03 08:11:51.812 I/am_uid_running( 1885): 10309
02-03 08:11:51.815 I/service_manager_slow( 7136): [14,activity_task]
02-03 08:11:51.837 I/am_proc_start( 1885): [0,7764,10309,com.qualcomm.qti.poweroffalarm,broadcast,{com.qualcomm.qti.poweroffalarm/com.qualcomm.qti.poweroffalarm.PowerOffAlarmBroadcastReceiver}]
02-03 08:11:51.841 I/am_foreground_service_stop( 1885): [0,com.miui.tsmclient/.service.NfcStateService,1,PROC_STATE_PERSISTENT,34,34,1,0,53,1,STOP_SERVICE,1]
02-03 08:11:51.843 I/commit_sys_config_file( 1885): [snapshotFile: /data/system_ce/0/shortcut_service/shortcuts.xml,5]
02-03 08:11:51.852 I/dvm_lock_sample( 1885): [system_server,0,LauncherAppsService,712,ShortcutService.java,2962,java.util.List com.android.server.pm.ShortcutService$LocalService.getShortcuts(int, java.lang.String, long, java.lang.String, java.util.List, java.util.List, android.content.ComponentName, int, int, int, int),-,1099,void com.android.server.pm.ShortcutService.saveUser(int),2356]
02-03 08:11:51.853 I/dvm_lock_sample( 1885): [system_server,1,binder:1885_F,604,ShortcutService.java,2549,android.content.pm.ParceledListSlice com.android.server.pm.ShortcutService.getShortcuts(java.lang.String, int, int),-,1099,void com.android.server.pm.ShortcutService.saveUser(int),2356]
02-03 08:11:51.868 I/am_foreground_service_start( 1885): [0,com.xiaomi.aicr/.access.AiCrCognitionService,0,BACKGROUND_FGS_PERMISSION,34,34,0,0,0,1,UNKNOWN,1]
02-03 08:11:51.873 I/sysui_multi_action( 1885): [757,1717,758,1,759,0]
02-03 08:11:51.873 I/sysui_multi_action( 1885): [757,1717,758,2,759,3]
02-03 08:11:51.873 I/sysui_multi_action( 1885): [757,1717,758,3,759,0]
02-03 08:11:51.878 I/am_foreground_service_start( 1885): [0,com.miui.tsmclient/.service.NfcStateService,1,PROC_STATE_PERSISTENT,34,34,0,0,0,1,UNKNOWN,1]
02-03 08:11:51.885 I/notification_enqueue( 1885): [1027,7219,com.miui.tsmclient,1001,NULL,0,Notification(channel=TMS_CHANNEL_BACKGROUND_SERVICE shortcut=null contentView=null vibrate=[0] sound=null tick defaults=0x0 flags=0x40 color=0x00000000 groupKey=group_key_foreground_service vis=PRIVATE),0]
02-03 08:11:51.900 I/am_proc_died( 1885): [0,7564,com.miui.misightservice,0,10]
02-03 08:11:51.901 I/am_schedule_service_restart( 1885): [0,com.miui.misightservice/.MiSightManagerService,4000]
02-03 08:11:51.909 I/am_foreground_service_stop( 1885): [0,com.miui.tsmclient/.service.NfcStateService,1,PROC_STATE_PERSISTENT,34,34,0,0,32,1,STOP_SERVICE,1]
02-03 08:11:51.909 I/sysui_multi_action( 1885): [757,128,758,5,759,8,793,26,794,0,795,26,796,1001,806,com.miui.tsmclient,857,TMS_CHANNEL_BACKGROUND_SERVICE,858,2,946,group_key_foreground_service,947,0,1500,26,1688,4,1689,2,1690,1]
02-03 08:11:51.909 I/notification_canceled( 1885): [0|com.miui.tsmclient|1001|null|1027,8,26,26,0,-1,-1,NULL]
02-03 08:11:51.926 I/am_proc_bound( 1885): [0,7764,com.qualcomm.qti.poweroffalarm]
02-03 08:11:51.973 I/am_proc_start( 1885): [0,7808,1000,com.xiaomi.joyose,service,{com.xiaomi.joyose/com.xiaomi.joyose.securitycenter.GPUTunerService}]
02-03 08:11:52.017 I/am_uid_running( 1885): 10169
02-03 08:11:52.026 I/auditd  (  744): avc:  denied  { find } for pid=7764 uid=10309 name=vendor.qti.hardware.alarm.IAlarm/default scontext=u:r:vendor_poweroffalarm_app:s0:c53,c257,c512,c768 tcontext=u:object_r:default_android_service:s0 tclass=service_manager permissive=0
02-03 08:11:52.028 I/service_manager_slow( 7808): [16,activity]
02-03 08:11:52.029 I/am_proc_bound( 1885): [0,7808,com.xiaomi.joyose]
02-03 08:11:52.040 I/am_proc_start( 1885): [0,7846,10169,com.android.externalstorage,broadcast,{com.android.externalstorage/com.android.externalstorage.MountReceiver}]
02-03 08:11:52.055 I/backup_transport_lifecycle( 1885): [com.android.localtransport/.LocalTransportService,1]
02-03 08:11:52.063 I/commit_sys_config_file( 1885): [settings-2-0,22]
02-03 08:11:52.073 I/am_proc_start( 1885): [0,7850,1000,com.android.localtransport,service,{com.android.localtransport/com.android.localtransport.LocalTransportService}]
02-03 08:11:52.094 I/auditd  (  744): avc:  denied  { find } for pid=7764 uid=10309 name=vendor.qti.hardware.alarm.IAlarm/default scontext=u:r:vendor_poweroffalarm_app:s0:c53,c257,c512,c768 tcontext=u:object_r:default_android_service:s0 tclass=service_manager permissive=0
02-03 08:11:52.099 I/am_proc_bound( 1885): [0,7846,com.android.externalstorage]
