--------- beginning of radio
02-03 08:11:27.861 D/RILD    ( 2097): **RIL Daemon Started**
02-03 08:11:27.861 D/RILD    ( 2097): **RILd param count=3**
02-03 08:11:27.870 D/RILD    ( 2097): RIL_Init argc = 3 clientId = 2
02-03 08:11:27.879 D/RILD    ( 2097): deviceInfoServiceModuleNr found and loaded
02-03 08:11:27.883 D/RILD    ( 2080): **RIL Daemon Started**
02-03 08:11:27.883 D/RILD    ( 2080): **RILd param count=1**
02-03 08:11:27.883 D/RILD    ( 2080): RIL_Init argc = 3 clientId = 0
02-03 08:11:27.886 D/RILD    ( 2080): deviceInfoServiceModuleNr found and loaded
02-03 08:11:27.976 E/RILQ    ( 2080): log to /data/vendor/radio/ril_log for QCRIL logging is not enabled
02-03 08:11:28.043 W/RILC    ( 2080): RIL_onUnsolicitedResponse called before RIL_register
02-03 08:11:28.043 W/RILC    ( 2080): sendUnsolicitedResponseOverSocket called before RIL_register
02-03 08:11:28.065 D/RILD    ( 2080): RIL_Init rilInit completed
02-03 08:11:28.065 E/RILC    ( 2080): RIL_register: RIL version 15
02-03 08:11:28.065 I/RILC    ( 2080): s_registerCalled flag set, 1
02-03 08:11:28.075 D/RIL_SAP ( 2080): sap_register_service status=0
02-03 08:11:28.101 I/RILC    ( 2080): RILHIDL called registerService
02-03 08:11:28.101 I/RILC    ( 2080): Creating socket named /dev/socket/qcrild/rild0
02-03 08:11:28.102 I/RILC    ( 2080): Start to listen on socket /dev/socket/qcrild/rild0.
02-03 08:11:28.102 D/RILD    ( 2080): RIL_Init RIL_register completed
02-03 08:11:28.102 D/RILD    ( 2080): RIL_register_socket completed
02-03 08:11:28.102 D/RILD    ( 2080): ro.vendor.imeisv=0
02-03 08:11:28.102 W/Diag_Lib( 2080): RIL[0][xiaomi_extend_nvefs.c:205] xiaomi_nv_write_ex: function entry ------------->
02-03 08:11:28.102 W/Diag_Lib( 2080): RIL[0][xiaomi_extend_nvefs.c:209] xiaomi_nv_write_ex: xiaomi_nv_write, sub_id 0, nv_id: 5153, buf_len: 1
02-03 08:11:28.120 W/Diag_Lib( 2080): RIL[0][xiaomi_extend_nvefs.c:52] xiaomi_qmi_result_map: xiaomi_qmi_result_map, old_result 0, new_result 0
02-03 08:11:28.120 W/Diag_Lib( 2080): RIL[0][xiaomi_extend_nvefs.c:257] xiaomi_nv_write_ex: result = 0, rsp.result = 0
02-03 08:11:28.120 W/Diag_Lib( 2080): RIL[0][xiaomi_extend_nvefs.c:273] xiaomi_nv_write_ex: function exit <-------------
02-03 08:11:28.120 W/Diag_Lib( 2080): RIL[0][xiaomi_extend_nvefs.c:205] xiaomi_nv_write_ex: function entry ------------->
02-03 08:11:28.120 W/Diag_Lib( 2080): RIL[0][xiaomi_extend_nvefs.c:209] xiaomi_nv_write_ex: xiaomi_nv_write, sub_id 1, nv_id: 5153, buf_len: 1
02-03 08:11:28.121 W/Diag_Lib( 2080): RIL[0][xiaomi_extend_nvefs.c:52] xiaomi_qmi_result_map: xiaomi_qmi_result_map, old_result 0, new_result 0
02-03 08:11:28.121 W/Diag_Lib( 2080): RIL[0][xiaomi_extend_nvefs.c:257] xiaomi_nv_write_ex: result = 0, rsp.result = 0
02-03 08:11:28.121 W/Diag_Lib( 2080): RIL[0][xiaomi_extend_nvefs.c:273] xiaomi_nv_write_ex: function exit <-------------
02-03 08:11:28.376 E/RILQ    ( 2080): (0/2080): RIL[0][(2080,2122)] get_ecc_property_name: ecc list name : ril.ecclist.
02-03 08:11:28.382 E/RILQ    ( 2080): (0/2080): RIL[0][(2080,2122)] get_ecc_property_name: ecc list name : ril.ecclist.
02-03 08:11:28.882 E/RILQ    ( 2097): log to /data/vendor/radio/ril_log for QCRIL logging is not enabled
02-03 08:11:28.912 W/HYDRA   ( 2080): RIL[0][xiaomi_qcril_cmn.cc:2006] xiaomi_qcril_start_oem_thread: function entry ------------->
02-03 08:11:28.912 W/HYDRA   ( 2080): RIL[0][xiaomi_qcril_cmn.cc:1987] xiaomi_qcril_init_xiaomi_qmi: function entry ------------->
02-03 08:11:28.913 W/HYDRA   ( 2080): RIL[0][xiaomi_qcril_cmn.cc:2001] xiaomi_qcril_init_xiaomi_qmi: function exit <-------------
02-03 08:11:28.913 W/HYDRA   ( 2080): RIL[0][xiaomi_qcril_cmn.cc:1824] xiaomi_qcril_start_cmn_thread: function entry ------------->
02-03 08:11:28.913 W/HYDRA   ( 2080): RIL[0][xiaomi_qcril_cmn.cc:185] xiaomi_qcril_get_property_value: prop print is started
02-03 08:11:28.914 W/HYDRA   ( 2080): RIL[0][xiaomi_qcril_cmn.cc:233] xiaomi_qcril_get_property_value: ro.product.vendor.device: renoir
02-03 08:11:28.919 W/HYDRA   ( 2080): RIL[0][xiaomi_qcril_cmn.cc:233] xiaomi_qcril_get_property_value: persist.vendor.radio.print_prop: 1
02-03 08:11:28.919 W/HYDRA   ( 2080): RIL[0][xiaomi_qcril_cmn.cc:1596] xiaomi_qcril_print_property_value: prop print is started
02-03 08:11:28.919 W/HYDRA   ( 2080): RIL[0][xiaomi_qcril_cmn.cc:1625] xiaomi_qcril_print_property_value: persist.radio.cmn_init_num: 1
02-03 08:11:28.919 W/HYDRA   ( 2080): RIL[0][xiaomi_qcril_cmn.cc:233] xiaomi_qcril_get_property_value: persist.radio.cmn_init_num_max: -1
02-03 08:11:28.919 W/HYDRA   ( 2080): RIL[0][xiaomi_qcril_cmn.cc:1846] xiaomi_qcril_start_cmn_thread: g_cmn_init_num = 1, init_max_num = -1
02-03 08:11:28.919 W/HYDRA   ( 2080): RIL[0][xiaomi_qcril_cmn.cc:1854] xiaomi_qcril_start_cmn_thread: cmn oem_thread will be created
02-03 08:11:28.929 W/HYDRA   ( 2080): RIL[0][xiaomi_qcril_cmn.cc:1862] xiaomi_qcril_start_cmn_thread: cmn oem_thread is created, res = 0
02-03 08:11:28.929 W/HYDRA   ( 2080): RIL[0][xiaomi_qcril_cmn.cc:1866] xiaomi_qcril_start_cmn_thread: function exit <-------------
02-03 08:11:28.929 W/Diag_Lib( 2080): RIL[0][xiaomi_qcril_mbn.cc:5976] xiaomi_qcril_start_mbn_thread: function entry ------------->
02-03 08:11:28.929 W/HYDRA   ( 2080): RIL[0][xiaomi_qcril_cmn.cc:233] xiaomi_qcril_get_property_value: ro.product.vendor.device: renoir
02-03 08:11:28.929 W/HYDRA   ( 2080): RIL[0][xiaomi_qcril_cmn.cc:233] xiaomi_qcril_get_property_value: persist.radio.mbn_init_num_max: 2
02-03 08:11:28.929 W/Diag_Lib( 2080): RIL[0][xiaomi_qcril_mbn.cc:5997] xiaomi_qcril_start_mbn_thread: g_mbn_init_num = 1, init_max_num = 2
02-03 08:11:28.929 W/Diag_Lib( 2080): RIL[0][xiaomi_qcril_mbn.cc:6005] xiaomi_qcril_start_mbn_thread: mbn oem_thread will be created
02-03 08:11:28.929 W/Diag_Lib( 2080): RIL[0][xiaomi_qcril_mbn.cc:6013] xiaomi_qcril_start_mbn_thread: mbn_thread is created, res = 0
02-03 08:11:28.929 W/Diag_Lib( 2080): RIL[0][xiaomi_qcril_mbn.cc:6017] xiaomi_qcril_start_mbn_thread: function exit <-------------
02-03 08:11:28.929 W/Diag_Lib( 2080): RIL[0][xiaomi_qcril_mbn.cc:5924] xiaomi_qcril_mbn_thread_proc: function entry ------------->
02-03 08:11:28.929 W/HYDRA   ( 2080): RIL[0][xiaomi_qcril_cmn.cc:1941] xiaomi_qcril_start_offline_log_auto_start_thread: function entry ------------->
02-03 08:11:28.929 W/HYDRA   ( 2080): RIL[0][xiaomi_qcril_cmn.cc:233] xiaomi_qcril_get_property_value: ro.product.vendor.device: renoir
02-03 08:11:28.929 W/HYDRA   ( 2080): RIL[0][xiaomi_qcril_cmn.cc:233] xiaomi_qcril_get_property_value: ro.boot.factorybuild: 
02-03 08:11:28.929 W/HYDRA   ( 2080): RIL[0][xiaomi_qcril_cmn.cc:233] xiaomi_qcril_get_property_value: persist.radio.diag_init_num_max: 1
02-03 08:11:28.929 W/HYDRA   ( 2080): RIL[0][xiaomi_qcril_cmn.cc:1962] xiaomi_qcril_start_offline_log_auto_start_thread: g_offline_log_auto_start_init_num = 1, init_max_num = 1
02-03 08:11:28.929 W/HYDRA   ( 2080): RIL[0][xiaomi_qcril_cmn.cc:1320] xiaomi_qcril_is_factory_version: non factory version
02-03 08:11:28.929 W/HYDRA   ( 2080): RIL[0][xiaomi_qcril_cmn.cc:1970] xiaomi_qcril_start_offline_log_auto_start_thread: offline_log_auto_start oem_thread will be created
02-03 08:11:28.929 W/HYDRA   ( 2080): RIL[0][xiaomi_qcril_cmn.cc:233] xiaomi_qcril_get_property_value: persist.vendor.radio.mbn_wait_s: 2
02-03 08:11:28.929 W/Diag_Lib( 2080): RIL[0][xiaomi_qcril_mbn.cc:2880] xiaomi_qcril_mbn_wait_s: mbn wait_s = 2
02-03 08:11:28.929 W/Diag_Lib( 2080): RIL[0][xiaomi_qcril_mbn.cc:2884] xiaomi_qcril_mbn_wait_s: xiaomi qcril mbn start to wait 2s to init
02-03 08:11:28.930 W/HYDRA   ( 2080): RIL[0][xiaomi_qcril_cmn.cc:1978] xiaomi_qcril_start_offline_log_auto_start_thread: offline_log_auto_start oem_thread is created, res = 0
02-03 08:11:28.930 W/HYDRA   ( 2080): RIL[0][xiaomi_qcril_cmn.cc:1982] xiaomi_qcril_start_offline_log_auto_start_thread: function exit <-------------
02-03 08:11:28.930 W/HYDRA   ( 2080): RIL[0][xiaomi_qcril_stats.cc:1094] xiaomi_qcril_start_stats_thread: function entry ------------->
02-03 08:11:28.930 W/HYDRA   ( 2080): RIL[0][xiaomi_qcril_cmn.cc:233] xiaomi_qcril_get_property_value: ro.product.vendor.device: renoir
02-03 08:11:28.930 W/HYDRA   ( 2080): RIL[0][xiaomi_qcril_cmn.cc:233] xiaomi_qcril_get_property_value: persist.radio.stats_init_num_max: -1
02-03 08:11:28.930 W/HYDRA   ( 2080): RIL[0][xiaomi_qcril_cmn.cc:1876] xiaomi_qcril_offline_log_auto_start_thread_proc: function entry ------------->
02-03 08:11:28.930 W/HYDRA   ( 2080): RIL[0][xiaomi_qcril_stats.cc:1115] xiaomi_qcril_start_stats_thread: g_stats_init_num = 1, init_max_num = -1
02-03 08:11:28.930 W/HYDRA   ( 2080): RIL[0][xiaomi_qcril_stats.cc:1123] xiaomi_qcril_start_stats_thread: stats oem_thread will be created
02-03 08:11:28.930 W/HYDRA   ( 2080): RIL[0][xiaomi_qcril_cmn.cc:233] xiaomi_qcril_get_property_value: persist.vendor.radio.diag_log_auto: null
02-03 08:11:28.930 W/HYDRA   ( 2080): RIL[0][xiaomi_qcril_cmn.cc:1887] xiaomi_qcril_offline_log_auto_start_thread_proc: Offline log auto-starting feature is closed, will do nothing.
02-03 08:11:28.930 W/HYDRA   ( 2080): RIL[0][xiaomi_qcril_cmn.cc:589] xiaomi_qcril_wait_s: qcril wait_s_in = 3, wait_s = 3
02-03 08:11:28.930 W/HYDRA   ( 2080): RIL[0][xiaomi_qcril_cmn.cc:593] xiaomi_qcril_wait_s: xiaomi qcril start to wait 3s to init
02-03 08:11:28.930 W/HYDRA   ( 2080): RIL[0][xiaomi_qcril_stats.cc:1131] xiaomi_qcril_start_stats_thread: stats_thread is created, res = 0
02-03 08:11:28.930 W/HYDRA   ( 2080): RIL[0][xiaomi_qcril_stats.cc:1135] xiaomi_qcril_start_stats_thread: function exit <-------------
02-03 08:11:28.930 W/HYDRA   ( 2080): RIL[0][xiaomi_qcril_cmn.cc:2016] xiaomi_qcril_start_oem_thread: function exit <-------------
02-03 08:11:28.930 W/HYDRA   ( 2080): RIL[0][xiaomi_qcril_stats.cc:1047] xiaomi_qcril_stats_thread_proc: function entry ------------->
02-03 08:11:28.932 W/HYDRA   ( 2080): RIL[0][xiaomi_qcril_cmn.cc:233] xiaomi_qcril_get_property_value: persist.vendor.radio.print_stats: 2
02-03 08:11:28.932 W/HYDRA   ( 2080): RIL[0][xiaomi_qcril_stats.cc:1061] xiaomi_qcril_stats_thread_proc: stats print is stoped
02-03 08:11:28.932 W/HYDRA   ( 2080): RIL[0][xiaomi_qcril_cmn.cc:233] xiaomi_qcril_get_property_value: persist.vendor.radio.stats_wait_s: 0
02-03 08:11:28.933 W/HYDRA   ( 2080): RIL[0][xiaomi_qcril_stats.cc:993] xiaomi_qcril_stats_wait_s: stats wait_s = 0
02-03 08:11:28.933 W/HYDRA   ( 2080): RIL[0][xiaomi_qcril_stats.cc:1003] xiaomi_qcril_stats_wait_s: xiaomi qcril stats will not wait
02-03 08:11:28.933 W/HYDRA   ( 2080): RIL[0][xiaomi_qcril_stats.cc:946] xiaomi_qcril_stats_init: function entry ------------->
02-03 08:11:28.933 W/HYDRA   ( 2080): RIL[0][xiaomi_qcril_stats.cc:948] xiaomi_qcril_stats_init: old g_hydra_qmi_client_id = -1
02-03 08:11:28.933 W/HYDRA   ( 2080): RIL[0][xiaomi_qcril_cmn.cc:1778] xiaomi_qcril_oem_thread_proc: function entry ------------->
02-03 08:11:28.933 W/HYDRA   ( 2080): RIL[0][xiaomi_qcril_cmn.cc:233] xiaomi_qcril_get_property_value: persist.radio.qril_wait_s: 5
02-03 08:11:28.933 W/HYDRA   ( 2080): RIL[0][xiaomi_qcril_cmn.cc:589] xiaomi_qcril_wait_s: qcril wait_s_in = -1, wait_s = 5
02-03 08:11:28.933 W/HYDRA   ( 2080): RIL[0][xiaomi_qcril_cmn.cc:593] xiaomi_qcril_wait_s: xiaomi qcril start to wait 5s to init
02-03 08:11:28.937 E/RILQ    ( 2080): (0/2080): RIL[0][(2080,2192)] qcril_data_get_dds_sub_info: DSD Client unavailable
02-03 08:11:28.937 D/Diag_Lib( 2080): DDIIGG get sno
02-03 08:11:28.939 W/RILC    ( 2097): RIL_onUnsolicitedResponse called before RIL_register
02-03 08:11:28.939 W/RILC    ( 2097): sendUnsolicitedResponseOverSocket called before RIL_register
02-03 08:11:28.944 W/HYDRA   ( 2080): RIL[0][xiaomi_qcril_stats.cc:960] xiaomi_qcril_stats_init: new g_hydra_qmi_client_id = 0
02-03 08:11:28.944 W/HYDRA   ( 2080): RIL[0][xiaomi_qcril_stats.cc:962] xiaomi_qcril_stats_init: function exit <-------------
02-03 08:11:28.944 W/HYDRA   ( 2080): RIL[0][xiaomi_qcril_cmn.cc:233] xiaomi_qcril_get_property_value: ro.miui.build.region: JP
02-03 08:11:28.944 W/HYDRA   ( 2080): RIL[0][xiaomi_qcril_cmn.cc:1428] xiaomi_qcril_is_china_version: not China version
02-03 08:11:28.944 W/HYDRA   ( 2080): RIL[0][xiaomi_qcril_cmn.cc:233] xiaomi_qcril_get_property_value: persist.vendor.radio.stats_switch: 1
02-03 08:11:28.944 W/HYDRA   ( 2080): RIL[0][xiaomi_qcril_cmn.cc:1466] xiaomi_qcril_build_type_get: function entry ------------->
02-03 08:11:28.944 W/HYDRA   ( 2080): RIL[0][xiaomi_qcril_cmn.cc:1320] xiaomi_qcril_is_factory_version: non factory version
02-03 08:11:28.944 W/HYDRA   ( 2080): RIL[0][xiaomi_qcril_cmn.cc:233] xiaomi_qcril_get_property_value: ro.cust.test: 
02-03 08:11:28.944 W/HYDRA   ( 2080): RIL[0][xiaomi_qcril_cmn.cc:1347] xiaomi_qcril_is_ct_test_version: not ct test version
02-03 08:11:28.944 W/HYDRA   ( 2080): RIL[0][xiaomi_qcril_cmn.cc:233] xiaomi_qcril_get_property_value: ro.cust.test: 
02-03 08:11:28.944 W/HYDRA   ( 2080): RIL[0][xiaomi_qcril_cmn.cc:1374] xiaomi_qcril_is_cmcc_test_version: not cmcc test version
02-03 08:11:28.944 W/HYDRA   ( 2080): RIL[0][xiaomi_qcril_cmn.cc:233] xiaomi_qcril_get_property_value: ro.cust.test: 
02-03 08:11:28.944 W/HYDRA   ( 2080): RIL[0][xiaomi_qcril_cmn.cc:1401] xiaomi_qcril_is_cu_test_version: not cu test version
02-03 08:11:28.944 W/HYDRA   ( 2080): RIL[0][xiaomi_qcril_cmn.cc:1497] xiaomi_qcril_build_type_get: build_type: 1
02-03 08:11:28.944 W/HYDRA   ( 2080): RIL[0][xiaomi_qcril_cmn.cc:1499] xiaomi_qcril_build_type_get: function exit <-------------
02-03 08:11:28.944 W/HYDRA   ( 2080): RIL[0][xiaomi_qcril_stats.cc:1031] xiaomi_qcril_stats_init_modem_switch: switch_flag: 1
02-03 08:11:28.947 D/Diag_Lib( 2080): DDIIGG read sno OK
02-03 08:11:28.951 D/Diag_Lib( 2080): DDIIGG get psno
02-03 08:11:28.952 D/Diag_Lib( 2080): DDIIGG read psno OK
02-03 08:11:28.952 W/Diag_Lib( 2080): RIL[0][xiaomi_extend_nvefs.c:396] xiaomi_efs_read: function entry ------------->
02-03 08:11:28.952 W/Diag_Lib( 2080): RIL[0][xiaomi_extend_nvefs.c:400] xiaomi_efs_read: xiaomi_efs_read, sub_id 0, path_len: 43
02-03 08:11:28.952 W/Diag_Lib( 2080): RIL[0][xiaomi_extend_nvefs.c:437] xiaomi_efs_read: buf_len: 1
02-03 08:11:28.952 W/Diag_Lib( 2080): RIL[0][xiaomi_extend_nvefs.c:447] xiaomi_efs_read: path_value: /nv/item_files/mcfg/mcfg_autoselect_by_uim
02-03 08:11:28.953 W/Diag_Lib( 2080): RIL[0][xiaomi_extend_nvefs.c:52] xiaomi_qmi_result_map: xiaomi_qmi_result_map, old_result 0, new_result 0
02-03 08:11:28.953 W/Diag_Lib( 2080): RIL[0][xiaomi_extend_nvefs.c:468] xiaomi_efs_read: result = 0, rsp.result = 0
02-03 08:11:28.953 W/Diag_Lib( 2080): RIL[0][xiaomi_extend_nvefs.c:486] xiaomi_efs_read: data_len_all = 1, data_len_send = 1, data_len_recv = 1, read_count = 1, data_len_cur = 0
02-03 08:11:28.953 W/Diag_Lib( 2080): RIL[0][xiaomi_extend_nvefs.c:502] xiaomi_efs_read: abort, buf_len <= data_len_recv
02-03 08:11:28.953 W/Diag_Lib( 2080): RIL[0][xiaomi_extend_nvefs.c:523] xiaomi_efs_read: function exit <-------------
02-03 08:11:28.953 E/Diag_Lib( 2080): DDIIGG mcfg_autoselect_by_uim = 7
02-03 08:11:28.977 D/Diag_Lib( 2080): read oem nv:6853 content:6853: 1;83;1;5;3;0;0;0;0;0;0;0;0;0;0;0;0;0;0;0;0;0;0;0;0;0;0;0;0;0;0;
02-03 08:11:28.978 D/Diag_Lib( 2080): read oem nv:6854 content:6854: 5;0;0;0;0;0;0;0;0;0;0;0;0;0;0;0;0;0;0;0;0;0;0;0;0;0;0;0;0;0;0;
02-03 08:11:28.979 D/Diag_Lib( 2080): read oem nv:6855 content:6855: 0;0;0;0;0;0;0;0;0;0;0;0;0;0;0;0;0;0;0;0;0;0;0;0;0;0;0;0;0;83886081;87445;
02-03 08:11:28.979 D/Diag_Lib( 2080): read oem nv:6856 content:6856: 825307441;825307441;825307441;825307441;825307441;825307441;1313754702;1313754702;1313754702;1313754702;1313754702;1313754702;1312837198;1313754702;1313754702;1313754702;1313754702;1313754702;1313754702;1313754702;1313754702;1313754702;1313754702;1313754702;1313754702;78;0;9;0;0;0;
02-03 08:11:28.980 D/Diag_Lib( 2080): read oem nv:6857 result 5
02-03 08:11:28.980 D/Diag_Lib( 2080): read oem nv:6858 content:6858: 0;0;0;0;0;0;0;0;0;0;0;0;0;0;0;0;0;0;0;0;0;2;0;0;0;0;0;0;0;0;0;
02-03 08:11:28.981 D/Diag_Lib( 2080): read oem nv:6859 content:6859: 0;0;0;0;0;1;0;0;0;0;0;0;0;0;0;0;0;0;0;0;0;0;0;0;0;0;0;0;0;0;0;
02-03 08:11:28.982 D/Diag_Lib( 2080): read oem nv:6860 content:6860: 0;16864552;0;0;0;0;0;0;0;0;9985;0;0;0;0;0;0;0;0;0;-1;0;0;0;104448;146472960;-553619456;-1601564904;-12582655;134218500;0;
02-03 08:11:28.986 D/Diag_Lib( 2080): sku index:3 res-code:MATCH
02-03 08:11:28.987 D/Diag_Lib( 2080): get_mtbf_flag  0
02-03 08:11:28.998 D/Diag_Lib( 2080): get_sdr_vendor 0, oem[20]=0xffffffff
02-03 08:11:29.009 W/RILC    ( 2097): RIL_onUnsolicitedResponse called before RIL_register
02-03 08:11:29.009 W/RILC    ( 2097): sendUnsolicitedResponseOverSocket called before RIL_register
02-03 08:11:29.010 W/RILC    ( 2097): RIL_onUnsolicitedResponse called before RIL_register
02-03 08:11:29.010 W/RILC    ( 2097): sendUnsolicitedResponseOverSocket called before RIL_register
02-03 08:11:29.010 D/Diag_Lib( 2080): get_factory_id  0 , len = 31
02-03 08:11:29.013 E/RILQ    ( 2080): (0/2080): RIL[0][(2080,2122)] get_ecc_property_name: ecc list name : ril.ecclist.
02-03 08:11:29.013 W/RILC    ( 2097): RIL_onUnsolicitedResponse called before RIL_register
02-03 08:11:29.013 W/RILC    ( 2097): sendUnsolicitedResponseOverSocket called before RIL_register
02-03 08:11:29.014 E/RILQ    ( 2097): (1/2097): RIL[1][(2097,2429)] qcril_data_get_dds_sub_info: DSD Client unavailable
02-03 08:11:29.019 D/RILD    ( 2097): RIL_Init rilInit completed
02-03 08:11:29.019 E/RILC    ( 2097): RIL_register: RIL version 15
02-03 08:11:29.019 I/RILC    ( 2097): s_registerCalled flag set, 1
02-03 08:11:29.021 E/RILQ    ( 2080): (0/2080): RIL[0][(2080,2122)] get_ecc_property_name: ecc list name : ril.ecclist.
02-03 08:11:29.027 D/RIL_SAP ( 2097): sap_register_service status=0
02-03 08:11:29.038 I/RILC    ( 2097): RILHIDL called registerService
02-03 08:11:29.038 I/RILC    ( 2097): Creating socket named /dev/socket/qcrild/rild1
02-03 08:11:29.038 I/RILC    ( 2097): Start to listen on socket /dev/socket/qcrild/rild1.
02-03 08:11:29.038 D/RILD    ( 2097): RIL_Init RIL_register completed
02-03 08:11:29.038 D/RILD    ( 2097): RIL_register_socket completed
02-03 08:11:29.038 D/RILD    ( 2097): ro.vendor.imeisv=0
02-03 08:11:29.038 W/Diag_Lib( 2097): RIL[1][xiaomi_extend_nvefs.c:205] xiaomi_nv_write_ex: function entry ------------->
02-03 08:11:29.038 W/Diag_Lib( 2097): RIL[1][xiaomi_extend_nvefs.c:209] xiaomi_nv_write_ex: xiaomi_nv_write, sub_id 0, nv_id: 5153, buf_len: 1
02-03 08:11:29.064 W/Diag_Lib( 2097): RIL[1][xiaomi_extend_nvefs.c:52] xiaomi_qmi_result_map: xiaomi_qmi_result_map, old_result 0, new_result 0
02-03 08:11:29.064 W/Diag_Lib( 2097): RIL[1][xiaomi_extend_nvefs.c:257] xiaomi_nv_write_ex: result = 0, rsp.result = 0
02-03 08:11:29.064 W/Diag_Lib( 2097): RIL[1][xiaomi_extend_nvefs.c:273] xiaomi_nv_write_ex: function exit <-------------
02-03 08:11:29.064 W/Diag_Lib( 2097): RIL[1][xiaomi_extend_nvefs.c:205] xiaomi_nv_write_ex: function entry ------------->
02-03 08:11:29.064 W/Diag_Lib( 2097): RIL[1][xiaomi_extend_nvefs.c:209] xiaomi_nv_write_ex: xiaomi_nv_write, sub_id 1, nv_id: 5153, buf_len: 1
02-03 08:11:29.065 W/Diag_Lib( 2097): RIL[1][xiaomi_extend_nvefs.c:52] xiaomi_qmi_result_map: xiaomi_qmi_result_map, old_result 0, new_result 0
02-03 08:11:29.065 W/Diag_Lib( 2097): RIL[1][xiaomi_extend_nvefs.c:257] xiaomi_nv_write_ex: result = 0, rsp.result = 0
02-03 08:11:29.065 W/Diag_Lib( 2097): RIL[1][xiaomi_extend_nvefs.c:273] xiaomi_nv_write_ex: function exit <-------------
02-03 08:11:29.088 E/RILQ    ( 2080): (0/2080): RIL[0][(2080,2122)] get_ecc_property_name: ecc list name : ril.ecclist.
02-03 08:11:29.109 W/HYDRA   ( 2097): RIL[1][xiaomi_qcril_cmn.cc:2006] xiaomi_qcril_start_oem_thread: function entry ------------->
02-03 08:11:29.109 W/HYDRA   ( 2097): RIL[1][xiaomi_qcril_cmn.cc:1987] xiaomi_qcril_init_xiaomi_qmi: function entry ------------->
02-03 08:11:29.109 W/HYDRA   ( 2097): RIL[1][xiaomi_qcril_cmn.cc:1993] xiaomi_qcril_init_xiaomi_qmi: xiaomi_qmi will be only inited in primary rild
02-03 08:11:29.109 W/HYDRA   ( 2097): RIL[1][xiaomi_qcril_cmn.cc:2001] xiaomi_qcril_init_xiaomi_qmi: function exit <-------------
02-03 08:11:29.109 W/HYDRA   ( 2097): RIL[1][xiaomi_qcril_cmn.cc:1824] xiaomi_qcril_start_cmn_thread: function entry ------------->
02-03 08:11:29.109 W/HYDRA   ( 2097): RIL[1][xiaomi_qcril_cmn.cc:185] xiaomi_qcril_get_property_value: prop print is started
02-03 08:11:29.110 W/HYDRA   ( 2097): RIL[1][xiaomi_qcril_cmn.cc:233] xiaomi_qcril_get_property_value: ro.product.vendor.device: renoir
02-03 08:11:29.110 W/HYDRA   ( 2097): RIL[1][xiaomi_qcril_cmn.cc:1839] xiaomi_qcril_start_cmn_thread: oem_thread will be only done by primary rild
02-03 08:11:29.110 W/HYDRA   ( 2097): RIL[1][xiaomi_qcril_cmn.cc:1866] xiaomi_qcril_start_cmn_thread: function exit <-------------
02-03 08:11:29.110 W/Diag_Lib( 2097): RIL[1][xiaomi_qcril_mbn.cc:5976] xiaomi_qcril_start_mbn_thread: function entry ------------->
02-03 08:11:29.110 W/HYDRA   ( 2097): RIL[1][xiaomi_qcril_cmn.cc:233] xiaomi_qcril_get_property_value: ro.product.vendor.device: renoir
02-03 08:11:29.110 W/Diag_Lib( 2097): RIL[1][xiaomi_qcril_mbn.cc:5991] xiaomi_qcril_start_mbn_thread: oem_thread will be only done by primary rild
02-03 08:11:29.110 W/Diag_Lib( 2097): RIL[1][xiaomi_qcril_mbn.cc:6017] xiaomi_qcril_start_mbn_thread: function exit <-------------
02-03 08:11:29.110 W/HYDRA   ( 2097): RIL[1][xiaomi_qcril_cmn.cc:1941] xiaomi_qcril_start_offline_log_auto_start_thread: function entry ------------->
02-03 08:11:29.110 W/HYDRA   ( 2097): RIL[1][xiaomi_qcril_cmn.cc:233] xiaomi_qcril_get_property_value: ro.product.vendor.device: renoir
02-03 08:11:29.110 W/HYDRA   ( 2097): RIL[1][xiaomi_qcril_cmn.cc:1956] xiaomi_qcril_start_offline_log_auto_start_thread: oem_thread will be only done by primary rild
02-03 08:11:29.110 W/HYDRA   ( 2097): RIL[1][xiaomi_qcril_cmn.cc:1982] xiaomi_qcril_start_offline_log_auto_start_thread: function exit <-------------
02-03 08:11:29.110 W/HYDRA   ( 2097): RIL[1][xiaomi_qcril_stats.cc:1094] xiaomi_qcril_start_stats_thread: function entry ------------->
02-03 08:11:29.110 W/HYDRA   ( 2097): RIL[1][xiaomi_qcril_cmn.cc:233] xiaomi_qcril_get_property_value: ro.product.vendor.device: renoir
02-03 08:11:29.110 W/HYDRA   ( 2097): RIL[1][xiaomi_qcril_stats.cc:1109] xiaomi_qcril_start_stats_thread: oem_thread will be only done by primary rild
02-03 08:11:29.110 W/HYDRA   ( 2097): RIL[1][xiaomi_qcril_stats.cc:1135] xiaomi_qcril_start_stats_thread: function exit <-------------
02-03 08:11:29.110 W/HYDRA   ( 2097): RIL[1][xiaomi_qcril_cmn.cc:2016] xiaomi_qcril_start_oem_thread: function exit <-------------
02-03 08:11:29.114 E/RILQ    ( 2097): (1/2097): RIL[1][(2097,2429)] qcril_data_get_dds_sub_info: DSD Client unavailable
02-03 08:11:29.115 D/Diag_Lib( 2097): DDIIGG get sno
02-03 08:11:29.115 D/Diag_Lib( 2097): DDIIGG get psno
02-03 08:11:29.118 E/RILQ    ( 2097): (1/2097): RIL[1][(2097,2120)] get_ecc_property_name: ecc list name : ril.ecclist1.
02-03 08:11:29.120 E/RILQ    ( 2097): (1/2097): RIL[1][(2097,2120)] get_ecc_property_name: ecc list name : ril.ecclist1.
02-03 08:11:29.132 E/RILC    ( 2080): Unsupported unsolicited response code 1028
02-03 08:11:29.133 E/RILC    ( 2080): Unsupported unsolicited response code 1028
02-03 08:11:29.161 E/RILQ    ( 2080): (0/2080): RIL[0][(2080,2192)] qcril_data_get_dds_sub_info: DSD Client unavailable
02-03 08:11:29.163 E/RILC    ( 2080): radioStateChangedInd: radioService[0]->mRadioIndication == NULL
02-03 08:11:29.163 I/qcrilNrd( 2080): currentState() -> Radio Off(0)
02-03 08:11:29.163 I/RILC    ( 2080): UNSOLICITED: UNSOL_RESPONSE_RADIO_STATE_CHANGED length: 0
02-03 08:11:29.295 E/RILC    ( 2080): Unsupported unsolicited response code 1028
02-03 08:11:30.915 E/RILQ    ( 2097): (1/2097): RIL[1][(2097,2120)] get_ecc_property_name: ecc list name : ril.ecclist1.
02-03 08:11:30.915 E/RILQ    ( 2097): (1/2097): RIL[1][(2097,2120)] get_ecc_property_name: ecc list name : ril.ecclist1.
02-03 08:11:30.918 E/RILQ    ( 2080): (0/2080): RIL[0][(2080,2122)] get_ecc_property_name: ecc list name : ril.ecclist.
02-03 08:11:30.918 E/RILQ    ( 2080): (0/2080): RIL[0][(2080,2122)] get_ecc_property_name: ecc list name : ril.ecclist.
02-03 08:11:30.919 E/RILQ    ( 2080): (0/2080): RIL[0][(2080,2122)] get_ecc_property_name: ecc list name : ril.ecclist.
02-03 08:11:30.920 E/RILC    ( 2080): Unsupported unsolicited response code 1028
02-03 08:11:30.930 W/Diag_Lib( 2080): RIL[0][xiaomi_qcril_mbn.cc:2886] xiaomi_qcril_mbn_wait_s: xiaomi qcril mbn end to wait 2s to init
02-03 08:11:30.930 W/Diag_Lib( 2080): RIL[0][xiaomi_qcril_mbn.cc:5941] xiaomi_qcril_mbn_thread_proc: g_qcril_mbn_is_running = 0
02-03 08:11:30.930 W/Diag_Lib( 2080): RIL[0][xiaomi_qcril_mbn.cc:5806] xiaomi_qcril_mbn_update: function entry ------------->
02-03 08:11:30.930 E/Diag_Lib( 2080): RIL[0][xiaomi_qcril_mbn.cc:5807] xiaomi_qcril_mbn_update: update_flag: 0
02-03 08:11:30.932 W/HYDRA   ( 2080): RIL[0][xiaomi_qcril_cmn.cc:1625] xiaomi_qcril_print_property_value: persist.radio.modem_sw_mbn_flag: 0
02-03 08:11:30.933 W/HYDRA   ( 2080): RIL[0][xiaomi_qcril_cmn.cc:1625] xiaomi_qcril_print_property_value: persist.radio.modem_hw_mbn_flag: 0
02-03 08:11:30.933 W/Diag_Lib( 2080): RIL[0][xiaomi_qcril_mbn.cc:4960] xiaomi_qcril_hw_mbn_check_and_update: function entry ------------->
02-03 08:11:30.933 W/HYDRA   ( 2080): RIL[0][xiaomi_qcril_cmn.cc:233] xiaomi_qcril_get_property_value: persist.vendor.radio.dynamic_load_mbn: 7
02-03 08:11:30.933 W/HYDRA   ( 2080): RIL[0][xiaomi_qcril_cmn.cc:233] xiaomi_qcril_get_property_value: persist.vendor.radio.hw_mbn_auto_select: 1
02-03 08:11:30.934 W/HYDRA   ( 2080): RIL[0][xiaomi_qcril_cmn.cc:233] xiaomi_qcril_get_property_value: persist.radio.multisim.config: dsds
02-03 08:11:30.934 W/HYDRA   ( 2080): RIL[0][xiaomi_qcril_cmn.cc:1520] xiaomi_qcril_get_single_sim_flag: non single sim version
02-03 08:11:30.934 W/Diag_Lib( 2080): RIL[0][xiaomi_qcril_mbn.cc:4665] xiaomi_qcril_get_hw_mbn_txt_path_by_product_info: function entry ------------->
02-03 08:11:30.934 W/HYDRA   ( 2080): RIL[0][xiaomi_qcril_cmn.cc:233] xiaomi_qcril_get_property_value: persist.radio.multisim.config: dsds
02-03 08:11:30.934 W/HYDRA   ( 2080): RIL[0][xiaomi_qcril_cmn.cc:1520] xiaomi_qcril_get_single_sim_flag: non single sim version
02-03 08:11:30.934 W/Diag_Lib( 2080): RIL[0][xiaomi_qcril_mbn.cc:4377] xiaomi_qcril_hw_mbn_txt_find_mbn_cust_data: function entry ------------->
02-03 08:11:30.934 W/HYDRA   ( 2080): RIL[0][xiaomi_qcril_cmn.cc:233] xiaomi_qcril_get_property_value: ro.product.vendor.device: renoir
02-03 08:11:30.934 W/HYDRA   ( 2080): RIL[0][xiaomi_qcril_cmn.cc:233] xiaomi_qcril_get_property_value: ro.vendor.miui.build.region: 
02-03 08:11:30.934 W/HYDRA   ( 2080): RIL[0][xiaomi_qcril_cmn.cc:233] xiaomi_qcril_get_property_value: ro.boot.hwc: JP
02-03 08:11:30.934 W/HYDRA   ( 2080): RIL[0][xiaomi_qcril_cmn.cc:1466] xiaomi_qcril_build_type_get: function entry ------------->
02-03 08:11:30.934 W/HYDRA   ( 2080): RIL[0][xiaomi_qcril_cmn.cc:1320] xiaomi_qcril_is_factory_version: non factory version
02-03 08:11:30.934 W/HYDRA   ( 2080): RIL[0][xiaomi_qcril_cmn.cc:1347] xiaomi_qcril_is_ct_test_version: not ct test version
02-03 08:11:30.934 W/HYDRA   ( 2080): RIL[0][xiaomi_qcril_cmn.cc:1374] xiaomi_qcril_is_cmcc_test_version: not cmcc test version
02-03 08:11:30.934 W/HYDRA   ( 2080): RIL[0][xiaomi_qcril_cmn.cc:1401] xiaomi_qcril_is_cu_test_version: not cu test version
02-03 08:11:30.934 W/HYDRA   ( 2080): RIL[0][xiaomi_qcril_cmn.cc:1497] xiaomi_qcril_build_type_get: build_type: 1
02-03 08:11:30.934 W/HYDRA   ( 2080): RIL[0][xiaomi_qcril_cmn.cc:1499] xiaomi_qcril_build_type_get: function exit <-------------
02-03 08:11:30.934 W/Diag_Lib( 2080): RIL[0][xiaomi_extend_cmn.c:312] xiaomi_modem_chipset_id_get: function entry ------------->
02-03 08:11:30.934 W/Diag_Lib( 2080): RIL[0][xiaomi_extend_cmn.c:170] xiaomi_common_qmi_req: function entry ------------->
02-03 08:11:30.934 W/Diag_Lib( 2080): RIL[0][xiaomi_extend_cmn.c:208] xiaomi_common_qmi_req: function exit <-------------
02-03 08:11:30.934 W/Diag_Lib( 2080): RIL[0][xiaomi_extend_cmn.c:319] xiaomi_modem_chipset_id_get: get result = 0, rsp.result = 0
02-03 08:11:30.934 W/Diag_Lib( 2080): RIL[0][xiaomi_extend_cmn.c:334] xiaomi_modem_chipset_id_get: The current chipset_id: 1
02-03 08:11:30.934 W/Diag_Lib( 2080): RIL[0][xiaomi_extend_cmn.c:338] xiaomi_modem_chipset_id_get: function exit <-------------
02-03 08:11:30.934 W/HYDRA   ( 2080): RIL[0][xiaomi_qcril_cmn.cc:1293] xiaomi_qcril_get_chipset_id: chipset_id = 1
02-03 08:11:30.936 W/HYDRA   ( 2080): RIL[0][xiaomi_qcril_cmn.cc:1625] xiaomi_qcril_print_property_value: persist.radio.chipset_id: 1
02-03 08:11:30.936 W/Diag_Lib( 2080): RIL[0][xiaomi_qcril_mbn.cc:4418] xiaomi_qcril_hw_mbn_txt_find_mbn_cust_data: Fuzzy match ok, idx(0)
02-03 08:11:30.936 W/Diag_Lib( 2080): RIL[0][xiaomi_qcril_mbn.cc:4432] xiaomi_qcril_hw_mbn_txt_find_mbn_cust_data: Find the cust: product_name(renoir), miui_build_region(), single_sim_flag(0), hardware_type(JP), build_type(1), chipset_id(1)
02-03 08:11:30.936 W/Diag_Lib( 2080): RIL[0][xiaomi_qcril_mbn.cc:4435] xiaomi_qcril_hw_mbn_txt_find_mbn_cust_data: function exit <-------------
02-03 08:11:30.936 W/Diag_Lib( 2080): RIL[0][xiaomi_qcril_mbn.cc:4683] xiaomi_qcril_get_hw_mbn_txt_path_by_product_info: Find cust hw mbn txt path, size_mbn_txt_path = 72, hw_mbn_txt_path: /readonly/firmware/image/modem_pr/mcfg/configs/mcfg_hw/oem_hw_cedros.txt
02-03 08:11:30.936 W/HYDRA   ( 2080): RIL[0][xiaomi_qcril_cmn.cc:233] xiaomi_qcril_get_property_value: persist.radio.hw_mbn_txt_path: 
02-03 08:11:30.936 W/Diag_Lib( 2080): RIL[0][xiaomi_qcril_mbn.cc:4705] xiaomi_qcril_get_hw_mbn_txt_path_by_product_info: function exit <-------------
02-03 08:11:30.936 W/Diag_Lib( 2080): RIL[0][xiaomi_qcril_mbn.cc:3782] xiaomi_qcril_get_hw_mbn_txt_path_from_modem: function entry ------------->
02-03 08:11:30.936 W/Diag_Lib( 2080): RIL[0][xiaomi_extend_cmn.c:349] xiaomi_mcfg_mbn_txt_path_get: function entry ------------->
02-03 08:11:30.936 W/Diag_Lib( 2080): RIL[0][xiaomi_extend_cmn.c:353] xiaomi_mcfg_mbn_txt_path_get: mbn_msg_type = 11
02-03 08:11:30.936 W/Diag_Lib( 2080): RIL[0][xiaomi_extend_cmn.c:170] xiaomi_common_qmi_req: function entry ------------->
02-03 08:11:30.936 W/Diag_Lib( 2080): RIL[0][xiaomi_extend_cmn.c:208] xiaomi_common_qmi_req: function exit <-------------
02-03 08:11:30.936 W/Diag_Lib( 2080): RIL[0][xiaomi_extend_cmn.c:370] xiaomi_mcfg_mbn_txt_path_get: get result = 0, rsp.result = 0
02-03 08:11:30.936 W/Diag_Lib( 2080): RIL[0][xiaomi_extend_cmn.c:386] xiaomi_mcfg_mbn_txt_path_get: path_val: /readonly/firmware/image/modem_pr/mcfg/configs/mcfg_hw/oem_hw_cedros.txt
02-03 08:11:30.936 W/Diag_Lib( 2080): RIL[0][xiaomi_extend_cmn.c:392] xiaomi_mcfg_mbn_txt_path_get: function exit <-------------
02-03 08:11:30.936 W/Diag_Lib( 2080): RIL[0][xiaomi_qcril_mbn.cc:3787] xiaomi_qcril_get_hw_mbn_txt_path_from_modem: ret: 0, hw_mbn_txt_path: /readonly/firmware/image/modem_pr/mcfg/configs/mcfg_hw/oem_hw_cedros.txt
02-03 08:11:30.936 W/Diag_Lib( 2080): RIL[0][xiaomi_qcril_mbn.cc:3798] xiaomi_qcril_get_hw_mbn_txt_path_from_modem: function exit <-------------
02-03 08:11:30.936 W/Diag_Lib( 2080): RIL[0][xiaomi_qcril_mbn.cc:5033] xiaomi_qcril_hw_mbn_check_and_update: hw_mbn_txt_path_bp: /readonly/firmware/image/modem_pr/mcfg/configs/mcfg_hw/oem_hw_cedros.txt
02-03 08:11:30.936 W/Diag_Lib( 2080): RIL[0][xiaomi_qcril_mbn.cc:5034] xiaomi_qcril_hw_mbn_check_and_update: hw_mbn_txt_path_ap: /readonly/firmware/image/modem_pr/mcfg/configs/mcfg_hw/oem_hw_cedros.txt
02-03 08:11:30.936 E/Diag_Lib( 2080): RIL[0][xiaomi_qcril_mbn.cc:5062] xiaomi_qcril_hw_mbn_check_and_update: ============================== HW MBN will not update(TXT) ==========================================================================
02-03 08:11:30.936 W/Diag_Lib( 2080): RIL[0][xiaomi_qcril_mbn.cc:5067] xiaomi_qcril_hw_mbn_check_and_update: function exit <-------------
02-03 08:11:30.936 W/Diag_Lib( 2080): RIL[0][xiaomi_qcril_mbn.cc:5416] xiaomi_qcril_sw_mbn_check_and_update: function entry ------------->
02-03 08:11:30.936 W/HYDRA   ( 2080): RIL[0][xiaomi_qcril_cmn.cc:233] xiaomi_qcril_get_property_value: persist.vendor.radio.dynamic_load_mbn: 7
02-03 08:11:30.936 W/Diag_Lib( 2080): RIL[0][xiaomi_qcril_mbn.cc:831] xiaomi_qcril_pdc_init: function entry ------------->
02-03 08:11:30.936 W/Diag_Lib( 2080): RIL[0][xiaomi_qcril_mbn.cc:844] xiaomi_qcril_pdc_init: start xiaomi pdc init, g_pdc_init_status = -1, force_init = 0
02-03 08:11:30.936 E/PDC_UTIL( 2080): pdc_info init done
02-03 08:11:30.937 I/PDC_UTIL( 2080): qmi_client_init succeeds for PDC
02-03 08:11:30.937 W/Diag_Lib( 2080): RIL[0][xiaomi_qcril_mbn.cc:861] xiaomi_qcril_pdc_init: function exit <-------------
02-03 08:11:30.937 W/Diag_Lib( 2080): RIL[0][xiaomi_qcril_mbn.cc:5265] xiaomi_qcril_get_sw_mbn_txt_path_by_product_info: function entry ------------->
02-03 08:11:30.937 W/HYDRA   ( 2080): RIL[0][xiaomi_qcril_cmn.cc:233] xiaomi_qcril_get_property_value: persist.radio.multisim.config: dsds
02-03 08:11:30.937 W/HYDRA   ( 2080): RIL[0][xiaomi_qcril_cmn.cc:1520] xiaomi_qcril_get_single_sim_flag: non single sim version
02-03 08:11:30.937 W/Diag_Lib( 2080): RIL[0][xiaomi_qcril_mbn.cc:4452] xiaomi_qcril_sw_mbn_txt_find_mbn_cust_data: function entry ------------->
02-03 08:11:30.937 W/HYDRA   ( 2080): RIL[0][xiaomi_qcril_cmn.cc:233] xiaomi_qcril_get_property_value: ro.product.vendor.device: renoir
02-03 08:11:30.937 W/HYDRA   ( 2080): RIL[0][xiaomi_qcril_cmn.cc:233] xiaomi_qcril_get_property_value: ro.vendor.miui.build.region: 
02-03 08:11:30.937 W/HYDRA   ( 2080): RIL[0][xiaomi_qcril_cmn.cc:233] xiaomi_qcril_get_property_value: ro.boot.hwc: JP
02-03 08:11:30.937 W/HYDRA   ( 2080): RIL[0][xiaomi_qcril_cmn.cc:1466] xiaomi_qcril_build_type_get: function entry ------------->
02-03 08:11:30.937 W/HYDRA   ( 2080): RIL[0][xiaomi_qcril_cmn.cc:1320] xiaomi_qcril_is_factory_version: non factory version
02-03 08:11:30.937 W/HYDRA   ( 2080): RIL[0][xiaomi_qcril_cmn.cc:1347] xiaomi_qcril_is_ct_test_version: not ct test version
02-03 08:11:30.937 W/HYDRA   ( 2080): RIL[0][xiaomi_qcril_cmn.cc:1374] xiaomi_qcril_is_cmcc_test_version: not cmcc test version
02-03 08:11:30.937 W/HYDRA   ( 2080): RIL[0][xiaomi_qcril_cmn.cc:1401] xiaomi_qcril_is_cu_test_version: not cu test version
02-03 08:11:30.937 W/HYDRA   ( 2080): RIL[0][xiaomi_qcril_cmn.cc:1497] xiaomi_qcril_build_type_get: build_type: 1
02-03 08:11:30.937 W/HYDRA   ( 2080): RIL[0][xiaomi_qcril_cmn.cc:1499] xiaomi_qcril_build_type_get: function exit <-------------
02-03 08:11:30.937 W/Diag_Lib( 2080): RIL[0][xiaomi_extend_cmn.c:312] xiaomi_modem_chipset_id_get: function entry ------------->
02-03 08:11:30.937 W/Diag_Lib( 2080): RIL[0][xiaomi_extend_cmn.c:170] xiaomi_common_qmi_req: function entry ------------->
02-03 08:11:30.937 W/Diag_Lib( 2080): RIL[0][xiaomi_extend_cmn.c:208] xiaomi_common_qmi_req: function exit <-------------
02-03 08:11:30.937 W/Diag_Lib( 2080): RIL[0][xiaomi_extend_cmn.c:319] xiaomi_modem_chipset_id_get: get result = 0, rsp.result = 0
02-03 08:11:30.937 W/Diag_Lib( 2080): RIL[0][xiaomi_extend_cmn.c:334] xiaomi_modem_chipset_id_get: The current chipset_id: 1
02-03 08:11:30.937 W/Diag_Lib( 2080): RIL[0][xiaomi_extend_cmn.c:338] xiaomi_modem_chipset_id_get: function exit <-------------
02-03 08:11:30.937 W/HYDRA   ( 2080): RIL[0][xiaomi_qcril_cmn.cc:1293] xiaomi_qcril_get_chipset_id: chipset_id = 1
02-03 08:11:30.940 W/HYDRA   ( 2080): RIL[0][xiaomi_qcril_cmn.cc:1625] xiaomi_qcril_print_property_value: persist.radio.chipset_id: 1
02-03 08:11:30.940 W/Diag_Lib( 2080): RIL[0][xiaomi_qcril_mbn.cc:4503] xiaomi_qcril_sw_mbn_txt_find_mbn_cust_data: Not find the cust: product_name(renoir), miui_build_region(), single_sim_flag(0), hardware_type(JP), build_type(1), chipset_id(1)
02-03 08:11:30.940 W/Diag_Lib( 2080): RIL[0][xiaomi_qcril_mbn.cc:4510] xiaomi_qcril_sw_mbn_txt_find_mbn_cust_data: function exit <-------------
02-03 08:11:30.940 W/Diag_Lib( 2080): RIL[0][xiaomi_qcril_mbn.cc:5273] xiaomi_qcril_get_sw_mbn_txt_path_by_product_info: Not find cust mbn info
02-03 08:11:30.940 W/HYDRA   ( 2080): RIL[0][xiaomi_qcril_cmn.cc:233] xiaomi_qcril_get_property_value: persist.vendor.radio.cdma_cap: true
02-03 08:11:30.940 W/Diag_Lib( 2080): RIL[0][xiaomi_qcril_mbn.cc:5306] xiaomi_qcril_get_sw_mbn_txt_path_by_product_info: cdma cap is on, will use ct hvolte mbn, size_mbn_txt_path = 65, sw_mbn_txt_path: /readonly/firmware/image/modem_pr/mcfg/configs/mcfg_sw/oem_sw.txt
02-03 08:11:30.940 W/HYDRA   ( 2080): RIL[0][xiaomi_qcril_cmn.cc:233] xiaomi_qcril_get_property_value: persist.radio.sw_mbn_txt_path: 
02-03 08:11:30.940 W/Diag_Lib( 2080): RIL[0][xiaomi_qcril_mbn.cc:5314] xiaomi_qcril_get_sw_mbn_txt_path_by_product_info: function exit <-------------
02-03 08:11:30.940 W/Diag_Lib( 2080): RIL[0][xiaomi_qcril_mbn.cc:3720] xiaomi_qcril_get_sw_mbn_txt_path_from_modem: function entry ------------->
02-03 08:11:30.940 W/Diag_Lib( 2080): RIL[0][xiaomi_extend_cmn.c:349] xiaomi_mcfg_mbn_txt_path_get: function entry ------------->
02-03 08:11:30.940 W/Diag_Lib( 2080): RIL[0][xiaomi_extend_cmn.c:353] xiaomi_mcfg_mbn_txt_path_get: mbn_msg_type = 9
02-03 08:11:30.940 W/Diag_Lib( 2080): RIL[0][xiaomi_extend_cmn.c:170] xiaomi_common_qmi_req: function entry ------------->
02-03 08:11:30.940 W/Diag_Lib( 2080): RIL[0][xiaomi_extend_cmn.c:208] xiaomi_common_qmi_req: function exit <-------------
02-03 08:11:30.940 W/Diag_Lib( 2080): RIL[0][xiaomi_extend_cmn.c:370] xiaomi_mcfg_mbn_txt_path_get: get result = 0, rsp.result = 0
02-03 08:11:30.940 W/Diag_Lib( 2080): RIL[0][xiaomi_extend_cmn.c:386] xiaomi_mcfg_mbn_txt_path_get: path_val: /readonly/firmware/image/modem_pr/mcfg/configs/mcfg_sw/oem_sw.txt
02-03 08:11:30.940 W/Diag_Lib( 2080): RIL[0][xiaomi_extend_cmn.c:392] xiaomi_mcfg_mbn_txt_path_get: function exit <-------------
02-03 08:11:30.940 W/Diag_Lib( 2080): RIL[0][xiaomi_qcril_mbn.cc:3725] xiaomi_qcril_get_sw_mbn_txt_path_from_modem: ret: 0, sw_mbn_txt_path: /readonly/firmware/image/modem_pr/mcfg/configs/mcfg_sw/oem_sw.txt
02-03 08:11:30.940 W/Diag_Lib( 2080): RIL[0][xiaomi_qcril_mbn.cc:3736] xiaomi_qcril_get_sw_mbn_txt_path_from_modem: function exit <-------------
02-03 08:11:30.940 W/Diag_Lib( 2080): RIL[0][xiaomi_qcril_mbn.cc:5450] xiaomi_qcril_sw_mbn_check_and_update: sw_mbn_txt_path_bp: /readonly/firmware/image/modem_pr/mcfg/configs/mcfg_sw/oem_sw.txt
02-03 08:11:30.940 W/Diag_Lib( 2080): RIL[0][xiaomi_qcril_mbn.cc:5451] xiaomi_qcril_sw_mbn_check_and_update: sw_mbn_txt_path_ap: /readonly/firmware/image/modem_pr/mcfg/configs/mcfg_sw/oem_sw.txt
02-03 08:11:30.940 W/Diag_Lib( 2080): RIL[0][xiaomi_qcril_mbn.cc:5462] xiaomi_qcril_sw_mbn_check_and_update: The matched txt path is same with modem's, will not update it.
02-03 08:11:30.940 E/Diag_Lib( 2080): RIL[0][xiaomi_qcril_mbn.cc:5463] xiaomi_qcril_sw_mbn_check_and_update: ============================== SW MBN will not update ===============================================================================
02-03 08:11:30.940 W/Diag_Lib( 2080): RIL[0][xiaomi_qcril_mbn.cc:5468] xiaomi_qcril_sw_mbn_check_and_update: function exit <-------------
02-03 08:11:30.940 W/Diag_Lib( 2080): RIL[0][xiaomi_qcril_mbn.cc:5568] xiaomi_qcril_mbn_max_size_check_and_update: function entry ------------->
02-03 08:11:30.940 W/HYDRA   ( 2080): RIL[0][xiaomi_qcril_cmn.cc:233] xiaomi_qcril_get_property_value: persist.vendor.radio.dynamic_load_mbn: 7
02-03 08:11:30.940 W/Diag_Lib( 2080): RIL[0][xiaomi_extend_cmn.c:170] xiaomi_common_qmi_req: function entry ------------->
02-03 08:11:30.940 W/Diag_Lib( 2080): RIL[0][xiaomi_extend_cmn.c:208] xiaomi_common_qmi_req: function exit <-------------
02-03 08:11:30.940 W/Diag_Lib( 2080): RIL[0][xiaomi_qcril_mbn.cc:5583] xiaomi_qcril_mbn_max_size_check_and_update: get result = 0, rsp.result = 0
02-03 08:11:30.940 W/Diag_Lib( 2080): RIL[0][xiaomi_qcril_mbn.cc:5598] xiaomi_qcril_mbn_max_size_check_and_update: The current size_max: 300, the demand value: 300
02-03 08:11:30.940 E/Diag_Lib( 2080): RIL[0][xiaomi_qcril_mbn.cc:5623] xiaomi_qcril_mbn_max_size_check_and_update: ============================== MCFG_CONFIG_LIST_SIZE_MAX will not update ============================================================
02-03 08:11:30.940 W/Diag_Lib( 2080): RIL[0][xiaomi_qcril_mbn.cc:5628] xiaomi_qcril_mbn_max_size_check_and_update: function exit <-------------
02-03 08:11:30.940 W/Diag_Lib( 2080): RIL[0][xiaomi_qcril_mbn.cc:5682] xiaomi_qcril_nvefs_check_and_update: function entry ------------->
02-03 08:11:30.940 W/Diag_Lib( 2080): RIL[0][xiaomi_qcril_mbn.cc:5641] xiaomi_qcril_nvefs_cdma_check_and_update: function entry ------------->
02-03 08:11:30.940 W/HYDRA   ( 2080): RIL[0][xiaomi_qcril_cmn.cc:233] xiaomi_qcril_get_property_value: persist.vendor.radio.dynamic_load_nvefs: 0
02-03 08:11:30.940 W/Diag_Lib( 2080): RIL[0][xiaomi_qcril_mbn.cc:5649] xiaomi_qcril_nvefs_cdma_check_and_update: The nvefs-updating process for cdma feature is closed, will do nothing
02-03 08:11:30.940 W/Diag_Lib( 2080): RIL[0][xiaomi_qcril_mbn.cc:5673] xiaomi_qcril_nvefs_cdma_check_and_update: function exit <-------------
02-03 08:11:30.940 W/Diag_Lib( 2080): RIL[0][xiaomi_qcril_mbn.cc:5696] xiaomi_qcril_nvefs_check_and_update: ============================== NVEFS will not update ================================================================================
02-03 08:11:30.940 W/Diag_Lib( 2080): RIL[0][xiaomi_qcril_mbn.cc:5699] xiaomi_qcril_nvefs_check_and_update: function exit <-------------
02-03 08:11:30.940 W/Diag_Lib( 2080): RIL[0][xiaomi_qcril_mbn.cc:5845] xiaomi_qcril_mbn_update: ============================== MBN And NVEFS will not update ========================================================================
02-03 08:11:30.940 W/Diag_Lib( 2080): RIL[0][xiaomi_qcril_mbn.cc:5735] xiaomi_qcril_mbn_update_done: function entry ------------->
02-03 08:11:30.940 W/Diag_Lib( 2080): RIL[0][xiaomi_qcril_mbn.cc:2246] xiaomi_qcril_reload_modem_all_mbn_config_from_ap: function entry ------------->
02-03 08:11:30.940 W/Diag_Lib( 2080): RIL[0][xiaomi_qcril_mbn.cc:2250] xiaomi_qcril_reload_modem_all_mbn_config_from_ap: config_type = 1
02-03 08:11:30.940 W/HYDRA   ( 2080): RIL[0][xiaomi_qcril_cmn.cc:233] xiaomi_qcril_get_property_value: persist.vendor.radio.sw_mbn_reload_flag: 0
02-03 08:11:30.941 W/Diag_Lib( 2080): RIL[0][xiaomi_qcril_mbn.cc:2257] xiaomi_qcril_reload_modem_all_mbn_config_from_ap: SW Mbn-reloading feature is closed, will do nothing
02-03 08:11:30.941 W/Diag_Lib( 2080): RIL[0][xiaomi_qcril_mbn.cc:2297] xiaomi_qcril_reload_modem_all_mbn_config_from_ap: function exit <-------------
02-03 08:11:30.941 W/Diag_Lib( 2080): RIL[0][xiaomi_qcril_mbn.cc:5747] xiaomi_qcril_mbn_check_and_save: function entry ------------->
02-03 08:11:30.941 W/Diag_Lib( 2080): RIL[0][xiaomi_qcril_mbn.cc:5750] xiaomi_qcril_mbn_check_and_save: ------------------------------ MBN check start(wait) ----------------------------------------------------------------------------------------------
02-03 08:11:30.941 W/HYDRA   ( 2080): RIL[0][xiaomi_qcril_cmn.cc:233] xiaomi_qcril_get_property_value: persist.vendor.radio.mbn_wait_s: 2
02-03 08:11:30.941 W/HYDRA   ( 2080): RIL[0][xiaomi_qcril_cmn.cc:233] xiaomi_qcril_get_property_value: persist.vendor.radio.mbn_check_wait_s: 38
02-03 08:11:30.941 W/Diag_Lib( 2080): RIL[0][xiaomi_qcril_mbn.cc:2912] xiaomi_qcril_mbn_check_wait_s: mbn update wait_s = 2
02-03 08:11:30.941 W/Diag_Lib( 2080): RIL[0][xiaomi_qcril_mbn.cc:2913] xiaomi_qcril_mbn_check_wait_s: mbn check wait_s = 38
02-03 08:11:30.941 W/Diag_Lib( 2080): RIL[0][xiaomi_qcril_mbn.cc:2917] xiaomi_qcril_mbn_check_wait_s: xiaomi qcril mbn check start to wait 38s to init
02-03 08:11:31.930 W/HYDRA   ( 2080): RIL[0][xiaomi_qcril_cmn.cc:595] xiaomi_qcril_wait_s: xiaomi qcril end to wait 3s to init
02-03 08:11:31.930 W/HYDRA   ( 2080): RIL[0][xiaomi_qcril_cmn.cc:1927] xiaomi_qcril_offline_log_auto_start_thread_proc: function exit <-------------
02-03 08:11:32.038 W/HYDRA   ( 2080): RIL[0][xiaomi_qcril_stats.cc:815] xiaomi_qcril_stats_callback_event_cb: function entry ------------->
02-03 08:11:32.038 W/HYDRA   ( 2080): RIL[0][xiaomi_qcril_stats.cc:822] xiaomi_qcril_stats_callback_event_cb: event_id = 2, data_len = 8, p_data = -1504079596
02-03 08:11:32.038 W/HYDRA   ( 2080): RIL[0][xiaomi_qcril_stats.cc:837] xiaomi_qcril_stats_callback_event_cb: change_data_num = 0
02-03 08:11:32.039 W/HYDRA   ( 2080): RIL[0][xiaomi_qcril_stats.cc:841] xiaomi_qcril_stats_callback_event_cb: change_data_num is empty
02-03 08:11:32.039 W/HYDRA   ( 2080): RIL[0][xiaomi_qcril_stats.cc:940] xiaomi_qcril_stats_callback_event_cb: function exit <-------------
02-03 08:11:32.039 W/HYDRA   ( 2080): RIL[0][xiaomi_qcril_stats.cc:1042] xiaomi_qcril_stats_init_modem_switch: result = 0
02-03 08:11:32.039 W/HYDRA   ( 2080): RIL[0][xiaomi_qcril_stats.cc:993] xiaomi_qcril_stats_wait_s: stats wait_s = 3
02-03 08:11:32.039 W/HYDRA   ( 2080): RIL[0][xiaomi_qcril_stats.cc:997] xiaomi_qcril_stats_wait_s: xiaomi qcril stats start to wait 3s to init
02-03 08:11:32.544 D/TelephonyRegistry( 1885): listen oscl: mHasNotifySubscriptionInfoChangedOccurred==false no callback
02-03 08:11:32.611 D/TelephonyRegistry( 1885): listen oscl: mHasNotifySubscriptionInfoChangedOccurred==false no callback
02-03 08:11:32.915 D/TelephonyRegistry( 1885): listen oscl: mHasNotifySubscriptionInfoChangedOccurred==false no callback
02-03 08:11:33.672 D/TelephonyRegistry( 1885): listen oscl: mHasNotifySubscriptionInfoChangedOccurred==false no callback
02-03 08:11:33.934 W/HYDRA   ( 2080): RIL[0][xiaomi_qcril_cmn.cc:595] xiaomi_qcril_wait_s: xiaomi qcril end to wait 5s to init
02-03 08:11:33.934 W/Diag_Lib( 2080): RIL[0][xiaomi_qcril_ind.cc:519] xiaomi_qcril_ind_init: function entry ------------->
02-03 08:11:33.934 W/HYDRA   ( 2080): RIL[0][xiaomi_qcril_cmn.cc:233] xiaomi_qcril_get_property_value: persist.vendor.radio.print_bc: 2
02-03 08:11:33.934 W/Diag_Lib( 2080): RIL[0][xiaomi_qcril_ind.cc:528] xiaomi_qcril_ind_init: qcril bc ind print is stoped
02-03 08:11:33.934 W/Diag_Lib( 2080): RIL[0][xiaomi_qcril_ind.cc:532] xiaomi_qcril_ind_init: function exit <-------------
02-03 08:11:33.934 W/HYDRA   ( 2080): RIL[0][xiaomi_qcril_cmn.cc:1635] xiaomi_qcril_get_save_factory_build_macro_info: function entry ------------->
02-03 08:11:33.934 W/Diag_Lib( 2080): RIL[0][xiaomi_extend_cmn.c:253] xiaomi_send_common_qmi_msg: function entry ------------->
02-03 08:11:33.934 W/Diag_Lib( 2080): RIL[0][xiaomi_extend_cmn.c:267] xiaomi_send_common_qmi_msg: t 15
02-03 08:11:33.934 W/Diag_Lib( 2080): RIL[0][xiaomi_extend_cmn.c:272] xiaomi_send_common_qmi_msg: l 0
02-03 08:11:33.934 W/Diag_Lib( 2080): RIL[0][xiaomi_extend_cmn.c:301] xiaomi_send_common_qmi_msg: function exit <-------------
02-03 08:11:33.934 E/HYDRA   ( 2080): RIL[0][xiaomi_qcril_cmn.cc:1640] xiaomi_qcril_get_save_factory_build_macro_info: ret_val = 0
02-03 08:11:33.934 E/HYDRA   ( 2080): RIL[0][xiaomi_qcril_cmn.cc:1649] xiaomi_qcril_get_save_factory_build_macro_info: val = 0
02-03 08:11:33.938 W/HYDRA   ( 2080): RIL[0][xiaomi_qcril_cmn.cc:1625] xiaomi_qcril_print_property_value: persist.radio.factorybuild: 0
02-03 08:11:33.938 W/HYDRA   ( 2080): RIL[0][xiaomi_qcril_cmn.cc:1654] xiaomi_qcril_get_save_factory_build_macro_info: function exit <-------------
02-03 08:11:33.938 W/HYDRA   ( 2080): RIL[0][xiaomi_qcril_cmn.cc:1722] xiaomi_qcril_get_and_save_modem_release_datetime_info: function entry ------------->
02-03 08:11:33.938 W/Diag_Lib( 2080): RIL[0][xiaomi_extend_cmn.c:468] xiaomi_modem_string_info_get: function entry ------------->
02-03 08:11:33.938 W/Diag_Lib( 2080): RIL[0][xiaomi_extend_cmn.c:170] xiaomi_common_qmi_req: function entry ------------->
02-03 08:11:33.938 W/Diag_Lib( 2080): RIL[0][xiaomi_extend_cmn.c:208] xiaomi_common_qmi_req: function exit <-------------
02-03 08:11:33.938 W/Diag_Lib( 2080): RIL[0][xiaomi_extend_cmn.c:488] xiaomi_modem_string_info_get: get result = 0, rsp.result = 0, type = 15, in_len = 50
02-03 08:11:33.938 W/Diag_Lib( 2080): RIL[0][xiaomi_extend_cmn.c:513] xiaomi_modem_string_info_get: String info from modem: Nov 30 2022 09:00:00, len: 20
02-03 08:11:33.938 W/Diag_Lib( 2080): RIL[0][xiaomi_extend_cmn.c:524] xiaomi_modem_string_info_get: function exit <-------------
02-03 08:11:33.938 E/HYDRA   ( 2080): RIL[0][xiaomi_qcril_cmn.cc:1727] xiaomi_qcril_get_and_save_modem_release_datetime_info: ret_val = 0, len = 20, release datetime = Nov 30 2022 09:00:00
02-03 08:11:33.941 W/HYDRA   ( 2080): RIL[0][xiaomi_qcril_cmn.cc:1625] xiaomi_qcril_print_property_value: persist.radio.modem_release_datetime: Nov 30 2022 09:00:00
02-03 08:11:33.941 W/HYDRA   ( 2080): RIL[0][xiaomi_qcril_cmn.cc:1738] xiaomi_qcril_get_and_save_modem_release_datetime_info: function exit <-------------
02-03 08:11:33.941 W/HYDRA   ( 2080): RIL[0][xiaomi_qcril_cmn.cc:1747] xiaomi_qcril_get_and_save_modem_build_datetime_info: function entry ------------->
02-03 08:11:33.941 W/Diag_Lib( 2080): RIL[0][xiaomi_extend_cmn.c:468] xiaomi_modem_string_info_get: function entry ------------->
02-03 08:11:33.941 W/Diag_Lib( 2080): RIL[0][xiaomi_extend_cmn.c:170] xiaomi_common_qmi_req: function entry ------------->
02-03 08:11:33.941 W/Diag_Lib( 2080): RIL[0][xiaomi_extend_cmn.c:208] xiaomi_common_qmi_req: function exit <-------------
02-03 08:11:33.941 W/Diag_Lib( 2080): RIL[0][xiaomi_extend_cmn.c:488] xiaomi_modem_string_info_get: get result = 0, rsp.result = 0, type = 16, in_len = 50
02-03 08:11:33.941 W/Diag_Lib( 2080): RIL[0][xiaomi_extend_cmn.c:513] xiaomi_modem_string_info_get: String info from modem: Nov 26 2023 05:53:46, len: 20
02-03 08:11:33.941 W/Diag_Lib( 2080): RIL[0][xiaomi_extend_cmn.c:524] xiaomi_modem_string_info_get: function exit <-------------
