02-03 08:11:36.339 D/ImsPhone[0]( 4105): [0] updateDataServiceState: defSs = {mVoiceRegState=1(OUT_OF_SERVICE), mDataRegState=1(OUT_OF_SERVICE), mChannelNumber=-1, duplexMode()=0, mCellBandwidths=[], mOperatorAlphaLong=null, mOperatorAlphaShort=null, isManualNetworkSelection=false(automatic), getRilVoiceRadioTechnology=0(Unknown), getRilDataRadioTechnology=0(Unknown), mCssIndicator=unsupported, mNetworkId=-1, mSystemId=-1, mCdmaRoamingIndicator=-1, mCdmaDefaultRoamingIndicator=-1, mIsEmergencyOnly=false, isUsingCarrierAggregation=false, mArfcnRsrpBoost=0, mNetworkRegistrationInfos=[NetworkRegistrationInfo{ domain=CS transportType=WWAN registrationState=UNKNOWN networkRegistrationState=UNKNOWN roamingType=NOT_ROAMING accessNetworkTechnology=UNKNOWN rejectCause=0 emergencyEnabled=false availableServices=[] cellIdentity=null voiceSpecificInfo=null dataSpecificInfo=null nrState=**** rRplmn= isUsingCarrierAggregation=false}, NetworkRegistrationInfo{ domain=PS transportType=WWAN registrationState=UNKNOWN networkRegistrationState=UNKNOWN roamingType=NOT_ROAMING accessNetworkTechnology=UNKNOWN rejectCause=0 emergencyEnabled=false availableServices=[] cellIdentity=null voiceSpecificInfo=null dataSpecificInfo=null nrState=**** rRplmn= isUsingCarrierAggregation=false}, NetworkRegistrationInfo{ domain=PS transportType=WLAN registrationState=UNKNOWN networkRegistrationState=UNKNOWN roamingType=NOT_ROAMING accessNetworkTechnology=UNKNOWN rejectCause=0 emergencyEnabled=false availableServices=[] cellIdentity=null voiceSpecificInfo=null dataSpecificInfo=null nrState=**** rRplmn= isUsingCarrierAggregation=false}], mNrFrequencyRange=0, mOperatorAlphaLongRaw=null, mOperatorAlphaShortRaw=null, mIsDataRoamingFromRegistration=false, mIsIwlanPreferred=false} imsSs = {mVoiceRegState=1(OUT_OF_SERVICE), mDataRegState=1(OUT_OF_SERVICE), mChannelNumber=-1, duplexMode()=0, mCellBandwidths=[], mOperatorAlphaLong=null, mOperatorAlphaShort=null, isManualNetworkSelection=false(automatic), getRilVoiceRadioTechnology=0(Unknown), getRilDataRadioTechnology=0(Unknown), mCssIndicator=unsupported, mNetworkId=-1, mSystemId=-1, mCdmaRoamingIndicator=-1, mCdmaDefaultRoamingIndicator=-1, mIsEmergencyOnly=false, isUsingCarrierAggregation=false, mArfcnRsrpBoost=0, mNetworkRegistrationInfos=[NetworkRegistrationInfo{ domain=CS transportType=WWAN registrationState=UNKNOWN networkRegistrationState=UNKNOWN roamingType=NOT_ROAMING accessNetworkTechnology=UNKNOWN rejectCause=0 emergencyEnabled=false availableServices=[] cellIdentity=null voiceSpecificInfo=null dataSpecificInfo=null nrState=**** rRplmn= isUsingCarrierAggregation=false}, NetworkRegistrationInfo{ domain=PS transportType=WWAN registrationState=UNKNOWN networkRegistrationState=UNKNOWN roamingType=NOT_ROAMING accessNetworkTechnology=UNKNOWN rejectCause=0 emergencyEnabled=false availableServices=[] cellIdentity=null voiceSpecificInfo=null dataSpecificInfo=null nrState=**** rRplmn= isUsingCarrierAggregation=false}, NetworkRegistrationInfo{ domain=PS transportType=WLAN registrationState=UNKNOWN networkRegistrationState=UNKNOWN roamingType=NOT_ROAMING accessNetworkTechnology=UNKNOWN rejectCause=0 emergencyEnabled=false availableServices=[] cellIdentity=null voiceSpecificInfo=null dataSpecificInfo=null nrState=**** rRplmn= isUsingCarrierAggregation=false}], mNrFrequencyRange=0, mOperatorAlphaLongRaw=null, mOperatorAlphaShortRaw=null, mIsDataRoamingFromRegistration=false, mIsIwlanPreferred=false}
02-03 08:11:36.339 D/CallManager( 4105): registerPhone(ImsPhone Handler (com.android.internal.telephony.imsphone.ImsPhone) {da5e171})
02-03 08:11:36.340 D/Phone   ( 4105): mDoesRilSendMultipleCallRing=false
02-03 08:11:36.340 D/Phone   ( 4105): mCallRingDelay=3000
02-03 08:11:36.340 D/TelephonyAdminReceiver( 4105): No user manager. Attempting to resolve one.
02-03 08:11:36.347 W/TelephonyRegistry( 1885): Pid 4105 has exceeded half the number of permissible registered listeners. Now at 45
02-03 08:11:36.356 D/TelephonyComponentFactory( 4105): makeImsPhoneCallTracker
02-03 08:11:36.363 W/TelephonyRegistry( 1885): Pid 4105 has exceeded half the number of permissible registered listeners. Now at 46
02-03 08:11:36.366 W/CarrierConfigManager( 4105): Error getting config for subId -1 ICarrierConfigLoader is null
02-03 08:11:36.366 E/ImsPhoneCallTracker( 4105): [1] getCarrierConfigBundle: carrier config is null, skipping.
02-03 08:11:36.366 E/ImsPhoneCallTracker( 4105): [1] updateCarrierConfiguration: carrier config is null, skipping.
02-03 08:11:36.373 D/ImsPhone[1]( 4105): [1] updateDataServiceState: defSs = {mVoiceRegState=1(OUT_OF_SERVICE), mDataRegState=1(OUT_OF_SERVICE), mChannelNumber=-1, duplexMode()=0, mCellBandwidths=[], mOperatorAlphaLong=null, mOperatorAlphaShort=null, isManualNetworkSelection=false(automatic), getRilVoiceRadioTechnology=0(Unknown), getRilDataRadioTechnology=0(Unknown), mCssIndicator=unsupported, mNetworkId=-1, mSystemId=-1, mCdmaRoamingIndicator=-1, mCdmaDefaultRoamingIndicator=-1, mIsEmergencyOnly=false, isUsingCarrierAggregation=false, mArfcnRsrpBoost=0, mNetworkRegistrationInfos=[NetworkRegistrationInfo{ domain=CS transportType=WWAN registrationState=UNKNOWN networkRegistrationState=UNKNOWN roamingType=NOT_ROAMING accessNetworkTechnology=UNKNOWN rejectCause=0 emergencyEnabled=false availableServices=[] cellIdentity=null voiceSpecificInfo=null dataSpecificInfo=null nrState=**** rRplmn= isUsingCarrierAggregation=false}, NetworkRegistrationInfo{ domain=PS transportType=WWAN registrationState=UNKNOWN networkRegistrationState=UNKNOWN roamingType=NOT_ROAMING accessNetworkTechnology=UNKNOWN rejectCause=0 emergencyEnabled=false availableServices=[] cellIdentity=null voiceSpecificInfo=null dataSpecificInfo=null nrState=**** rRplmn= isUsingCarrierAggregation=false}, NetworkRegistrationInfo{ domain=PS transportType=WLAN registrationState=UNKNOWN networkRegistrationState=UNKNOWN roamingType=NOT_ROAMING accessNetworkTechnology=UNKNOWN rejectCause=0 emergencyEnabled=false availableServices=[] cellIdentity=null voiceSpecificInfo=null dataSpecificInfo=null nrState=**** rRplmn= isUsingCarrierAggregation=false}], mNrFrequencyRange=0, mOperatorAlphaLongRaw=null, mOperatorAlphaShortRaw=null, mIsDataRoamingFromRegistration=false, mIsIwlanPreferred=false} imsSs = {mVoiceRegState=1(OUT_OF_SERVICE), mDataRegState=1(OUT_OF_SERVICE), mChannelNumber=-1, duplexMode()=0, mCellBandwidths=[], mOperatorAlphaLong=null, mOperatorAlphaShort=null, isManualNetworkSelection=false(automatic), getRilVoiceRadioTechnology=0(Unknown), getRilDataRadioTechnology=0(Unknown), mCssIndicator=unsupported, mNetworkId=-1, mSystemId=-1, mCdmaRoamingIndicator=-1, mCdmaDefaultRoamingIndicator=-1, mIsEmergencyOnly=false, isUsingCarrierAggregation=false, mArfcnRsrpBoost=0, mNetworkRegistrationInfos=[NetworkRegistrationInfo{ domain=CS transportType=WWAN registrationState=UNKNOWN networkRegistrationState=UNKNOWN roamingType=NOT_ROAMING accessNetworkTechnology=UNKNOWN rejectCause=0 emergencyEnabled=false availableServices=[] cellIdentity=null voiceSpecificInfo=null dataSpecificInfo=null nrState=**** rRplmn= isUsingCarrierAggregation=false}, NetworkRegistrationInfo{ domain=PS transportType=WWAN registrationState=UNKNOWN networkRegistrationState=UNKNOWN roamingType=NOT_ROAMING accessNetworkTechnology=UNKNOWN rejectCause=0 emergencyEnabled=false availableServices=[] cellIdentity=null voiceSpecificInfo=null dataSpecificInfo=null nrState=**** rRplmn= isUsingCarrierAggregation=false}, NetworkRegistrationInfo{ domain=PS transportType=WLAN registrationState=UNKNOWN networkRegistrationState=UNKNOWN roamingType=NOT_ROAMING accessNetworkTechnology=UNKNOWN rejectCause=0 emergencyEnabled=false availableServices=[] cellIdentity=null voiceSpecificInfo=null dataSpecificInfo=null nrState=**** rRplmn= isUsingCarrierAggregation=false}], mNrFrequencyRange=0, mOperatorAlphaLongRaw=null, mOperatorAlphaShortRaw=null, mIsDataRoamingFromRegistration=false, mIsIwlanPreferred=false}
02-03 08:11:36.373 D/CallManager( 4105): registerPhone(ImsPhone Handler (com.android.internal.telephony.imsphone.ImsPhone) {2676d30})
02-03 08:11:36.375 D/QtiTelephonyComponentFactory( 4105): makeQtiPhoneSwitcher
02-03 08:11:36.376 I/QtiTelephonyComponentFactory( 4105): ModemSarController_8350 make.
02-03 08:11:36.376 I/QtiTelephonyComponentFactory( 4105): CheckNrThermalService only for 8450 init.
02-03 08:11:36.388 I/QtiTelephonyComponentFactory( 4105): miTeleJarLoader = dalvik.system.DexClassLoader[DexPathList[[zip file "/system_ext/framework/xiaomi-telephony-common.jar"],nativeLibraryDirectories=[/system/lib64, /system_ext/lib64]]]
02-03 08:11:36.393 I/QtiTelephonyComponentFactory( 4105): miTeleClass = class com.xiaomi.internal.telephony.XiaomiTelephonyComponentFactory
02-03 08:11:36.393 I/QtiTelephonyComponentFactory( 4105): mtdMake = public static void com.xiaomi.internal.telephony.XiaomiTelephonyComponentFactory.make(int,android.content.Context,android.os.Looper)
02-03 08:11:36.435 I/QtiTelephonyComponentFactory( 4105): XiaomiTelephonyComponentFactory.make ok
02-03 08:11:36.438 D/FeatureConnector( 4105): [InstanceManager, 0] imsFeatureRemoved: reason=3
02-03 08:11:36.441 I/ImsManagerIM [0]( 4105): connectionUnavailable, reason: 3
02-03 08:11:36.442 D/FeatureConnector( 4105): [InstanceManager, 1] imsFeatureRemoved: reason=3
02-03 08:11:36.443 I/ImsManagerIM [1]( 4105): connectionUnavailable, reason: 3
02-03 08:11:36.444 D/DCM-0   ( 4105): getAutoDataSwitchAvailabilityStabilityTimeThreshold:  mIsSmartDdsSwitchFeatureAvailable=true
02-03 08:11:36.445 W/TelephonyRegistry( 1885): Pid 4105 has exceeded half the number of permissible registered listeners. Now at 47
02-03 08:11:36.445 D/TelephonyRegistry( 1885): listen oscl: mHasNotifySubscriptionInfoChangedOccurred==false no callback
02-03 08:11:36.454 D/FeatureConfiguration( 4105): Checking feature: FEATURE_DUAL_DATA
02-03 08:11:36.454 D/FeatureConfiguration( 4105): Feature FEATURE_DUAL_DATA build is supported, featureSupported=false
02-03 08:11:36.454 D/SmartDualSimSwitch( 4105): Enter mSmartDualSimFeatureSupported=true
02-03 08:11:36.466 D/SmartDualSimSwitch( 4105): init mUserDataEnabled=true,mLastInsertedSimCn=0
02-03 08:11:36.473 W/TelephonyRegistry( 1885): Pid 4105 has exceeded half the number of permissible registered listeners. Now at 48
02-03 08:11:36.473 D/TelephonyRegistry( 1885): listen oscl: mHasNotifySubscriptionInfoChangedOccurred==false no callback
02-03 08:11:36.473 D/SmartDualSimSwitch( 4105): init isSmartDualSimOn=false
02-03 08:11:36.475 D/SmartDualSimSwitch( 4105): makeSmartDualSimSwitch
02-03 08:11:36.475 D/SmartDualSimSwitch( 4105): registerReEvaluateEvent()
02-03 08:11:36.477 D/PhoneSwitcher( 4105): PhoneSwitcher started
02-03 08:11:36.479 D/ProxyController( 4105): Constructor - Enter
02-03 08:11:36.485 D/ProxyController( 4105): clearTransaction
02-03 08:11:36.485 D/ProxyController( 4105): clearTransaction: phoneId=0 status=IDLE
02-03 08:11:36.485 D/ProxyController( 4105): clearTransaction: phoneId=1 status=IDLE
02-03 08:11:36.486 D/ProxyController( 4105): Constructor - Exit
02-03 08:11:36.496 D/QtiTelephonyComponentFactory( 4105): make QtiTelephonyNetworkFactory
02-03 08:11:36.498 W/TelephonyRegistry( 1885): Pid 4105 has exceeded half the number of permissible registered listeners. Now at 49
02-03 08:11:36.498 D/TelephonyRegistry( 1885): listen oscl: mHasNotifySubscriptionInfoChangedOccurred==false no callback
02-03 08:11:36.499 D/TelephonyNetworkFactory[0]( 4105): Registering NetworkFactory
02-03 08:11:36.501 D/QtiTelephonyComponentFactory( 4105): make QtiTelephonyNetworkFactory
02-03 08:11:36.503 W/TelephonyRegistry( 1885): Pid 4105 has exceeded half the number of permissible registered listeners. Now at 50
02-03 08:11:36.503 D/TelephonyRegistry( 1885): listen oscl: mHasNotifySubscriptionInfoChangedOccurred==false no callback
02-03 08:11:36.503 D/TelephonyNetworkFactory[1]( 4105): Registering NetworkFactory
02-03 08:11:36.504 D/QtiTelephonyComponentFactory( 4105):  makeExtTelephonyClasses 
02-03 08:11:36.507 D/FeatureConnector( 4105): [ScbmHandler, 0] imsFeatureRemoved: reason=3
02-03 08:11:36.508 D/FeatureConnector( 4105): [ScbmHandler, 1] imsFeatureRemoved: reason=3
02-03 08:11:36.512 D/ExtTelephonyServiceImpl( 4105): init constructor, com.qualcomm.qti.internal.telephony.ExtTelephonyServiceImpl@5e1f4a8
02-03 08:11:36.513 D/ExtTelephonyServiceImpl( 4105): ExtTelephonyServiceImpl: Adding IExtTelephony to ServiceManager as qti.radio.extphone
02-03 08:11:36.513 D/ExtTelephonyServiceImpl( 4105): ExtTelephonyServiceImpl: Adding IExtTelephony to ServiceManager as extphone
02-03 08:11:36.516 W/TelephonyRegistry( 1885): Pid 4105 has exceeded half the number of permissible registered listeners. Now at 51
02-03 08:11:36.516 D/TelephonyRegistry( 1885): listen oscl: mHasNotifySubscriptionInfoChangedOccurred==false no callback
02-03 08:11:36.524 D/VirtualSimUtils( 4105): init mIsVirtualSimEnabled=false mVirtualSimStatus=2
02-03 08:11:36.540 D/RcsProvisioningMonitor( 4105): RcsProvisioningMonitor created.
02-03 08:11:36.543 D/RcsStats( 4105): RcsStats created.
02-03 08:11:36.545 D/RcsProvisioningMonitor( 4105): init.
02-03 08:11:36.551 W/TelephonyRegistry( 1885): Pid 4105 has exceeded half the number of permissible registered listeners. Now at 52
02-03 08:11:36.551 D/TelephonyRegistry( 1885): listen oscl: mHasNotifySubscriptionInfoChangedOccurred==false no callback
02-03 08:11:36.555 W/CarrierConfigManager( 4105): Error getting config for subId -1 ICarrierConfigLoader is null
02-03 08:11:36.557 W/CarrierConfigManager( 4105): Error getting config for subId -1 ICarrierConfigLoader is null
02-03 08:11:36.564 D/SatelliteModemInterface( 4105): Created SatelliteModemInterface. Attempting to bind to SatelliteService.
02-03 08:11:36.564 E/SatelliteModemInterface( 4105): Unable to bind to the satellite service because the package is undefined.
02-03 08:11:36.564 D/SatelliteStats( 4105): SatelliteStats created.
02-03 08:11:36.579 D/SatelliteController( 4105): Radio State Changed to 0
02-03 08:11:36.579 E/SatelliteServiceUtils( 4105): isSatelliteSupported CommandException: com.android.internal.telephony.CommandException: REQUEST_NOT_SUPPORTED
02-03 08:11:36.580 D/SatelliteServiceUtils( 4105): isSatelliteSupported error: 11
02-03 08:11:36.580 E/SatelliteServiceUtils( 4105): setSatelliteEnabled CommandException: com.android.internal.telephony.CommandException: REQUEST_NOT_SUPPORTED
02-03 08:11:36.580 D/SatelliteServiceUtils( 4105): setSatelliteEnabled error: 11
02-03 08:11:36.580 D/SatelliteController( 4105): EVENT_SET_SATELLITE_ENABLED_DONE = 11
02-03 08:11:36.580 D/SatelliteController( 4105): resetSatelliteEnabledRequest
02-03 08:11:36.580 D/SatelliteController( 4105): RequestSatelliteEnabled: result=11
02-03 08:11:36.580 D/SatelliteController( 4105): requestIsSatelliteSupported: resultCode=11
02-03 08:11:36.581 D/SatelliteController( 4105): Radios To be checked when satellite is on: 
02-03 08:11:36.582 D/SatelliteController( 4105): mDisableBTOnSatelliteEnabled: false mDisableNFCOnSatelliteEnabled: false mDisableWifiOnSatelliteEnabled: false mDisableUWBOnSatelliteEnabled: false
02-03 08:11:36.583 D/SatelliteController( 4105): mBTStateEnabled: false mNfcStateEnabled: false mWifiStateEnabled: false mUwbStateEnabled: false
02-03 08:11:36.590 W/CarrierConfigManager( 4067): Error getting config for subId 1 ICarrierConfigLoader is null
02-03 08:11:36.596 D/TelephonyRegistry( 1885): listen oscl: mHasNotifySubscriptionInfoChangedOccurred==false no callback
02-03 08:11:36.602 W/TelephonyRegistry( 1885): Pid 4105 has exceeded half the number of permissible registered listeners. Now at 53
02-03 08:11:36.604 W/TelephonyRegistry( 1885): Pid 4105 has exceeded half the number of permissible registered listeners. Now at 54
02-03 08:11:36.630 D/ImsStateCallbackController( 4105): ImsStateCallbackController created
02-03 08:11:36.631 D/TelephonyRegistry( 1885): listen oscl: mHasNotifySubscriptionInfoChangedOccurred==false no callback
02-03 08:11:36.633 D/ImsStateCallbackController( 4105): updateFeatures: oldSlots=0, newNumSlots=2
02-03 08:11:36.643 W/TelephonyRegistry( 1885): Pid 4105 has exceeded half the number of permissible registered listeners. Now at 55
02-03 08:11:36.643 D/TelephonyRegistry( 1885): listen oscl: mHasNotifySubscriptionInfoChangedOccurred==false no callback
02-03 08:11:36.647 D/RcsStats( 4105): created Callback
02-03 08:11:36.647 D/RcsStats( 4105): UceStatsWriterCallback created.
02-03 08:11:36.650 D/ImsStateCallbackController( 4105): onExternalRcsStateChanged slotId=0, state=UNAVAILABLE, reason=NO_IMS_SERVICE_CONFIGURED
02-03 08:11:36.650 D/ImsStateCallbackController( 4105): onExternalRcsStateChanged slotId=1, state=UNAVAILABLE, reason=NO_IMS_SERVICE_CONFIGURED
02-03 08:11:36.650 D/TelephonyRegistry( 1885): listen oscl: mHasNotifySubscriptionInfoChangedOccurred==false no callback
02-03 08:11:36.653 I/ImsProvisioningController( 4105): ImsProvisioningController created
02-03 08:11:36.655 D/ImsProvisioningController( 4105): ImsProvisioningController
02-03 08:11:36.656 W/TelephonyRegistry( 1885): Pid 4105 has exceeded half the number of permissible registered listeners. Now at 56
02-03 08:11:36.656 D/TelephonyRegistry( 1885): listen oscl: mHasNotifySubscriptionInfoChangedOccurred==false no callback
02-03 08:11:36.658 D/ImsProvisioningController( 4105): MmTelFeatureListener[0] created
02-03 08:11:36.660 D/ImsProvisioningController( 4105): RcsFeatureListener[0] created
02-03 08:11:36.661 D/ImsProvisioningController( 4105): ProvisioningCallbackManager[0] ProvisioningCallbackManager create
02-03 08:11:36.661 D/ImsProvisioningController( 4105): MmTelFeatureListener[1] created
02-03 08:11:36.662 D/ImsProvisioningController( 4105): RcsFeatureListener[1] created
02-03 08:11:36.663 D/ImsProvisioningController( 4105): ProvisioningCallbackManager[1] ProvisioningCallbackManager create
02-03 08:11:36.674 W/TelephonyRegistry( 1885): Pid 4105 has exceeded half the number of permissible registered listeners. Now at 57
02-03 08:11:36.674 D/TelephonyRegistry( 1885): listen oscl: mHasNotifySubscriptionInfoChangedOccurred==false no callback
02-03 08:11:36.678 D/CallManager( 4105): registerForMmiComplete
02-03 08:11:36.685 W/TelephonyRegistry( 1885): Pid 4105 has exceeded half the number of permissible registered listeners. Now at 58
02-03 08:11:36.686 W/TelephonyRegistry( 1885): Pid 4105 has exceeded half the number of permissible registered listeners. Now at 59
02-03 08:11:36.708 D/MiuiPhoneInterfaceManager( 4105): Adding IMiuiPhoneInterfaceManager to ServiceManager as miui.radio.extphone
02-03 08:11:36.708 D/MiuiDisplayInfoController( 4105): init
02-03 08:11:36.710 D/MiuiPhoneInterfaceManager( 4105): support satellite device=false
02-03 08:11:36.711 D/FeatureConfiguration( 4105): Checking feature: FEATURE_DUAL_VOLTE
02-03 08:11:36.711 D/FeatureConfiguration( 4105): Feature FEATURE_DUAL_VOLTE build is supported, featureSupported=true
02-03 08:11:36.721 W/TelephonyRegistry( 1885): Pid 4105 has exceeded half the number of permissible registered listeners. Now at 60
02-03 08:11:36.722 D/TelephonyRegistry( 1885): listen oscl: mHasNotifySubscriptionInfoChangedOccurred==false no callback
02-03 08:11:36.723 W/TelephonyRegistry( 1885): Pid 4105 has exceeded half the number of permissible registered listeners. Now at 61
02-03 08:11:36.760 D/MiuiImsRegControllerBase( 4105): isSupportImsRegOptByDevice support = false
02-03 08:11:36.760 D/PhoneReceiver( 4105): not support monitor ims register state
02-03 08:11:36.761 D/MiuiPhoneInterfaceManager( 4105): support satellite device=false
02-03 08:11:36.761 D/MiuiPhoneInterfaceManager( 4105): support satellite device=false
02-03 08:11:36.765 D/PhoneReceiver( 4105): registerTelephonyInfoCallBack
02-03 08:11:36.765 D/PhoneReceiver( 4105): new TeleCallBack
02-03 08:11:36.783 D/FeatureConfiguration( 4105): Checking feature: FEATURE_SA_POWER_OPTIMIZATION
02-03 08:11:36.783 D/FeatureConfiguration( 4105): Feature FEATURE_SA_POWER_OPTIMIZATION build is supported, featureSupported=false
02-03 08:11:36.802 D/FeatureConfiguration( 4105): Checking feature: FEATURE_ROAMING_OPTIMIZATION
02-03 08:11:36.803 D/FeatureConfiguration( 4105): Feature FEATURE_ROAMING_OPTIMIZATION build is supported, featureSupported=false
02-03 08:11:36.803 W/TelephonyRegistry( 1885): Pid 4105 has exceeded half the number of permissible registered listeners. Now at 62
02-03 08:11:36.809 D/FeatureConfiguration( 4105): Checking feature: FEATURE_FAKE_CELL_V2
02-03 08:11:36.809 D/FeatureConfiguration( 4105): Feature FEATURE_FAKE_CELL_V2 build is supported, featureSupported=false
02-03 08:11:36.809 D/FeatureConfiguration( 4105): Checking feature: FEATURE_FAKE_CELL_V2
02-03 08:11:36.809 D/FeatureConfiguration( 4105): Feature FEATURE_FAKE_CELL_V2 build is supported, featureSupported=false
02-03 08:11:36.813 W/TelephonyRegistry( 1885): Pid 4105 has exceeded half the number of permissible registered listeners. Now at 63
02-03 08:11:36.851 D/FeatureConfiguration( 4105): Checking feature: FEATURE_SUBWAY_OPTIMIZATION
02-03 08:11:36.851 D/FeatureConfiguration( 4105): Feature FEATURE_SUBWAY_OPTIMIZATION build is supported, featureSupported=false
02-03 08:11:36.930 D/TelephonyRegistry( 1885): listen oscl: mHasNotifySubscriptionInfoChangedOccurred==false no callback
02-03 08:11:36.937 D/FeatureConfiguration( 4105): Checking feature: FEATURE_N1
02-03 08:11:36.937 D/FeatureConfiguration( 4105): Feature FEATURE_N1 build is supported, featureSupported=false
02-03 08:11:36.937 D/FeatureConfiguration( 4105): Checking feature: FEATURE_N28
02-03 08:11:36.937 D/FeatureConfiguration( 4105): Feature FEATURE_N28 build is supported, featureSupported=true
02-03 08:11:36.944 W/HYDRA   ( 2080): RIL[0][xiaomi_qcril_cmn.cc:595] xiaomi_qcril_wait_s: xiaomi qcril end to wait 3s to init
02-03 08:11:36.944 W/HYDRA   ( 2080): RIL[0][xiaomi_qcril_cmn.cc:1810] xiaomi_qcril_oem_thread_proc: function exit <-------------
02-03 08:11:36.985 D/FeatureConfiguration( 4105): Checking feature: FEATURE_MODEM_DFS_SUPPORTED
02-03 08:11:36.985 D/FeatureConfiguration( 4105): Feature FEATURE_MODEM_DFS_SUPPORTED build is supported, featureSupported=false
02-03 08:11:36.986 D/FeatureConfiguration( 4105): Checking feature: FEATURE_CDMA_DATA_OPTIMIZE
02-03 08:11:36.986 D/FeatureConfiguration( 4105): Feature FEATURE_CDMA_DATA_OPTIMIZE build is supported, featureSupported=false
02-03 08:11:36.987 D/FeatureConfiguration( 4105): Checking feature: FEATURE_LOW_LATENCY_AIDL_SERVICE
02-03 08:11:36.987 D/FeatureConfiguration( 4105): Feature FEATURE_LOW_LATENCY_AIDL_SERVICE build is supported, featureSupported=false
02-03 08:11:36.987 D/MiuiPhoneApp( 4105): LLM Version Others
02-03 08:11:36.997 D/GwsdManagerQc( 4105): init
02-03 08:11:36.997 D/GwsdManagerQc( 4105): enhanced dsda support : false
02-03 08:11:37.000 D/GwsdManagerQc( 4105): updateGameBoosting mIsGameBoosting:false
02-03 08:11:37.003 D/MiuiPhoneInterfaceManager( 4105): support satellite device=false
02-03 08:11:37.003 D/FeatureConfiguration( 4105): Checking feature: FEATURE_DUAL_DATA
02-03 08:11:37.003 D/FeatureConfiguration( 4105): Feature FEATURE_DUAL_DATA build is supported, featureSupported=false
02-03 08:11:37.007 D/FeatureConfiguration( 4105): Checking feature: FEATURE_DUAL_NR
02-03 08:11:37.007 D/FeatureConfiguration( 4105): Feature FEATURE_DUAL_NR build is supported, featureSupported=true
02-03 08:11:37.014 D/FeatureConfiguration( 4105): Checking feature: FEATURE_HIKING_OPTIMIZATION
02-03 08:11:37.014 D/FeatureConfiguration( 4105): Feature FEATURE_HIKING_OPTIMIZATION build is supported, featureSupported=false
02-03 08:11:37.015 D/FeatureConfiguration( 4105): Checking feature: FEATURE_SUBWAY_OPTIMIZATION
02-03 08:11:37.015 D/FeatureConfiguration( 4105): Feature FEATURE_SUBWAY_OPTIMIZATION build is supported, featureSupported=false
02-03 08:11:37.015 D/FeatureConfiguration( 4105): Checking feature: FEATURE_DRIVE_OPTIMIZATION
02-03 08:11:37.015 D/FeatureConfiguration( 4105): Feature FEATURE_DRIVE_OPTIMIZATION build is supported, featureSupported=false
02-03 08:11:37.018 I/RelayLog( 4105): RelayStarter --> Lite devices: false, Middle devices: false
02-03 08:11:37.018 I/RelayLog( 4105):  --> supportRelayCallFeature: true
02-03 08:11:37.020 D/FeatureConfiguration( 4105): Checking feature: FEATURE_RELAY_NETWORK
02-03 08:11:37.020 D/FeatureConfiguration( 4105): Feature FEATURE_RELAY_NETWORK build is supported, featureSupported=false
02-03 08:11:37.028 D/FeatureConfiguration( 4105): Checking feature: FEATURE_DSDA
02-03 08:11:37.028 D/FeatureConfiguration( 4105): Feature FEATURE_DSDA build is supported, featureSupported=false
02-03 08:11:37.029 D/FeatureConfiguration( 4105): Checking feature: FEATURE_HNAGUP_OPTIMIZATION_V3
02-03 08:11:37.029 D/FeatureConfiguration( 4105): Feature FEATURE_HNAGUP_OPTIMIZATION_V3 build is supported, featureSupported=false
02-03 08:11:37.029 D/FeatureConfiguration( 4105): Checking feature: FEATURE_DUAL_DATA
02-03 08:11:37.029 D/FeatureConfiguration( 4105): Feature FEATURE_DUAL_DATA build is supported, featureSupported=false
02-03 08:11:37.029 D/FeatureConfiguration( 4105): Checking feature: FEATURE_MULTISIM_CONFIG_SELF_RECOVERY
02-03 08:11:37.029 D/FeatureConfiguration( 4105): Feature FEATURE_MULTISIM_CONFIG_SELF_RECOVERY build is supported, featureSupported=false
02-03 08:11:37.029 D/FeatureConfiguration( 4105): Checking feature: FEATURE_SIM_ABSENT_SELF_RECOVERY
02-03 08:11:37.029 D/FeatureConfiguration( 4105): Feature FEATURE_SIM_ABSENT_SELF_RECOVERY build is supported, featureSupported=false
02-03 08:11:37.031 D/KeepAliveClient( 4105): KeepAliveClient prepare().
02-03 08:11:37.031 D/KeepAliveClient( 4105): ComponentInfo{com.xiaomi.registration/com.xiaomi.registration.autoregistration.RegistrationService} will be started in 120 seconds
02-03 08:11:37.031 D/KeepAliveClient( 4105): ComponentInfo{com.miui.dmregservice/cn.richinfo.dm.service.DMService} will be started in 120 seconds
02-03 08:11:37.032 D/MiuiPhoneInterfaceManager( 4105): support satellite device=false
02-03 08:11:37.043 D/FeatureConfiguration( 4105): Checking feature: FEATURE_DSDA
02-03 08:11:37.043 D/FeatureConfiguration( 4105): Feature FEATURE_DSDA build is supported, featureSupported=false
02-03 08:11:37.045 D/MiuiTelephonyStatistic( 4105): reloadStatisticDataFromSP mVoLTERegisteredDuration={}
02-03 08:11:37.045 D/MiuiTelephonyStatistic( 4105): reloadStatisticDataFromSP mDataConnectionStateDuration=0
02-03 08:11:37.059 D/MiuiCurrentStateMonitor( 4105): handleMessage event:3
02-03 08:11:37.066 D/MiuiNetworkMonitor( 4105): init
02-03 08:11:37.073 D/FeatureConfiguration( 4105): Checking feature: FEATURE_AIRPORT_OPTIMIZATION
02-03 08:11:37.073 D/FeatureConfiguration( 4105): Feature FEATURE_AIRPORT_OPTIMIZATION build is supported, featureSupported=false
02-03 08:11:37.073 D/FeatureConfiguration( 4105): Checking feature: FEATURE_SUBWAY_OPTIMIZATION
02-03 08:11:37.073 D/FeatureConfiguration( 4105): Feature FEATURE_SUBWAY_OPTIMIZATION build is supported, featureSupported=false
02-03 08:11:37.073 D/FeatureConfiguration( 4105): Checking feature: FEATURE_HIKING_OPTIMIZATION
02-03 08:11:37.073 D/FeatureConfiguration( 4105): Feature FEATURE_HIKING_OPTIMIZATION build is supported, featureSupported=false
02-03 08:11:37.073 D/FeatureConfiguration( 4105): Checking feature: FEATURE_DRIVE_OPTIMIZATION
02-03 08:11:37.073 D/FeatureConfiguration( 4105): Feature FEATURE_DRIVE_OPTIMIZATION build is supported, featureSupported=false
02-03 08:11:37.075 D/MiuiPhoneInterfaceManager( 4105): support satellite device=false
02-03 08:11:37.075 D/MiuiPhoneInterfaceManager( 4105): support satellite device=false
02-03 08:11:37.075 D/FeatureConfiguration( 4105): Checking feature: FEATURE_RADIO_STALL_DETECT
02-03 08:11:37.075 D/FeatureConfiguration( 4105): Feature FEATURE_RADIO_STALL_DETECT build is supported, featureSupported=false
02-03 08:11:37.075 D/FeatureConfiguration( 4105): Checking feature: FEATURE_ROAMING_OPTIMIZATION
02-03 08:11:37.075 D/FeatureConfiguration( 4105): Feature FEATURE_ROAMING_OPTIMIZATION build is supported, featureSupported=false
02-03 08:11:37.075 D/FeatureConfiguration( 4105): Checking feature: FEATURE_TXSDSDA_NONDDS_VT_OPTIMIZATION
02-03 08:11:37.075 D/FeatureConfiguration( 4105): Feature FEATURE_TXSDSDA_NONDDS_VT_OPTIMIZATION build is supported, featureSupported=false
02-03 08:11:37.075 D/FeatureConfiguration( 4105): Checking feature: FEATURE_5G_NEW_CALL
02-03 08:11:37.075 D/FeatureConfiguration( 4105): Feature FEATURE_5G_NEW_CALL build is supported, featureSupported=false
02-03 08:11:37.089 D/MiuiCallStat( 4105): MiuiCallStat init
02-03 08:11:37.098 D/CdmaInboundSmsHandler( 4105): StartupState.enter: entering StartupState
02-03 08:11:37.099 D/GsmInboundSmsHandler( 4105): StartupState.enter: entering StartupState
02-03 08:11:37.099 D/CdmaInboundSmsHandler( 4105): StartupState.enter: entering StartupState
02-03 08:11:37.099 D/GsmInboundSmsHandler( 4105): StartupState.enter: entering StartupState
02-03 08:11:37.102 D/UiccController( 4105): handleMessage: Received RADIO_AVAILABLE for phoneId 0
02-03 08:11:37.102 D/UiccController( 4105): Received EVENT_RADIO_AVAILABLE/EVENT_RADIO_ON, calling getIccCardStatus
02-03 08:11:37.105 D/RILJ    ( 4105): [0021]> GET_SIM_STATUS [PHONE0]
02-03 08:11:37.106 D/UiccController( 4105): Received EVENT_RADIO_AVAILABLE/EVENT_RADIO_ON for phoneId 0, calling getIccSlotsStatus
02-03 08:11:37.106 D/RadioConfig( 4105): [0022]> GET_SLOT_STATUS
02-03 08:11:37.106 D/UiccController( 4105): handleMessage: Received RADIO_AVAILABLE for phoneId 1
02-03 08:11:37.106 D/UiccController( 4105): Received EVENT_RADIO_AVAILABLE/EVENT_RADIO_ON, calling getIccCardStatus
02-03 08:11:37.109 D/RILJ    ( 4105): [0023]> GET_SIM_STATUS [PHONE1]
02-03 08:11:37.110 D/RadioConfigResponse( 4105): [0022]< GET_SLOT_STATUS [IccSlotStatus {CARDSTATE_PRESENT,atr=3b9f96c00a1fc68031e073fe211f65d00233131b810ffa,eid=,num_ports=1, IccSimPortInfo-0{<omitted>[****],logicalSlotIndex=0,portActive=true}, SupportedMepMode=NONE}, IccSlotStatus {CARDSTATE_ABSENT,atr=,eid=,num_ports=1, IccSimPortInfo-0{<omitted>,logicalSlotIndex=1,portActive=true}, SupportedMepMode=NONE}]
02-03 08:11:37.111 D/RILJ    ( 4105): responseIccCardStatus: from HIDL: IccCardState {CARDSTATE_ABSENT,PINSTATE_UNKNOWN,num_apps=0,gsm_id=-1,cdma_id=-1,ims_id=-1,atr=,<omitted>,eid=,SupportedMepMode=NONE,SlotPortMapping={physicalSlotIndex=1, portIndex=0}} [PHONE1]
02-03 08:11:37.111 D/RILJ    ( 4105): [0023]< GET_SIM_STATUS IccCardState {CARDSTATE_ABSENT,PINSTATE_UNKNOWN,num_apps=0,gsm_id=-1,cdma_id=-1,ims_id=-1,atr=,<omitted>,eid=,SupportedMepMode=NONE,SlotPortMapping={physicalSlotIndex=1, portIndex=0}} [PHONE1]
02-03 08:11:37.113 D/TelephonyRegistry( 1885): notifySubscriptionInfoChanged: first invocation mRecords.size=112
02-03 08:11:37.119 D/RILJ    ( 4105): responseIccCardStatus: from HIDL: IccCardState {CARDSTATE_PRESENT,PINSTATE_UNKNOWN,num_apps=2,gsm_id=0{APPTYPE_USIM,APPSTATE_READY,pin1=PINSTATE_DISABLED,pin2=PINSTATE_ENABLED_NOT_VERIFIED},cdma_id=-1,ims_id=1{APPTYPE_ISIM,APPSTATE_READY,pin1=PINSTATE_DISABLED,pin2=PINSTATE_ENABLED_NOT_VERIFIED},atr=3b9f96c00a1fc68031e073fe211f65d00233131b810ffa,<omitted>[****],eid=,SupportedMepMode=NONE,SlotPortMapping={physicalSlotIndex=0, portIndex=0}} [PHONE0]
02-03 08:11:37.119 D/RILJ    ( 4105): [0021]< GET_SIM_STATUS IccCardState {CARDSTATE_PRESENT,PINSTATE_UNKNOWN,num_apps=2,gsm_id=0{APPTYPE_USIM,APPSTATE_READY,pin1=PINSTATE_DISABLED,pin2=PINSTATE_ENABLED_NOT_VERIFIED},cdma_id=-1,ims_id=1{APPTYPE_ISIM,APPSTATE_READY,pin1=PINSTATE_DISABLED,pin2=PINSTATE_ENABLED_NOT_VERIFIED},atr=3b9f96c00a1fc68031e073fe211f65d00233131b810ffa,<omitted>[****],eid=,SupportedMepMode=NONE,SlotPortMapping={physicalSlotIndex=0, portIndex=0}} [PHONE0]
02-03 08:11:37.121 W/TelephonyRegistry( 1885): Pid 1885 has exceeded half the number of permissible registered listeners. Now at 35
02-03 08:11:37.121 D/SMSVC   ( 4105): Subscription database has been initialized.
02-03 08:11:37.121 D/SMSVC   ( 4105): markSubscriptionsInactive: slot 0
02-03 08:11:37.122 D/SMSVC   ( 4105): markSubscriptionsInactive: current mapping []
02-03 08:11:37.122 D/SMSVC   ( 4105): markSubscriptionsInactive: slot 1
02-03 08:11:37.122 W/TelephonyRegistry( 1885): Pid 1885 has exceeded half the number of permissible registered listeners. Now at 36
02-03 08:11:37.122 D/SMSVC   ( 4105): markSubscriptionsInactive: current mapping []
02-03 08:11:37.122 D/QtiGsmCdmaPhone( 4105): [0 ] handleMessage: Event: 30
02-03 08:11:37.124 D/QtiGsmCdmaPhone( 4105): [0 ] handleMessage: Event: 37
02-03 08:11:37.124 D/Phone   ( 4105): config LCE service failed: com.android.internal.telephony.CommandException: REQUEST_NOT_SUPPORTED
02-03 08:11:37.124 D/QtiRilInterface( 4105): Service ready, notifying registrants
02-03 08:11:37.126 W/TelephonyRegistry( 1885): Pid 1885 has exceeded half the number of permissible registered listeners. Now at 37
02-03 08:11:37.130 D/QtiPhoneUtils( 4105): mExtTelManagerServiceCallback: service connected Client{mId=0, mUid=1001, mPackageName='com.android.phone', mCallback=com.qti.extphone.ExtPhoneCallbackListener$IExtPhoneCallbackStub@c56ce1b}
02-03 08:11:37.134 D/QtiPhoneUtils( 4105): queryDsdsToSsConfig value = 0
02-03 08:11:37.135 D/FeatureConfiguration( 4105): Checking feature: FEATURE_DSDA
02-03 08:11:37.135 D/FeatureConfiguration( 4105): Feature FEATURE_DSDA build is supported, featureSupported=false
02-03 08:11:37.136 D/QtiPhoneUtils( 4105): isSmartDdsSwitchFeatureAvailable: false
02-03 08:11:37.136 D/DCM-0   ( 4105): onQtiPhoneReady
02-03 08:11:37.136 D/DCM-1   ( 4105): onQtiPhoneReady
02-03 08:11:37.136 D/QtiSmsDispatchersController( 4105): ExtTelephonyService connected
02-03 08:11:37.141 D/QtiSmsDispatchersController( 4105): mClient = Client{mId=1, mUid=1001, mPackageName='com.android.phone', mCallback=com.qti.extphone.ExtPhoneCallbackListener$IExtPhoneCallbackStub@7a42bb8}
02-03 08:11:37.141 D/FeatureConfiguration( 4105): Checking feature: FEATURE_N1
02-03 08:11:37.142 D/FeatureConfiguration( 4105): Feature FEATURE_N1 build is supported, featureSupported=false
02-03 08:11:37.142 D/FeatureConfiguration( 4105): Checking feature: FEATURE_N5
02-03 08:11:37.142 D/FeatureConfiguration( 4105): Feature FEATURE_N5 build is supported, featureSupported=false
02-03 08:11:37.142 D/FeatureConfiguration( 4105): Checking feature: FEATURE_N8
02-03 08:11:37.142 D/FeatureConfiguration( 4105): Feature FEATURE_N8 build is supported, featureSupported=false
02-03 08:11:37.142 D/FeatureConfiguration( 4105): Checking feature: FEATURE_N28
02-03 08:11:37.142 D/FeatureConfiguration( 4105): Feature FEATURE_N28 build is supported, featureSupported=true
02-03 08:11:37.144 D/DNC-0   ( 4105): ExtTelephonyService connected
02-03 08:11:37.145 D/FeatureConfiguration( 4105): Checking feature: FEATURE_BWP
02-03 08:11:37.145 D/FeatureConfiguration( 4105): Feature FEATURE_BWP build is supported, featureSupported=false
02-03 08:11:37.145 D/FeatureConfiguration( 4105): Checking feature: FEATURE_VONR
02-03 08:11:37.145 D/FeatureConfiguration( 4105): Feature FEATURE_VONR build is supported, featureSupported=true
02-03 08:11:37.147 D/DNC-0   ( 4105): Client = Client{mId=2, mUid=1001, mPackageName='com.android.phone', mCallback=com.qti.extphone.ExtPhoneCallbackListener$IExtPhoneCallbackStub@e88dd91}
02-03 08:11:37.150 D/FeatureConfiguration( 4105): Checking feature: FEATURE_N1
02-03 08:11:37.150 D/FeatureConfiguration( 4105): Feature FEATURE_N1 build is supported, featureSupported=false
02-03 08:11:37.150 D/FeatureConfiguration( 4105): Checking feature: FEATURE_N28
02-03 08:11:37.151 D/FeatureConfiguration( 4105): Feature FEATURE_N28 build is supported, featureSupported=true
02-03 08:11:37.152 D/DNC-0   ( 4105): isCiwlanFeatureEnabledByPlatform: false
02-03 08:11:37.153 D/QtiGsmCdmaPhone( 4105): [0 ] ExtTelephonyService connected
02-03 08:11:37.155 D/QtiGsmCdmaPhone( 4105): [0 ] mClient = Client{mId=3, mUid=1001, mPackageName='com.android.phone', mCallback=com.qti.extphone.ExtPhoneCallbackListener$IExtPhoneCallbackStub@2eeb4f6}
02-03 08:11:37.156 D/FeatureConfiguration( 4105): Checking feature: FEATURE_CDMA_DATA_OPTIMIZE
02-03 08:11:37.156 D/FeatureConfiguration( 4105): Feature FEATURE_CDMA_DATA_OPTIMIZE build is supported, featureSupported=false
02-03 08:11:37.157 D/QtiSmsDispatchersController( 4105): ExtTelephonyService connected
02-03 08:11:37.159 D/QtiSmsDispatchersController( 4105): mClient = Client{mId=4, mUid=1001, mPackageName='com.android.phone', mCallback=com.qti.extphone.ExtPhoneCallbackListener$IExtPhoneCallbackStub@70a30f7}
02-03 08:11:37.161 D/DNC-1   ( 4105): ExtTelephonyService connected
02-03 08:11:37.162 D/DNC-1   ( 4105): Client = Client{mId=5, mUid=1001, mPackageName='com.android.phone', mCallback=com.qti.extphone.ExtPhoneCallbackListener$IExtPhoneCallbackStub@4c4b64}
02-03 08:11:37.166 D/DNC-1   ( 4105): isCiwlanFeatureEnabledByPlatform: false
02-03 08:11:37.169 D/QtiGsmCdmaPhone( 4105): [1 ] ExtTelephonyService connected
02-03 08:11:37.170 D/QtiGsmCdmaPhone( 4105): [1 ] mClient = Client{mId=6, mUid=1001, mPackageName='com.android.phone', mCallback=com.qti.extphone.ExtPhoneCallbackListener$IExtPhoneCallbackStub@2ccc1cd}
02-03 08:11:37.172 D/PhoneSwitcher( 4105): ExtTelephony Service connected
02-03 08:11:37.174 D/PhoneSwitcher( 4105): Client = Client{mId=7, mUid=1001, mPackageName='com.android.phone', mCallback=com.qti.extphone.ExtPhoneCallbackListener$IExtPhoneCallbackStub@5c92a82}
02-03 08:11:37.174 D/PhoneSwitcher( 4105): isSmartDdsSwitchFeatureAvailable: false
02-03 08:11:37.175 D/DCM-0   ( 4105): getAutoDataSwitchAvailabilityStabilityTimeThreshold:  mIsSmartDdsSwitchFeatureAvailable=false
02-03 08:11:37.197 D/GsmSMSDispatcher( 4105): GsmSMSDispatcher: subId = -1 slotId = 0
02-03 08:11:37.197 D/GsmInboundSmsHandler( 4105): StartupState.processMessage: processing EVENT_START_ACCEPTING_SMS
02-03 08:11:37.197 D/GsmInboundSmsHandler( 4105): IdleState.enter: entering IdleState
02-03 08:11:37.197 D/CdmaInboundSmsHandler( 4105): StartupState.processMessage: processing EVENT_START_ACCEPTING_SMS
02-03 08:11:37.197 D/CdmaInboundSmsHandler( 4105): IdleState.enter: entering IdleState
02-03 08:11:37.197 D/QtiGsmCdmaPhone( 4105): [0 ] handleMessage: Event: 1
02-03 08:11:37.199 D/RILJ    ( 4105): [0024]> BASEBAND_VERSION [PHONE0]
02-03 08:11:37.199 E/RILJ    ( 4105): getImei: REQUEST_NOT_SUPPORTED
02-03 08:11:37.201 D/GwsdManagerQc( 4105): updateGwsd invalid subid!
02-03 08:11:37.201 D/GwsdManagerQc( 4105): updateGwsd invalid subid!
02-03 08:11:37.201 D/RILJ    ( 4105): [0025]> DEVICE_IDENTITY [PHONE0]
02-03 08:11:37.201 D/RILJ    ( 4105): [0024]< BASEBAND_VERSION 4.3CPL2-27.1-18673.12-1126_0547_c56ca4a6762 [PHONE0]
02-03 08:11:37.203 D/RILJ    ( 4105): [0026]> GET_RADIO_CAPABILITY [PHONE0]
02-03 08:11:37.205 D/RILJ    ( 4105): [0027]> GET_UICC_APPLICATIONS_ENABLEMENT [PHONE0]
02-03 08:11:37.207 D/RILJ    ( 4105): setNullCipherAndIntegrityEnabled: REQUEST_NOT_SUPPORTED
02-03 08:11:37.207 D/RILJ    ( 4105): startLceService: REQUEST_NOT_SUPPORTED
02-03 08:11:37.211 D/RILJ    ( 4105): [0028]> SET_SUPP_SVC_NOTIFICATION enable = true [PHONE0]
02-03 08:11:37.212 D/QtiGsmCdmaPhone( 4105): [0 ] handleMessage: Event: 8
02-03 08:11:37.212 D/GsmCdmaPhone( 4105): [0] Event EVENT_RADIO_OFF_OR_NOT_AVAILABLE Received
02-03 08:11:37.212 D/QtiGsmCdmaPhone( 4105): [0 ] handleMessage: Event: 47
02-03 08:11:37.212 D/GsmCdmaPhone( 4105): [0] EVENT EVENT_RADIO_STATE_CHANGED
02-03 08:11:37.212 D/GsmCdmaPhone( 4105): handleRadioPowerStateChange, state= 0
02-03 08:11:37.213 D/QtiGsmCdmaPhone( 4105): [0 ] handleMessage: Event: 41
02-03 08:11:37.219 D/ANM-0   ( 4105): bind to vendor.qti.iwlan
02-03 08:11:37.221 D/RILJ    ( 4105): [0025]< DEVICE_IDENTITY  [PHONE0]
02-03 08:11:37.221 D/RILJ    ( 4105): convertHalRadioCapability: session=0, phase=0, rat=561156, logicModemUuid=0, status=1, rcRil.raf=1130504 [PHONE0]
02-03 08:11:37.222 D/RILJ    ( 4105): [0026]< GET_RADIO_CAPABILITY {mPhoneId = 0 mVersion=1 mSession=0 mPhase=0 mRadioAccessFamily=561156 mLogicModemId=0 mStatus=1} [PHONE0]
02-03 08:11:37.222 D/RILJ    ( 4105): [0027]< GET_UICC_APPLICATIONS_ENABLEMENT true [PHONE0]
02-03 08:11:37.225 D/RILJ    ( 4105): [0028]< SET_SUPP_SVC_NOTIFICATION  [PHONE0]
02-03 08:11:37.230 D/DPM-0   ( 4105): simState= 0, existProfile=null, mUpdateDataProfilesLoaded =false
02-03 08:11:37.231 D/FeatureConfiguration( 4105): Checking feature: FEATURE_HIKING_OPTIMIZATION
02-03 08:11:37.231 D/FeatureConfiguration( 4105): Feature FEATURE_HIKING_OPTIMIZATION build is supported, featureSupported=false
02-03 08:11:37.232 D/QualifiedNetworksService( 4041): Qualified networks service created
02-03 08:11:37.233 D/MiuiSignalStrengthImpl( 4105): getThresholds, isSignalOptimizationSupported = false
02-03 08:11:37.233 D/MiuiSignalStrengthImpl( 4105): getThresholds, measurementType = 3, ran = 3, result = [-140, -125, -115, -110, -102], isOverwriteThresholds = true
02-03 08:11:37.234 D/MiuiSignalStrengthImpl( 4105): getThresholds, isSignalOptimizationSupported = false
02-03 08:11:37.234 D/MiuiSignalStrengthImpl( 4105): getThresholds, measurementType = 6, ran = 6, result = [-140, -125, -115, -110, -102], isOverwriteThresholds = true
02-03 08:11:37.235 D/SSCtr   ( 4105): No matching configuration
02-03 08:11:37.238 D/DPM-0   ( 4105): Can't find any data profile that can satisfy [NetworkRequest [ NONE id=0, [ Capabilities: DUN&TRUSTED&NOT_VPN&NOT_VCN_MANAGED Uid: 1001 UnderlyingNetworks: Null] ], mPriority=30, state=UNSATISFIED, mAttachedDataNetwork=null, isMetered=true, created time=08:11:37.227, evaluation result=null]
02-03 08:11:37.238 I/AutoDataControllerStub( 4105): failed to initialize AUTO instance ...
02-03 08:11:37.238 D/RILJ    ( 4105): [0029]> SET_SIGNAL_STRENGTH_REPORTING_CRITERIA [PHONE0]
02-03 08:11:37.239 D/DPM-0   ( 4105): Unable to find a data profile for [NetworkRequest [ NONE id=0, [ Capabilities: DUN&TRUSTED&NOT_VPN&NOT_VCN_MANAGED Uid: 1001 UnderlyingNetworks: Null] ], mPriority=30, state=UNSATISFIED, mAttachedDataNetwork=null, isMetered=true, created time=08:11:37.227, evaluation result=null]
02-03 08:11:37.239 D/SSCtr   ( 4105): setSignalStrengthReportingCriteria consolidatedSignalThresholdInfos=[SignalThresholdInfo{mRan=1 mSignalMeasurementType=1 mHysteresisMs=3000 mHysteresisDb=2 mThresholds=[] mIsEnabled=false}, SignalThresholdInfo{mRan=2 mSignalMeasurementType=2 mHysteresisMs=3000 mHysteresisDb=2 mThresholds=[] mIsEnabled=false}, SignalThresholdInfo{mRan=3 mSignalMeasurementType=3 mHysteresisMs=3000 mHysteresisDb=2 mThresholds=[] mIsEnabled=false}, SignalThresholdInfo{mRan=4 mSignalMeasurementType=1 mHysteresisMs=3000 mHysteresisDb=2 mThresholds=[] mIsEnabled=false}, SignalThresholdInfo{mRan=3 mSignalMeasurementType=4 mHysteresisMs=3000 mHysteresisDb=2 mThresholds=[] mIsEnabled=false}, SignalThresholdInfo{mRan=3 mSignalMeasurementType=5 mHysteresisMs=3000 mHysteresisDb=2 mThresholds=[] mIsEnabled=false}, SignalThresholdInfo{mRan=6 mSignalMeasurementType=6 mHysteresisMs=3000 mHysteresisDb=2 mThresholds=[] mIsEnabled=false}, SignalThresholdInfo{mRan=6 mSignalMeasurementType=7 mHysteresisMs=3000 mHysteresisDb=2 mThresholds=[] mIsEnabled=false}, SignalThresholdInfo{mRan=6 mSignalMeasurementType=8 mHysteresisMs=3000 mHysteresisDb=2 mThresholds=[] mIsEnabled=false}, SignalThresholdInfo{mRan=2 mSignalMeasurementType=9 mHysteresisMs=3000 mHysteresisDb=2 mThresholds=[] mIsEnabled=false}]
02-03 08:11:37.241 D/MiuiSignalStrengthImpl( 4105): getThresholds, isSignalOptimizationSupported = false
02-03 08:11:37.241 D/MiuiSignalStrengthImpl( 4105): getThresholds, measurementType = 3, ran = 3, result = [-140, -125, -115, -110, -102], isOverwriteThresholds = true
02-03 08:11:37.243 D/MiuiSignalStrengthImpl( 4105): getThresholds, isSignalOptimizationSupported = false
02-03 08:11:37.243 D/MiuiSignalStrengthImpl( 4105): getThresholds, measurementType = 6, ran = 6, result = [-140, -125, -115, -110, -102], isOverwriteThresholds = true
02-03 08:11:37.243 D/SSCtr   ( 4105): No matching configuration
02-03 08:11:37.244 D/RILJ    ( 4105): [0030]> SET_SIGNAL_STRENGTH_REPORTING_CRITERIA [PHONE0]
02-03 08:11:37.245 D/SSCtr   ( 4105): setSignalStrengthReportingCriteria consolidatedSignalThresholdInfos=[SignalThresholdInfo{mRan=1 mSignalMeasurementType=1 mHysteresisMs=3000 mHysteresisDb=2 mThresholds=[] mIsEnabled=false}, SignalThresholdInfo{mRan=2 mSignalMeasurementType=2 mHysteresisMs=3000 mHysteresisDb=2 mThresholds=[] mIsEnabled=false}, SignalThresholdInfo{mRan=3 mSignalMeasurementType=3 mHysteresisMs=3000 mHysteresisDb=2 mThresholds=[] mIsEnabled=false}, SignalThresholdInfo{mRan=4 mSignalMeasurementType=1 mHysteresisMs=3000 mHysteresisDb=2 mThresholds=[] mIsEnabled=false}, SignalThresholdInfo{mRan=3 mSignalMeasurementType=4 mHysteresisMs=3000 mHysteresisDb=2 mThresholds=[] mIsEnabled=false}, SignalThresholdInfo{mRan=3 mSignalMeasurementType=5 mHysteresisMs=3000 mHysteresisDb=2 mThresholds=[] mIsEnabled=false}, SignalThresholdInfo{mRan=6 mSignalMeasurementType=6 mHysteresisMs=3000 mHysteresisDb=2 mThresholds=[] mIsEnabled=false}, SignalThresholdInfo{mRan=6 mSignalMeasurementType=7 mHysteresisMs=3000 mHysteresisDb=2 mThresholds=[] mIsEnabled=false}, SignalThresholdInfo{mRan=6 mSignalMeasurementType=8 mHysteresisMs=3000 mHysteresisDb=2 mThresholds=[] mIsEnabled=false}, SignalThresholdInfo{mRan=2 mSignalMeasurementType=9 mHysteresisMs=3000 mHysteresisDb=2 mThresholds=[] mIsEnabled=false}]
02-03 08:11:37.245 D/RILJ    ( 4105): [0029]< SET_SIGNAL_STRENGTH_REPORTING_CRITERIA  [PHONE0]
02-03 08:11:37.246 D/SST     ( 4105): [0] handleMessage: received event 42
02-03 08:11:37.246 D/SST     ( 4105): [0] EVENT_ICC_CHANGED: SIM absent
02-03 08:11:37.246 D/SST     ( 4105): [0] cancelAllNotifications: mPrevSubId=-1
02-03 08:11:37.246 E/RILJ    ( 4105): processResponse: Unexpected response! serial: 29 ,error: 0
02-03 08:11:37.246 E/RILJ    ( 4105): processResponse: Unexpected response! serial: 29 ,error: 0
02-03 08:11:37.247 D/MiuiDisplayInfoController( 4105): service state:1miui signal level0, phoneId = 0
02-03 08:11:37.247 E/RILJ    ( 4105): processResponse: Unexpected response! serial: 29 ,error: 0
02-03 08:11:37.247 E/RILJ    ( 4105): processResponse: Unexpected response! serial: 29 ,error: 0
02-03 08:11:37.247 E/RILJ    ( 4105): processResponse: Unexpected response! serial: 29 ,error: 0
02-03 08:11:37.249 D/SST     ( 4105): [0] updateSpnDisplayLegacy+
02-03 08:11:37.249 E/RILJ    ( 4105): processResponse: Unexpected response! serial: 29 ,error: 0
02-03 08:11:37.250 E/RILJ    ( 4105): processResponse: Unexpected response! serial: 29 ,error: 0
02-03 08:11:37.251 E/RILJ    ( 4105): processResponse: Unexpected response! serial: 29 ,error: 0
02-03 08:11:37.254 E/RILJ    ( 4105): processResponse: Unexpected response! serial: 29 ,error: 44
02-03 08:11:37.260 D/SST     ( 4105): [0] updateSpnDisplay: radio is on but out of service, set plmn='No service'
02-03 08:11:37.260 D/SST     ( 4105): [0] updateSpnDisplay: rawSpn = 
02-03 08:11:37.261 D/SST     ( 4105): [0] updateSpnDisplay: updateSpnDisplay: changed sending intent, rule=2, showPlmn='true', plmn='No service', showSpn='false', spn='', dataSpn='', subId='-1'
02-03 08:11:37.261 D/RILJ    ( 4105): [0030]< SET_SIGNAL_STRENGTH_REPORTING_CRITERIA  [PHONE0]
02-03 08:11:37.261 D/SubscriptionManager( 4105): putPhoneIdAndSubIdExtra: no valid subs
02-03 08:11:37.262 D/SST     ( 4105): [0] updateSpnDisplayLegacy-
02-03 08:11:37.265 E/RILJ    ( 4105): processResponse: Unexpected response! serial: 30 ,error: 0
02-03 08:11:37.265 E/RILJ    ( 4105): processResponse: Unexpected response! serial: 30 ,error: 0
02-03 08:11:37.265 E/RILJ    ( 4105): processResponse: Unexpected response! serial: 30 ,error: 0
02-03 08:11:37.265 E/RILJ    ( 4105): processResponse: Unexpected response! serial: 30 ,error: 0
02-03 08:11:37.265 D/NRM-C-0 ( 4105): Trying to bind com.android.phone for transport WWAN
02-03 08:11:37.265 E/RILJ    ( 4105): processResponse: Unexpected response! serial: 30 ,error: 0
02-03 08:11:37.265 E/RILJ    ( 4105): processResponse: Unexpected response! serial: 30 ,error: 0
02-03 08:11:37.265 E/RILJ    ( 4105): processResponse: Unexpected response! serial: 30 ,error: 0
02-03 08:11:37.266 E/RILJ    ( 4105): processResponse: Unexpected response! serial: 30 ,error: 0
02-03 08:11:37.266 E/RILJ    ( 4105): processResponse: Unexpected response! serial: 30 ,error: 44
02-03 08:11:37.278 D/NRM-I-0 ( 4105): Trying to bind vendor.qti.iwlan for transport WLAN
02-03 08:11:37.282 D/SST     ( 4105): [0] handleMessage: received event 1
02-03 08:11:37.282 D/SST     ( 4105): [0] setPowerStateToDesired: mDeviceShuttingDown=false, mDesiredPowerState=true, getRadioState=0, mRadioPowerOffReasons=[], IMS reg state=false, pending radio off=false
02-03 08:11:37.282 D/MiuiNetworkControllerImpl( 4105): needGUTIWork =false
02-03 08:11:37.282 D/NetworkService( 4041): network service created
02-03 08:11:37.285 D/MiuiPhoneInterfaceManager( 4105): support satellite device=false
02-03 08:11:37.285 D/RILJ    ( 4105): [0031]> RADIO_POWER on = true forEmergencyCall= false preferredForEmergencyCall=false [PHONE0]
02-03 08:11:37.285 D/RILC    ( 2080): setRadioPower: serial 31 on 1
02-03 08:11:37.286 D/SST     ( 4105): [0] pollState: modemTriggered=false, radioState=0
02-03 08:11:37.286 D/SST     ( 4105): [0] set service state as POWER_OFF
02-03 08:11:37.286 D/SST     ( 4105): [0] Could not set ServiceState channel number. CellIdentity null
