02-03 08:11:33.941 E/HYDRA   ( 2080): RIL[0][xiaomi_qcril_cmn.cc:1752] xiaomi_qcril_get_and_save_modem_build_datetime_info: ret_val = 0, len = 20, build datetime = Nov 26 2023 05:53:46
02-03 08:11:33.943 W/HYDRA   ( 2080): RIL[0][xiaomi_qcril_cmn.cc:1625] xiaomi_qcril_print_property_value: persist.radio.modem_build_datetime: Nov 26 2023 05:53:46
02-03 08:11:33.943 W/HYDRA   ( 2080): RIL[0][xiaomi_qcril_cmn.cc:1763] xiaomi_qcril_get_and_save_modem_build_datetime_info: function exit <-------------
02-03 08:11:33.943 W/HYDRA   ( 2080): RIL[0][xiaomi_qcril_cmn.cc:589] xiaomi_qcril_wait_s: qcril wait_s_in = 3, wait_s = 3
02-03 08:11:33.943 W/HYDRA   ( 2080): RIL[0][xiaomi_qcril_cmn.cc:593] xiaomi_qcril_wait_s: xiaomi qcril start to wait 3s to init
02-03 08:11:33.993 D/TelephonyRegistry( 1885): listen oscl: mHasNotifySubscriptionInfoChangedOccurred==false no callback
02-03 08:11:34.043 D/TelephonyRegistry( 1885): listen oscl: mHasNotifySubscriptionInfoChangedOccurred==false no callback
02-03 08:11:34.108 W/TelephonyRegistry( 1885): Pid 1885 has exceeded half the number of permissible registered listeners. Now at 25
02-03 08:11:34.119 W/TelephonyRegistry( 1885): Pid 1885 has exceeded half the number of permissible registered listeners. Now at 26
02-03 08:11:34.121 W/TelephonyRegistry( 1885): Pid 1885 has exceeded half the number of permissible registered listeners. Now at 27
02-03 08:11:34.121 D/TelephonyRegistry( 1885): listen oscl: mHasNotifySubscriptionInfoChangedOccurred==false no callback
02-03 08:11:34.204 W/TelephonyRegistry( 1885): Pid 1885 has exceeded half the number of permissible registered listeners. Now at 28
02-03 08:11:34.204 D/TelephonyRegistry( 1885): listen oscl: mHasNotifySubscriptionInfoChangedOccurred==false no callback
02-03 08:11:34.250 W/TelephonyRegistry( 1885): Pid 1885 has exceeded half the number of permissible registered listeners. Now at 29
02-03 08:11:34.250 D/TelephonyRegistry( 1885): listen oscl: mHasNotifySubscriptionInfoChangedOccurred==false no callback
02-03 08:11:34.302 D/TelephonyRegistry( 1885): systemRunning register for intents
02-03 08:11:34.372 W/CarrierConfigManager( 1885): Error getting config for subId -1 ICarrierConfigLoader is null
02-03 08:11:34.462 W/CarrierConfigManager( 3966): Error getting config for subId -1 ICarrierConfigLoader is null
02-03 08:11:35.020 D/FeatureConfiguration( 1885): Checking feature: FEATURE_CALL_AUDIO_BT_OPTIMIZE
02-03 08:11:35.020 D/FeatureConfiguration( 1885): Feature FEATURE_CALL_AUDIO_BT_OPTIMIZE build is supported, featureSupported=false
02-03 08:11:35.039 W/HYDRA   ( 2080): RIL[0][xiaomi_qcril_stats.cc:999] xiaomi_qcril_stats_wait_s: xiaomi qcril stats end to wait 3s to init
02-03 08:11:35.039 W/HYDRA   ( 2080): RIL[0][xiaomi_qcril_stats.cc:1080] xiaomi_qcril_stats_thread_proc: function exit <-------------
02-03 08:11:35.173 D/FeatureConfiguration( 1885): Checking feature: FEATURE_VONR
02-03 08:11:35.173 D/FeatureConfiguration( 1885): Feature FEATURE_VONR build is supported, featureSupported=true
02-03 08:11:35.181 D/FeatureConfiguration( 1885): Checking feature: FEATURE_GLOBAL_CRBT
02-03 08:11:35.181 D/FeatureConfiguration( 1885): Feature FEATURE_GLOBAL_CRBT build is not supported, featureSupported=false
02-03 08:11:35.216 W/TelephonyRegistry( 1885): Pid 1885 has exceeded half the number of permissible registered listeners. Now at 30
02-03 08:11:35.219 W/TelephonyRegistry( 1885): Pid 1885 has exceeded half the number of permissible registered listeners. Now at 31
02-03 08:11:35.238 W/TelephonyRegistry( 1885): Pid 1885 has exceeded half the number of permissible registered listeners. Now at 32
02-03 08:11:35.238 D/TelephonyRegistry( 1885): listen oscl: mHasNotifySubscriptionInfoChangedOccurred==false no callback
02-03 08:11:35.293 D/TelephonyRegistry( 1885): listen oscl: mHasNotifySubscriptionInfoChangedOccurred==false no callback
02-03 08:11:35.304 W/TelephonyRegistry( 1885): Pid 1885 has exceeded half the number of permissible registered listeners. Now at 33
02-03 08:11:35.405 W/TelephonyComponentFactory( 4105): Injection jar is not protected , path: /system/framework/qti-telephony-common.jarstatvfs failed: ENOENT (No such file or directory)
02-03 08:11:35.405 W/TelephonyComponentFactory( 4105): Injection jar is not protected , path: /product/framework/qti-telephony-common.jarstatvfs failed: ENOENT (No such file or directory)
02-03 08:11:35.405 W/TelephonyComponentFactory( 4105): Injection jar is not protected , path: /product/framework/qti-telephony-hidl-wrapper.jarstatvfs failed: ENOENT (No such file or directory)
02-03 08:11:35.405 W/TelephonyComponentFactory( 4105): Injection jar is not protected , path: /product/framework/qti-telephony-utils.jarstatvfs failed: ENOENT (No such file or directory)
02-03 08:11:35.405 W/TelephonyComponentFactory( 4105): Injection jar is not protected , path: /system/framework/qti-telephony-utils.jarstatvfs failed: ENOENT (No such file or directory)
02-03 08:11:35.405 D/TelephonyComponentFactory( 4105): validated paths: /system_ext/framework/qti-telephony-common.jar:/system_ext/framework/qti-telephony-hidl-wrapper.jar:/system_ext/framework/qti-telephony-utils.jar:/system_ext/framework/extphonelib.jar:/product/framework/ims-ext-common.jar
02-03 08:11:35.450 W/TelephonyComponentFactory( 4105): Injection jar is not protected , path: /system/framework/qti-telephony-common.jarstatvfs failed: ENOENT (No such file or directory)
02-03 08:11:35.451 W/TelephonyComponentFactory( 4105): Injection jar is not protected , path: /product/framework/qti-telephony-common.jarstatvfs failed: ENOENT (No such file or directory)
02-03 08:11:35.451 W/TelephonyComponentFactory( 4105): Injection jar is not protected , path: /product/framework/qti-telephony-hidl-wrapper.jarstatvfs failed: ENOENT (No such file or directory)
02-03 08:11:35.451 W/TelephonyComponentFactory( 4105): Injection jar is not protected , path: /product/framework/qti-telephony-utils.jarstatvfs failed: ENOENT (No such file or directory)
02-03 08:11:35.451 W/TelephonyComponentFactory( 4105): Injection jar is not protected , path: /system/framework/qti-telephony-utils.jarstatvfs failed: ENOENT (No such file or directory)
02-03 08:11:35.451 D/TelephonyComponentFactory( 4105): Total components injected: 22
02-03 08:11:35.452 D/TDC     ( 4105): updateOrInsert: inserting: Modem { uuid=modem, state=0, rilModel=0, rat={}, maxActiveVoiceCall=1, maxActiveDataCall=1, maxStandby=1 }
02-03 08:11:35.452 D/TDC     ( 4105): updateOrInsert: inserting: Sim { uuid=sim, modemUuid=modem, state=0 }
02-03 08:11:35.462 D/MetricsCollector( 4105): registered
02-03 08:11:35.468 D/CdmaSSM ( 4105): subscriptionSource from settings: 0
02-03 08:11:35.468 I/PhoneFactory( 4105): Cdma Subscription set to 0
02-03 08:11:35.468 I/PhoneFactory( 4105): Network Mode set to 22
02-03 08:11:35.468 D/QtiTelephonyComponentFactory( 4105): makeQtiRIL
02-03 08:11:35.469 D/RILJ    ( 4105): RIL: init allowedNetworkTypes=392191 cdmaSubscription=0) [PHONEnull]
02-03 08:11:35.471 W/TelephonyRegistry( 1885): Pid 1885 has exceeded half the number of permissible registered listeners. Now at 34
02-03 08:11:35.471 D/TelephonyRegistry( 1885): listen oscl: mHasNotifySubscriptionInfoChangedOccurred==false no callback
02-03 08:11:35.493 D/RILC    ( 2080): setResponseFunctions_1_5
02-03 08:11:35.493 D/RILC    ( 2080): RadioImpl_1_5::setResponseFunctions_nolock
02-03 08:11:35.494 D/RILC    ( 2080): RadioImpl_1_4::setResponseFunctions_nolock
02-03 08:11:35.495 D/RILC    ( 2080): RadioImpl_1_3::setResponseFunctions_nolock
02-03 08:11:35.495 D/RILC    ( 2080): RadioImpl_1_2::setResponseFunctions_nolock
02-03 08:11:35.496 D/RILC    ( 2080): rilConnectedInd
02-03 08:11:35.496 E/RILC    ( 2080): Unsupported unsolicited response code 1034
02-03 08:11:35.497 D/RILC    ( 2080): radioStateChangedInd: radioState 0
02-03 08:11:35.497 I/qcrilNrd( 2080): currentState() -> Radio Off(0)
02-03 08:11:35.497 I/RILC    ( 2080): UNSOLICITED: UNSOL_RESPONSE_RADIO_STATE_CHANGED length: 0
02-03 08:11:35.497 I/RILC    ( 2080): RIL Daemon version: Qualcomm RIL 1.0
02-03 08:11:35.501 E/RILQ    ( 2080): (0/2080): RIL[0][(2080,2122)] get_ecc_property_name: ecc list name : ril.ecclist.
02-03 08:11:35.503 D/RILJ    ( 4105): [0001]> GET_HARDWARE_CONFIG [PHONE0]
02-03 08:11:35.504 D/RILJ    ( 4105): Unsol response received; Sending ack to ril.cpp [PHONE0]
02-03 08:11:35.504 D/RILJ    ( 4105): HAL version of RADIO: 1.5 [PHONE0]
02-03 08:11:35.504 D/RILJ    ( 4105): [UNSL]< UNSOL_RIL_CONNECTED [PHONE0]
02-03 08:11:35.509 D/RILJ    ( 4105): HAL version of DATA: 1.5 [PHONE0]
02-03 08:11:35.511 D/RILJ    ( 4105): HAL version of MESSAGING: 1.5 [PHONE0]
02-03 08:11:35.511 D/RILJ    ( 4105): HAL version of MODEM: 1.5 [PHONE0]
02-03 08:11:35.513 D/RILJ    ( 4105): [0002]> RADIO_POWER on = false forEmergencyCall= false preferredForEmergencyCall=false [PHONE0]
02-03 08:11:35.513 D/RILC    ( 2080): setRadioPower: serial 2 on 0
02-03 08:11:35.517 D/RILJ    ( 4105): HAL version of NETWORK: 1.5 [PHONE0]
02-03 08:11:35.519 D/RILJ    ( 4105): HAL version of SIM: 1.5 [PHONE0]
02-03 08:11:35.520 D/RILJ    ( 4105): [0003]> CDMA_SET_SUBSCRIPTION_SOURCE cdmaSubscription = 0 [PHONE0]
02-03 08:11:35.521 D/RILJ    ( 4105): [0001]< GET_HARDWARE_CONFIG error 6 [PHONE0]
02-03 08:11:35.522 D/RilRequest( 4105): [0001]< GET_HARDWARE_CONFIG error: com.android.internal.telephony.CommandException: REQUEST_NOT_SUPPORTED ret=  result=null
02-03 08:11:35.523 D/RILJ    ( 4105): HAL version of VOICE: 1.5 [PHONE0]
02-03 08:11:35.524 D/RILJ    ( 4105): HAL version of IMS: -2.-2 [PHONE0]
02-03 08:11:35.525 D/RILJ    ( 4105): Unsol response received; Sending ack to ril.cpp [PHONE0]
02-03 08:11:35.525 D/RILJ    ( 4105): [UNSL]< UNSOL_RESPONSE_RADIO_STATE_CHANGED radioStateChanged: 0 [PHONE0]
02-03 08:11:35.530 D/FeatureConfiguration( 4105): Checking feature: FEATURE_RADIO_STALL_DETECT
02-03 08:11:35.530 D/FeatureConfiguration( 4105): Feature FEATURE_RADIO_STALL_DETECT build is supported, featureSupported=false
02-03 08:11:35.530 D/RILJ    ( 4105): [UNSL]< UNSOL_EMERGENCY_NUMBER_LIST [EmergencyNumber:Number-118|CountryIso-|Mnc-|ServiceCategories-1000|Urns-[]|Sources-10|Routing-0, EmergencyNumber:Number-110|CountryIso-|Mnc-|ServiceCategories-1|Urns-[]|Sources-10|Routing-0, EmergencyNumber:Number-119|CountryIso-|Mnc-|ServiceCategories-110|Urns-[]|Sources-10|Routing-0, EmergencyNumber:Number-911|CountryIso-|Mnc-|ServiceCategories-0|Urns-[]|Sources-1000|Routing-0, EmergencyNumber:Number-112|CountryIso-|Mnc-|ServiceCategories-0|Urns-[]|Sources-1000|Routing-0] [PHONE0]
02-03 08:11:35.532 D/QTIRILJ ( 4105): QtiRIL
02-03 08:11:35.533 D/RILJ    ( 4105): [0003]< CDMA_SET_SUBSCRIPTION_SOURCE error 1 [PHONE0]
02-03 08:11:35.533 D/RilRequest( 4105): [0003]< CDMA_SET_SUBSCRIPTION_SOURCE error: com.android.internal.telephony.CommandException: RADIO_NOT_AVAILABLE ret= result=null
02-03 08:11:35.535 E/RILC    ( 2080): Unsupported unsolicited response code 1028
02-03 08:11:35.537 D/QTIRILJ ( 4105): QtiRadio interface service started vendor.qti.hardware.radio.qtiradio@1.0::IQtiRadio slot1 preexisting =true
02-03 08:11:35.543 D/QTIRILJ ( 4105): initQtiRadio: mQtiRadiovendor.qti.hardware.radio.qtiradio@2.6::IQtiRadio@Proxy
02-03 08:11:35.546 D/QtiRadioIndication( 4105): [0]Constructor: 
02-03 08:11:35.546 E/RILQ    ( 2097): (1/2097): RIL[1][(2097,2120)] get_ecc_property_name: ecc list name : ril.ecclist1.
02-03 08:11:35.551 D/RILJ    ( 4105): Unsol response received; Sending ack to ril.cpp [PHONE0]
02-03 08:11:35.551 D/RILJ    ( 4105): [UNSL]< UNSOL_RESPONSE_NETWORK_STATE_CHANGED [PHONE0]
02-03 08:11:35.561 E/RILC    ( 2080): Unsupported unsolicited response code 1028
02-03 08:11:35.566 D/RILJ    ( 4105): Unsol response received; Sending ack to ril.cpp [PHONE0]
02-03 08:11:35.566 D/RILJ    ( 4105): [UNSL]< UNSOL_RESPONSE_NETWORK_STATE_CHANGED [PHONE0]
02-03 08:11:35.570 I/PhoneFactory( 4105): Network Mode set to 22
02-03 08:11:35.570 D/QtiTelephonyComponentFactory( 4105): makeQtiRIL
02-03 08:11:35.570 D/RILJ    ( 4105): RIL: init allowedNetworkTypes=392191 cdmaSubscription=0) [PHONEnull]
02-03 08:11:35.592 D/RILC    ( 2097): setResponseFunctions_1_5
02-03 08:11:35.592 D/RILC    ( 2097): RadioImpl_1_5::setResponseFunctions_nolock
02-03 08:11:35.593 D/RILC    ( 2097): RadioImpl_1_4::setResponseFunctions_nolock
02-03 08:11:35.593 D/RILC    ( 2097): RadioImpl_1_3::setResponseFunctions_nolock
02-03 08:11:35.594 D/RILC    ( 2097): RadioImpl_1_2::setResponseFunctions_nolock
02-03 08:11:35.594 D/RILC    ( 2097): rilConnectedInd
02-03 08:11:35.594 E/RILC    ( 2097): Unsupported unsolicited response code 1034
02-03 08:11:35.594 D/RILC    ( 2097): radioStateChangedInd: radioState 0
02-03 08:11:35.595 I/qcrilNrd( 2097): currentState() -> Radio Off(0)
02-03 08:11:35.595 I/RILC    ( 2097): UNSOLICITED: UNSOL_RESPONSE_RADIO_STATE_CHANGED length: 0
02-03 08:11:35.595 I/RILC    ( 2097): RIL Daemon version: Qualcomm RIL 1.0
02-03 08:11:35.596 E/RILQ    ( 2097): (1/2097): RIL[1][(2097,2120)] get_ecc_property_name: ecc list name : ril.ecclist1.
02-03 08:11:35.597 D/RILJ    ( 4105): [0007]> GET_HARDWARE_CONFIG [PHONE1]
02-03 08:11:35.598 D/RILJ    ( 4105): Unsol response received; Sending ack to ril.cpp [PHONE1]
02-03 08:11:35.598 D/RILJ    ( 4105): [UNSL]< UNSOL_RIL_CONNECTED [PHONE1]
02-03 08:11:35.599 D/RILJ    ( 4105): [0009]> RADIO_POWER on = false forEmergencyCall= false preferredForEmergencyCall=false [PHONE1]
02-03 08:11:35.599 D/RILJ    ( 4105): HAL version of RADIO: 1.5 [PHONE1]
02-03 08:11:35.599 D/RILC    ( 2097): setRadioPower: serial 9 on 0
02-03 08:11:35.608 D/RILJ    ( 4105): HAL version of DATA: 1.5 [PHONE1]
02-03 08:11:35.613 D/RILJ    ( 4105): [0010]> CDMA_SET_SUBSCRIPTION_SOURCE cdmaSubscription = 0 [PHONE1]
02-03 08:11:35.614 D/RILJ    ( 4105): [0007]< GET_HARDWARE_CONFIG error 6 [PHONE1]
02-03 08:11:35.614 D/RilRequest( 4105): [0007]< GET_HARDWARE_CONFIG error: com.android.internal.telephony.CommandException: REQUEST_NOT_SUPPORTED ret=  result=null
02-03 08:11:35.617 D/RILC    ( 2097): radioStateChangedInd: radioState 0
02-03 08:11:35.617 I/qcrilNrd( 2097): currentState() -> Radio Off(0)
02-03 08:11:35.617 I/RILC    ( 2097): UNSOLICITED: UNSOL_RESPONSE_RADIO_STATE_CHANGED length: 0
02-03 08:11:35.619 D/RILC    ( 2080): radioStateChangedInd: radioState 0
02-03 08:11:35.619 I/qcrilNrd( 2080): currentState() -> Radio Off(0)
02-03 08:11:35.619 I/RILC    ( 2080): UNSOLICITED: UNSOL_RESPONSE_RADIO_STATE_CHANGED length: 0
02-03 08:11:35.623 D/RILJ    ( 4105): Unsol response received; Sending ack to ril.cpp [PHONE1]
02-03 08:11:35.623 D/RILJ    ( 4105): [UNSL]< UNSOL_RESPONSE_RADIO_STATE_CHANGED radioStateChanged: 0 [PHONE1]
02-03 08:11:35.624 D/RILJ    ( 4105): [0009]< RADIO_POWER  [PHONE1]
02-03 08:11:35.624 D/RILJ    ( 4105): [0002]< RADIO_POWER  [PHONE0]
02-03 08:11:35.624 D/RILJ    ( 4105): HAL version of MESSAGING: 1.5 [PHONE1]
02-03 08:11:35.624 D/RILJ    ( 4105): HAL version of MODEM: 1.5 [PHONE1]
02-03 08:11:35.628 D/RILJ    ( 4105): Unsol response received; Sending ack to ril.cpp [PHONE0]
02-03 08:11:35.628 D/RILJ    ( 4105): [UNSL]< UNSOL_RESPONSE_RADIO_STATE_CHANGED radioStateChanged: 0 [PHONE0]
02-03 08:11:35.628 D/RILJ    ( 4105): [UNSL]< UNSOL_EMERGENCY_NUMBER_LIST [EmergencyNumber:Number-118|CountryIso-|Mnc-|ServiceCategories-1000|Urns-[]|Sources-10|Routing-0, EmergencyNumber:Number-110|CountryIso-|Mnc-|ServiceCategories-1|Urns-[]|Sources-10|Routing-0, EmergencyNumber:Number-119|CountryIso-|Mnc-|ServiceCategories-110|Urns-[]|Sources-10|Routing-0, EmergencyNumber:Number-911|CountryIso-|Mnc-|ServiceCategories-0|Urns-[]|Sources-1000|Routing-0, EmergencyNumber:Number-112|CountryIso-|Mnc-|ServiceCategories-0|Urns-[]|Sources-1000|Routing-0] [PHONE1]
02-03 08:11:35.628 D/RILJ    ( 4105): [0010]< CDMA_SET_SUBSCRIPTION_SOURCE error 1 [PHONE1]
02-03 08:11:35.628 D/RilRequest( 4105): [0010]< CDMA_SET_SUBSCRIPTION_SOURCE error: com.android.internal.telephony.CommandException: RADIO_NOT_AVAILABLE ret= result=null
02-03 08:11:35.632 D/RILJ    ( 4105): Unsol response received; Sending ack to ril.cpp [PHONE0]
02-03 08:11:35.632 D/RILJ    ( 4105): [UNSL]< UNSOL_RESPONSE_NETWORK_STATE_CHANGED [PHONE0]
02-03 08:11:35.638 D/RILJ    ( 4105): HAL version of NETWORK: 1.5 [PHONE1]
02-03 08:11:35.638 D/RILJ    ( 4105): HAL version of SIM: 1.5 [PHONE1]
02-03 08:11:35.638 D/RILJ    ( 4105): Unsol response received; Sending ack to ril.cpp [PHONE1]
02-03 08:11:35.638 D/RILJ    ( 4105): [UNSL]< UNSOL_RESPONSE_RADIO_STATE_CHANGED radioStateChanged: 0 [PHONE1]
02-03 08:11:35.643 D/RILJ    ( 4105): HAL version of VOICE: 1.5 [PHONE1]
02-03 08:11:35.644 D/RILJ    ( 4105): HAL version of IMS: -2.-2 [PHONE1]
02-03 08:11:35.644 D/RILJ    ( 4105): Unsol response received; Sending ack to ril.cpp [PHONE1]
02-03 08:11:35.644 D/RILJ    ( 4105): [UNSL]< UNSOL_RESPONSE_NETWORK_STATE_CHANGED [PHONE1]
02-03 08:11:35.646 D/FeatureConfiguration( 4105): Checking feature: FEATURE_RADIO_STALL_DETECT
02-03 08:11:35.646 D/FeatureConfiguration( 4105): Feature FEATURE_RADIO_STALL_DETECT build is supported, featureSupported=false
02-03 08:11:35.652 D/QTIRILJ ( 4105): QtiRIL
02-03 08:11:35.661 D/QTIRILJ ( 4105): QtiRadio interface service started vendor.qti.hardware.radio.qtiradio@1.0::IQtiRadio slot2 preexisting =true
02-03 08:11:35.665 D/QTIRILJ ( 4105): initQtiRadio: mQtiRadiovendor.qti.hardware.radio.qtiradio@2.6::IQtiRadio@Proxy
02-03 08:11:35.666 D/QtiRadioIndication( 4105): [1]Constructor: 
02-03 08:11:35.687 D/UiccController( 4105): Creating UiccController
02-03 08:11:35.687 D/UiccController( 4105): config_num_physical_slots = 1
02-03 08:11:35.699 E/RILC    ( 2097): Unsupported unsolicited response code 1028
02-03 08:11:35.706 D/RILJ    ( 4105): Unsol response received; Sending ack to ril.cpp [PHONE1]
02-03 08:11:35.706 D/RILJ    ( 4105): [UNSL]< UNSOL_RESPONSE_NETWORK_STATE_CHANGED [PHONE1]
02-03 08:11:35.708 E/RadioConfig( 4105): getHidlRadioConfigProxy1_3: RadioConfigProxy getService: java.util.NoSuchElementException
02-03 08:11:35.714 D/RadioConfig( 4105): RIL_REQUEST_GET_HAL_DEVICE_CAPABILITIES > REQUEST_NOT_SUPPORTED
02-03 08:11:35.714 D/RILUtils( 4105): Radio Hal Version = 1.5
02-03 08:11:35.715 E/RadioInterfaceCapabilityController( 4105): getRadioInterfaceCapabilities: Radio Capabilities not loaded in time
02-03 08:11:35.715 E/RadioInterfaceCapabilityController( 4105): setupRadioInterfaceCapabilities: com.android.internal.telephony.CommandException: REQUEST_NOT_SUPPORTED
02-03 08:11:35.715 D/RadioInterfaceCapabilityController( 4105): setupRadioInterfaceCapabilities: mRadioInterfaceCapabilities now setup
02-03 08:11:35.740 D/PinStorage( 4105): KeyStore: alias PinStorage_longTerm_always_key exists
02-03 08:11:35.740 D/PinStorage( 4105): Device is locked - Postponing initialization
02-03 08:11:35.740 I/PhoneFactory( 4105): Creating SubscriptionManagerService
02-03 08:11:35.741 D/QtiTelephonyComponentFactory( 4105): initSubscriptionManagerService
02-03 08:11:35.741 D/SMSVC   ( 4105): Created SubscriptionManagerService
02-03 08:11:35.748 D/TelephonyRegistry( 1885): listen oscl: mHasNotifySubscriptionInfoChangedOccurred==false no callback
02-03 08:11:35.755 D/TelephonyRegistry( 1885): notifyCellLocationForSubscriber: subId=2147483647 cellIdentity=null
02-03 08:11:35.756 D/TelephonyRegistry( 1885): notifyCellLocationForSubscriber: subId=2147483647 cellIdentity=null
02-03 08:11:35.771 D/SDMGR   ( 4105): Created SubscriptionDatabaseManager.
02-03 08:11:35.772 D/SDMGR   ( 4105): loadDatabaseInternal
02-03 08:11:35.775 D/SMSVC   ( 4105): broadcastSubId action: android.intent.action.ACTION_DEFAULT_DATA_SUBSCRIPTION_CHANGED subId= 1
02-03 08:11:35.776 D/SMSVC   ( 4105): broadcastSubId action: android.intent.action.ACTION_DEFAULT_VOICE_SUBSCRIPTION_CHANGED subId= -1
02-03 08:11:35.778 D/SMSVC   ( 4105): broadcastSubId action: android.telephony.action.DEFAULT_SMS_SUBSCRIPTION_CHANGED subId= 1
02-03 08:11:35.785 W/CarrierConfigManager( 1885): Error getting config for subId 1 ICarrierConfigLoader is null
02-03 08:11:35.792 W/TelephonyRegistry( 1885): Pid 1885 has exceeded half the number of permissible registered listeners. Now at 34
02-03 08:11:35.794 D/SMSVC   ( 4105): Registered iSub service
02-03 08:11:35.795 D/QtiSubscriptionManagerService( 4105): init by context
02-03 08:11:35.795 I/TelephonyComponentFactory( 4105):  initMultiSimSettingController 
02-03 08:11:35.798 D/SDMGR   ( 4105): Loaded 1 records from the subscription database.
02-03 08:11:35.799 D/SDMGR   ( 4105):   [SubscriptionInfoInternal: id=1 <omitted>[****] simSlotIndex=0 portIndex=0 isEmbedded=0 isRemovableEmbedded=0 carrierId=2429 displayName=Rakuten carrierName=No service isOpportunistic=0 groupUuid= groupOwner= displayNameSource=SIM_SPN iconTint=-15181124 number=[****] dataRoaming=0 mcc=440 mnc=11 ehplmns=44011,44053 hplmns=44011 cardString=898109001[****] cardId=0 nativeAccessRules= carrierConfigAccessRules=<private info omitted>10000002099F04B13AA9672BD6292921D88365D9C1953BD6078E4BFAD344D02CDCFACF17E<private info omitted>000 countryIso=jp profileClass=-1 type=LOCAL_SIM areUiccApplicationsEnabled=1 usageSetting=DEFAULT isEnhanced4GModeEnabled=-1 isVideoTelephonyEnabled=-1 isWifiCallingEnabled=-1 isWifiCallingEnabledForRoaming=-1 wifiCallingMode=UNKNOWN wifiCallingModeForRoaming=UNKNOWN enabledMobileDataPolicies= imsi=440110011[****] rcsUceEnabled=0 crossSimCallingEnabled=0 rcsConfig= allowedNetworkTypesForReasons=user=906119,enable_2g=916479 deviceToDeviceStatusSharingPreference=0 isVoImsOptInEnabled=0 deviceToDeviceStatusSharingContacts= numberFromCarrier= numberFromIms=[****] userId=-10000 isSatelliteEnabled=-1 isGroupDisabled=false]
02-03 08:11:35.811 D/QtiTelephonyComponentFactory( 4105): makePhone
02-03 08:11:35.812 D/Phone   ( 4105): mDoesRilSendMultipleCallRing=false
02-03 08:11:35.812 D/Phone   ( 4105): mCallRingDelay=3000
02-03 08:11:35.813 D/TelephonyAdminReceiver( 4105): No user manager. Attempting to resolve one.
02-03 08:11:35.820 D/TelephonyComponentFactory( 4105): makeSmsStorageMonitor
02-03 08:11:35.823 D/TelephonyComponentFactory( 4105): makeSmsUsageMonitor
02-03 08:11:35.833 D/RILJ    ( 4105): startLceService: REQUEST_NOT_SUPPORTED
02-03 08:11:35.835 D/TelephonyComponentFactory( 4105): makeGsmCdmaCallTracker
02-03 08:11:35.835 D/TelephonyRegistry( 1885): listen oscl: mHasNotifySubscriptionInfoChangedOccurred==false no callback
02-03 08:11:35.837 D/QtiTelephonyComponentFactory( 4105): makeQtiIccPhoneBookInterfaceManager
02-03 08:11:35.838 D/QtiRilInterface( 4105):  in constructor 
02-03 08:11:35.852 I/MiuiUiccControllerImpl( 4105): [0] init MiuiUiccControllerImpl
02-03 08:11:35.852 D/TelephonyComponentFactory( 4105): makeIccSmsInterfaceManager
02-03 08:11:35.852 D/QtiTelephonyComponentFactory( 4105): makeQtiSmsDispatchersController
02-03 08:11:35.852 D/SmsDispatchersController( 4105): SmsDispatchersController created
02-03 08:11:35.857 D/SMSDispatcher( 4105): SMSDispatcher: ctor mSmsCapable=true format=<private info omitted> mSmsSendDisabled=false
02-03 08:11:35.859 D/SMSDispatcher( 4105): SMSDispatcher: ctor mSmsCapable=true format=3gpp2 mSmsSendDisabled=false
02-03 08:11:35.859 D/CdmaSMSDispatcher( 4105): CdmaSMSDispatcher created
02-03 08:11:35.868 D/GsmInboundSmsHandler( 4105): created InboundSmsHandler
02-03 08:11:35.880 D/CdmaInboundSmsHandler( 4105): created InboundSmsHandler
02-03 08:11:35.884 D/SMSDispatcher( 4105): SMSDispatcher: ctor mSmsCapable=true format=3gpp mSmsSendDisabled=false
02-03 08:11:35.884 D/GsmSMSDispatcher( 4105): GsmSMSDispatcher created
02-03 08:11:35.887 D/SMSDispatcher( 4105): SMSDispatcher: ctor mSmsCapable=true format=3gpp mSmsSendDisabled=false
02-03 08:11:35.894 D/MiuiSmsControllerImpl[0]( 4105): create mMiuiSmsOptimizationController 
02-03 08:11:35.896 D/QtiSmsDispatchersController( 4105): Constructor
02-03 08:11:35.898 D/TelephonyComponentFactory( 4105): getCdmaSubscriptionSourceManagerInstance
02-03 08:11:35.898 D/CdmaSSM ( 4105): subscriptionSource from settings: 0
02-03 08:11:35.898 D/CdmaSSM ( 4105): cdmaSSM constructor: 0
02-03 08:11:35.902 D/QtiTelephonyComponentFactory( 4105): makeCarrierInfoManager
02-03 08:11:35.903 D/GsmCdmaPhone( 4105): [0] initializeCarrierApps
02-03 08:11:35.907 I/MiuiUiccControllerImpl( 4105): [0] update icc records
02-03 08:11:35.907 D/MiuiIccPhoneBookInterfaceManager( 4105): cleanUp
02-03 08:11:35.907 D/GsmCdmaPhone( 4105): [0] Precise phone type 1
02-03 08:11:35.907 D/RILJ    ( 4105): setPhoneType=1 old value=0 [PHONE0]
02-03 08:11:35.910 D/CarrierActionAgent( 4105): [0]Creating CarrierActionAgent
02-03 08:11:35.911 W/CarrierConfigManager( 4105): Error getting config for subId -1 ICarrierConfigLoader is null
02-03 08:11:35.911 W/CarrierConfigManager( 4105): CarrierConfigLoader is not available.
02-03 08:11:35.912 D/ANM-0   ( 4105): operates in AP-assisted mode.
02-03 08:11:35.914 W/CarrierConfigManager( 4105): Error getting config for subId -1 ICarrierConfigLoader is null
02-03 08:11:35.914 D/QtiTelephonyComponentFactory( 4105): makeQtiServiceStateTracker
02-03 08:11:35.916 D/TelephonyComponentFactory( 4105): makeEriManager
02-03 08:11:35.919 W/CarrierConfigManager( 4105): Error getting config for subId -1 ICarrierConfigLoader is null
02-03 08:11:35.919 W/CarrierConfigManager( 4105): CarrierConfigLoader is not available.
02-03 08:11:35.920 D/TelephonyRegistry( 1885): listen oscl: mHasNotifySubscriptionInfoChangedOccurred==false no callback
02-03 08:11:35.921 W/CarrierConfigManager( 4105): Error getting config for subId -1 ICarrierConfigLoader is null
02-03 08:11:35.922 D/NRM-C-0 ( 4105): registerForNetworkRegistrationInfoChanged
02-03 08:11:35.923 D/NRM-I-0 ( 4105): registerForNetworkRegistrationInfoChanged
02-03 08:11:35.937 D/RILJ    ( 4105): [0017]> SIGNAL_STRENGTH [PHONE0]
02-03 08:11:35.937 D/SST     ( 4105): [0] notifyVoiceRegStateRilRadioTechnologyChanged: vrs=1 rat=0
02-03 08:11:35.939 D/TelephonyRegistry( 1885): listen oscl: mHasNotifySubscriptionInfoChangedOccurred==false no callback
02-03 08:11:35.939 D/Phone   ( 4105): [0] SubId-1,get allowed network types user: value = GPRS|EDGE|UMTS|CDMA|CDMA - EvDo rev. 0|CDMA - EvDo rev. A|CDMA - 1xRTT|HSDPA|HSUPA|HSPA|CDMA - EvDo rev. B|LTE|CDMA - eHRPD|HSPA+|GSM|TD_SCDMA|LTE_CA
02-03 08:11:35.940 D/RILJ    ( 4105): [0017]< SIGNAL_STRENGTH SignalStrength:{mCdma=CellSignalStrengthCdma: cdmaDbm=2147483647 cdmaEcio=2147483647 evdoDbm=2147483647 evdoEcio=2147483647 evdoSnr=2147483647 miuiLevel=0 mOptimizedLevel=0 level=0,mGsm=CellSignalStrengthGsm: rssi=2147483647 ber=2147483647 mTa=2147483647 miuiLevel=0 isNtnMode=false mLevel=0,mWcdma=CellSignalStrengthWcdma: ss=2147483647 ber=2147483647 rscp=2147483647 ecno=2147483647 miuiLevel=0 mOptimizedLevel=0 level=0,mTdscdma=CellSignalStrengthTdscdma: rssi=2147483647 ber=2147483647 rscp=2147483647 miuiLevel=0 mOptimizedLevel=0 level=0,mLte=CellSignalStrengthLte: rssi=2147483647 rsrp=2147483647 rsrq=2147483647 rssnr=2147483647 cqiTableIndex=2147483647 cqi=2147483647 ta=2147483647 miuiLevel=0 mOptimizedLevel=0 level=0 parametersUseForLevel=1,mNr=CellSignalStrengthNr:{ csiRsrp = 2147483647 csiRsrq = 2147483647 csiCqiTableIndex = 2147483647 csiCqiReport = [] ssRsrp = 2147483647 ssRsrq = 2147483647 ssSinr = 2147483647 miuiLevel = 0 mOptimizedLevel = 0 level = 0 parametersUseForLevel = 1 timingAdvance = 2147483647 },primary=CellSignalStrengthLte,mNrAsPrimaryInNrNsa=false} [PHONE0]
02-03 08:11:35.942 D/FeatureConfiguration( 4105): Checking feature: FEATURE_NSA_SIGNAL_OPTIMIZATION
02-03 08:11:35.942 D/FeatureConfiguration( 4105): Feature FEATURE_NSA_SIGNAL_OPTIMIZATION build is supported, featureSupported=false
02-03 08:11:35.947 D/FeatureConfiguration( 4105): Checking feature: FEATURE_OOS_RILD_SELF_RECOVERY
02-03 08:11:35.947 D/FeatureConfiguration( 4105): Feature FEATURE_OOS_RILD_SELF_RECOVERY build is supported, featureSupported=false
02-03 08:11:35.950 D/FeatureConfiguration( 4105): Checking feature: FEATURE_NITZ_TIMEZONE_PREFERRED
02-03 08:11:35.950 D/FeatureConfiguration( 4105): Feature FEATURE_NITZ_TIMEZONE_PREFERRED build is supported, featureSupported=false
02-03 08:11:35.950 D/FeatureConfiguration( 4105): Checking feature: FEATURE_NITZ_TIMEZONE_PREFERRED
02-03 08:11:35.950 D/FeatureConfiguration( 4105): Feature FEATURE_NITZ_TIMEZONE_PREFERRED build is supported, featureSupported=false
02-03 08:11:35.951 D/MiuiNetworkControllerImpl[0]( 4105): isSupportNitzTimeZonePreferred, isDeviceSupport = false, isDisableByCloudControler = false, isEnabelFeatureInDevelopment = true
02-03 08:11:35.952 D/MiuiNetworkControllerImpl( 4105): needGUTIWork =false
02-03 08:11:35.952 D/Phone   ( 4105): isVoiceOverCellularImsEnabled=false
02-03 08:11:35.952 D/Phone   ( 4105): isWifiCallingEnabled =false
02-03 08:11:35.952 D/TelephonyRegistry( 1885): listen oscl: mHasNotifySubscriptionInfoChangedOccurred==false no callback
02-03 08:11:35.953 D/NetworkService( 4105): network service created
02-03 08:11:35.953 D/SST     ( 4105): [0] QtiServiceStateTracker created
02-03 08:11:35.953 W/CarrierConfigManager( 4105): Error getting config for subId -1 ICarrierConfigLoader is null
02-03 08:11:35.953 W/CarrierConfigManager( 4105): CarrierConfigLoader is not available.
02-03 08:11:35.956 D/InternalTelephonyUtils( 4105): load eccdata from xiaomi product
02-03 08:11:35.956 D/InternalTelephonyUtils( 4105): no support cota eccdata
02-03 08:11:35.958 D/EmergencyNumberTracker( 4105): [0] asset emergency database is loaded. Ver: 2 Phone Id: 0 countryIso: 
02-03 08:11:35.958 D/TelephonyCommonUtilsImpl( 4105): EccData from cloud: null
02-03 08:11:35.958 E/EmergencyNumberTracker( 4105): [0]Cache ota emergency database IOException: java.io.FileNotFoundException: /data/misc/emergencynumberdb/emergency_number_db: open failed: ENOENT (No such file or directory)
02-03 08:11:35.959 D/EmergencyNumberTracker( 4105): [0]Using Asset Emergency database. Version: 2
02-03 08:11:35.974 D/DNC-0   ( 4105): DataNetworkController created.
02-03 08:11:35.975 D/QtiTelephonyComponentFactory( 4105): makeDataServiceManager
02-03 08:11:35.978 W/CarrierConfigManager( 4105): Error getting config for subId -1 ICarrierConfigLoader is null
02-03 08:11:35.979 W/CarrierConfigManager( 4105): CarrierConfigLoader is not available.
02-03 08:11:35.981 W/CarrierConfigManager( 4105): Error getting config for subId -1 ICarrierConfigLoader is null
02-03 08:11:35.981 W/CarrierConfigManager( 4105): CarrierConfigLoader is not available.
02-03 08:11:35.982 W/CarrierConfigManager( 4105): Error getting config for subId -1 ICarrierConfigLoader is null
02-03 08:11:35.982 W/CarrierConfigManager( 4105): CarrierConfigLoader is not available.
02-03 08:11:35.985 W/CarrierConfigManager( 4105): Error getting config for subId -1 ICarrierConfigLoader is null
02-03 08:11:35.985 W/CarrierConfigManager( 4105): CarrierConfigLoader is not available.
02-03 08:11:35.994 D/QtiDSM-C-0( 4105): mIsFetchQosPropertyEnabled: false
02-03 08:11:35.994 D/QtiTelephonyComponentFactory( 4105): makeDataServiceManager
02-03 08:11:35.995 W/CarrierConfigManager( 4105): Error getting config for subId -1 ICarrierConfigLoader is null
02-03 08:11:35.995 W/CarrierConfigManager( 4105): CarrierConfigLoader is not available.
02-03 08:11:35.996 W/CarrierConfigManager( 4105): Error getting config for subId -1 ICarrierConfigLoader is null
02-03 08:11:35.996 W/CarrierConfigManager( 4105): CarrierConfigLoader is not available.
02-03 08:11:35.996 W/CarrierConfigManager( 4105): Error getting config for subId -1 ICarrierConfigLoader is null
02-03 08:11:35.996 W/CarrierConfigManager( 4105): CarrierConfigLoader is not available.
02-03 08:11:35.997 W/CarrierConfigManager( 4105): Error getting config for subId -1 ICarrierConfigLoader is null
02-03 08:11:35.998 W/CarrierConfigManager( 4105): CarrierConfigLoader is not available.
02-03 08:11:36.003 D/QtiDSM-I-0( 4105): mIsFetchQosPropertyEnabled: false
02-03 08:11:36.004 D/DCM-0   ( 4105): DataConfigManager created.
02-03 08:11:36.009 W/CarrierConfigManager( 4105): Error getting config for subId -1 ICarrierConfigLoader is null
02-03 08:11:36.020 D/DCM-0   ( 4105): Carrier config updated. Config is not carrier specific.
02-03 08:11:36.025 D/DCM-0   ( 4105): QtiDataConfigManager: constructor
02-03 08:11:36.025 D/DCM-0   ( 4105): registerListenerForQtiPhoneReady
02-03 08:11:36.027 D/DSMGR-0 ( 4105): DataSettingsManager created.
02-03 08:11:36.027 D/QtiDSMGR-0( 4105): Constructor ends
02-03 08:11:36.027 D/DataService( 4041): Data service created
02-03 08:11:36.028 D/DPM-0   ( 4105): QtiDataProfileManager: constructor
02-03 08:11:36.028 D/DSRM-0  ( 4105): DataStallRecoveryManager created.
02-03 08:11:36.030 D/DRM-0   ( 4105): QtiDataRetryManager: constructor
02-03 08:11:36.034 D/DNC-0   ( 4105): QtiDataNetworkController: constructor
02-03 08:11:36.034 D/CarrierResolver( 4105): Creating CarrierResolver[0]
02-03 08:11:36.037 D/SST     ( 4105): [0] notifyVoiceRegStateRilRadioTechnologyChanged: vrs=1 rat=0
02-03 08:11:36.040 I/GsmCdmaPhone( 4105): [0] updateTtyMode ttyMode=0
02-03 08:11:36.041 D/RILJ    ( 4105): [0018]> SET_TTY_MODE ttyMode = 0 [PHONE0]
02-03 08:11:36.042 I/GsmCdmaPhone( 4105): [0] updateUiTtyMode ttyMode=0
02-03 08:11:36.042 D/CallManager( 4105): registerPhone(GSM Handler (com.qualcomm.qti.internal.telephony.QtiGsmCdmaPhone) {4daa8e0})
02-03 08:11:36.043 D/TelephonyRegistry( 1885): listen oscl: mHasNotifySubscriptionInfoChangedOccurred==false no callback
02-03 08:11:36.043 D/GsmCdmaPhone( 4105): [0] GsmCdmaPhone: constructor: sub = 0
02-03 08:11:36.044 D/QtiGsmCdmaPhone( 4105): [0 ] Constructor
02-03 08:11:36.044 I/PhoneFactory( 4105): Creating Phone with type = 1 sub = 0
02-03 08:11:36.044 D/QtiTelephonyComponentFactory( 4105): makePhone
02-03 08:11:36.045 D/RILJ    ( 4105): [0018]< SET_TTY_MODE  [PHONE0]
02-03 08:11:36.045 D/Phone   ( 4105): mDoesRilSendMultipleCallRing=false
02-03 08:11:36.045 D/Phone   ( 4105): mCallRingDelay=3000
02-03 08:11:36.045 D/TelephonyAdminReceiver( 4105): No user manager. Attempting to resolve one.
02-03 08:11:36.046 D/TelephonyComponentFactory( 4105): makeSmsStorageMonitor
02-03 08:11:36.048 D/TelephonyComponentFactory( 4105): makeSmsUsageMonitor
02-03 08:11:36.050 D/RILJ    ( 4105): startLceService: REQUEST_NOT_SUPPORTED
02-03 08:11:36.051 D/TelephonyComponentFactory( 4105): makeGsmCdmaCallTracker
02-03 08:11:36.052 D/TelephonyRegistry( 1885): listen oscl: mHasNotifySubscriptionInfoChangedOccurred==false no callback
02-03 08:11:36.054 D/QtiTelephonyComponentFactory( 4105): makeQtiIccPhoneBookInterfaceManager
02-03 08:11:36.057 I/MiuiUiccControllerImpl( 4105): [1] init MiuiUiccControllerImpl
02-03 08:11:36.057 D/TelephonyComponentFactory( 4105): makeIccSmsInterfaceManager
02-03 08:11:36.057 D/QtiTelephonyComponentFactory( 4105): makeQtiSmsDispatchersController
02-03 08:11:36.057 D/SmsDispatchersController( 4105): SmsDispatchersController created
02-03 08:11:36.058 D/SMSDispatcher( 4105): SMSDispatcher: ctor mSmsCapable=true format=<private info omitted> mSmsSendDisabled=false
02-03 08:11:36.061 D/FeatureConfiguration( 4114): Checking feature: FEATURE_DUAL_VOLTE
02-03 08:11:36.061 D/FeatureConfiguration( 4114): Feature FEATURE_DUAL_VOLTE build is supported, featureSupported=true
02-03 08:11:36.062 D/FeatureConfiguration( 4114): Checking feature: FEATURE_RELAY_NETWORK
02-03 08:11:36.062 D/FeatureConfiguration( 4114): Feature FEATURE_RELAY_NETWORK build is supported, featureSupported=false
02-03 08:11:36.063 W/CarrierConfigManager( 4114): Error getting config for subId 1 ICarrierConfigLoader is null
02-03 08:11:36.067 D/SMSDispatcher( 4105): SMSDispatcher: ctor mSmsCapable=true format=3gpp2 mSmsSendDisabled=false
02-03 08:11:36.067 D/CdmaSMSDispatcher( 4105): CdmaSMSDispatcher created
02-03 08:11:36.072 D/GsmInboundSmsHandler( 4105): created InboundSmsHandler
02-03 08:11:36.082 D/CdmaInboundSmsHandler( 4105): created InboundSmsHandler
02-03 08:11:36.086 D/SMSDispatcher( 4105): SMSDispatcher: ctor mSmsCapable=true format=3gpp mSmsSendDisabled=false
02-03 08:11:36.086 D/GsmSMSDispatcher( 4105): GsmSMSDispatcher created
02-03 08:11:36.088 D/MiuiSmsControllerImpl[1]( 4105): create mMiuiSmsOptimizationController 
02-03 08:11:36.089 D/QtiSmsDispatchersController( 4105): Constructor
02-03 08:11:36.094 D/TelephonyComponentFactory( 4105): getCdmaSubscriptionSourceManagerInstance
02-03 08:11:36.098 W/TelephonyRegistry( 1885): Pid 4105 has exceeded half the number of permissible registered listeners. Now at 25
02-03 08:11:36.098 D/QtiTelephonyComponentFactory( 4105): makeCarrierInfoManager
02-03 08:11:36.099 I/MiuiUiccControllerImpl( 4105): [1] update icc records
02-03 08:11:36.099 D/MiuiIccPhoneBookInterfaceManager( 4105): cleanUp
02-03 08:11:36.099 D/GsmCdmaPhone( 4105): [1] Precise phone type 1
02-03 08:11:36.099 D/RILJ    ( 4105): setPhoneType=1 old value=0 [PHONE1]
02-03 08:11:36.101 D/CarrierActionAgent( 4105): [1]Creating CarrierActionAgent
02-03 08:11:36.102 W/CarrierConfigManager( 4105): Error getting config for subId -1 ICarrierConfigLoader is null
02-03 08:11:36.102 W/CarrierConfigManager( 4105): CarrierConfigLoader is not available.
02-03 08:11:36.103 W/TelephonyRegistry( 1885): Pid 4105 has exceeded half the number of permissible registered listeners. Now at 26
02-03 08:11:36.103 D/ANM-1   ( 4105): operates in AP-assisted mode.
02-03 08:11:36.104 W/TelephonyRegistry( 1885): Pid 4105 has exceeded half the number of permissible registered listeners. Now at 27
02-03 08:11:36.105 W/CarrierConfigManager( 4105): Error getting config for subId -1 ICarrierConfigLoader is null
02-03 08:11:36.106 W/TelephonyRegistry( 1885): Pid 4105 has exceeded half the number of permissible registered listeners. Now at 28
02-03 08:11:36.109 D/QtiTelephonyComponentFactory( 4105): makeQtiServiceStateTracker
02-03 08:11:36.109 D/TelephonyComponentFactory( 4105): makeEriManager
02-03 08:11:36.110 W/TelephonyRegistry( 1885): Pid 4105 has exceeded half the number of permissible registered listeners. Now at 29
02-03 08:11:36.112 W/CarrierConfigManager( 4105): Error getting config for subId -1 ICarrierConfigLoader is null
02-03 08:11:36.112 W/CarrierConfigManager( 4105): CarrierConfigLoader is not available.
02-03 08:11:36.113 W/TelephonyRegistry( 1885): Pid 4105 has exceeded half the number of permissible registered listeners. Now at 30
02-03 08:11:36.113 D/TelephonyRegistry( 1885): listen oscl: mHasNotifySubscriptionInfoChangedOccurred==false no callback
02-03 08:11:36.119 W/CarrierConfigManager( 4105): Error getting config for subId -1 ICarrierConfigLoader is null
02-03 08:11:36.120 W/TelephonyRegistry( 1885): Pid 4105 has exceeded half the number of permissible registered listeners. Now at 31
02-03 08:11:36.122 W/TelephonyRegistry( 1885): Pid 4105 has exceeded half the number of permissible registered listeners. Now at 32
02-03 08:11:36.124 D/NRM-C-1 ( 4105): registerForNetworkRegistrationInfoChanged
02-03 08:11:36.125 W/TelephonyRegistry( 1885): Pid 4105 has exceeded half the number of permissible registered listeners. Now at 33
02-03 08:11:36.125 D/NRM-I-1 ( 4105): registerForNetworkRegistrationInfoChanged
02-03 08:11:36.132 D/RILJ    ( 4105): [0019]> SIGNAL_STRENGTH [PHONE1]
02-03 08:11:36.132 D/SST     ( 4105): [1] notifyVoiceRegStateRilRadioTechnologyChanged: vrs=1 rat=0
02-03 08:11:36.133 W/TelephonyRegistry( 1885): Pid 4105 has exceeded half the number of permissible registered listeners. Now at 34
02-03 08:11:36.134 W/TelephonyRegistry( 1885): Pid 4105 has exceeded half the number of permissible registered listeners. Now at 35
02-03 08:11:36.134 D/TelephonyRegistry( 1885): listen oscl: mHasNotifySubscriptionInfoChangedOccurred==false no callback
02-03 08:11:36.135 D/Phone   ( 4105): [1] SubId-1,get allowed network types user: value = GPRS|EDGE|UMTS|CDMA|CDMA - EvDo rev. 0|CDMA - EvDo rev. A|CDMA - 1xRTT|HSDPA|HSUPA|HSPA|CDMA - EvDo rev. B|LTE|CDMA - eHRPD|HSPA+|GSM|TD_SCDMA|LTE_CA
02-03 08:11:36.136 D/RILJ    ( 4105): [0019]< SIGNAL_STRENGTH SignalStrength:{mCdma=CellSignalStrengthCdma: cdmaDbm=2147483647 cdmaEcio=2147483647 evdoDbm=2147483647 evdoEcio=2147483647 evdoSnr=2147483647 miuiLevel=0 mOptimizedLevel=0 level=0,mGsm=CellSignalStrengthGsm: rssi=2147483647 ber=2147483647 mTa=2147483647 miuiLevel=0 isNtnMode=false mLevel=0,mWcdma=CellSignalStrengthWcdma: ss=2147483647 ber=2147483647 rscp=2147483647 ecno=2147483647 miuiLevel=0 mOptimizedLevel=0 level=0,mTdscdma=CellSignalStrengthTdscdma: rssi=2147483647 ber=2147483647 rscp=2147483647 miuiLevel=0 mOptimizedLevel=0 level=0,mLte=CellSignalStrengthLte: rssi=2147483647 rsrp=2147483647 rsrq=2147483647 rssnr=2147483647 cqiTableIndex=2147483647 cqi=2147483647 ta=2147483647 miuiLevel=0 mOptimizedLevel=0 level=0 parametersUseForLevel=1,mNr=CellSignalStrengthNr:{ csiRsrp = 2147483647 csiRsrq = 2147483647 csiCqiTableIndex = 2147483647 csiCqiReport = [] ssRsrp = 2147483647 ssRsrq = 2147483647 ssSinr = 2147483647 miuiLevel = 0 mOptimizedLevel = 0 level = 0 parametersUseForLevel = 1 timingAdvance = 2147483647 },primary=CellSignalStrengthLte,mNrAsPrimaryInNrNsa=false} [PHONE1]
02-03 08:11:36.140 D/FeatureConfiguration( 4105): Checking feature: FEATURE_NSA_SIGNAL_OPTIMIZATION
02-03 08:11:36.140 D/FeatureConfiguration( 4105): Feature FEATURE_NSA_SIGNAL_OPTIMIZATION build is supported, featureSupported=false
02-03 08:11:36.149 D/FeatureConfiguration( 4105): Checking feature: FEATURE_OOS_RILD_SELF_RECOVERY
02-03 08:11:36.149 D/FeatureConfiguration( 4105): Feature FEATURE_OOS_RILD_SELF_RECOVERY build is supported, featureSupported=false
02-03 08:11:36.151 D/FeatureConfiguration( 4105): Checking feature: FEATURE_NITZ_TIMEZONE_PREFERRED
02-03 08:11:36.151 D/FeatureConfiguration( 4105): Feature FEATURE_NITZ_TIMEZONE_PREFERRED build is supported, featureSupported=false
02-03 08:11:36.151 D/FeatureConfiguration( 4105): Checking feature: FEATURE_NITZ_TIMEZONE_PREFERRED
02-03 08:11:36.151 D/FeatureConfiguration( 4105): Feature FEATURE_NITZ_TIMEZONE_PREFERRED build is supported, featureSupported=false
02-03 08:11:36.151 D/MiuiNetworkControllerImpl[1]( 4105): isSupportNitzTimeZonePreferred, isDeviceSupport = false, isDisableByCloudControler = false, isEnabelFeatureInDevelopment = true
02-03 08:11:36.151 D/MiuiNetworkControllerImpl( 4105): needGUTIWork =false
02-03 08:11:36.151 D/Phone   ( 4105): isVoiceOverCellularImsEnabled=false
02-03 08:11:36.151 D/Phone   ( 4105): isWifiCallingEnabled =false
02-03 08:11:36.152 D/NetworkService( 4105): network service created
02-03 08:11:36.152 D/SST     ( 4105): [1] QtiServiceStateTracker created
02-03 08:11:36.153 W/CarrierConfigManager( 4105): Error getting config for subId -1 ICarrierConfigLoader is null
02-03 08:11:36.153 W/CarrierConfigManager( 4105): CarrierConfigLoader is not available.
02-03 08:11:36.154 W/TelephonyRegistry( 1885): Pid 4105 has exceeded half the number of permissible registered listeners. Now at 36
02-03 08:11:36.158 D/InternalTelephonyUtils( 4105): load eccdata from xiaomi product
02-03 08:11:36.158 D/InternalTelephonyUtils( 4105): no support cota eccdata
02-03 08:11:36.162 D/EmergencyNumberTracker( 4105): [1] asset emergency database is loaded. Ver: 2 Phone Id: 1 countryIso: 
02-03 08:11:36.163 D/TelephonyCommonUtilsImpl( 4105): EccData from cloud: null
02-03 08:11:36.163 E/EmergencyNumberTracker( 4105): [1]Cache ota emergency database IOException: java.io.FileNotFoundException: /data/misc/emergencynumberdb/emergency_number_db: open failed: ENOENT (No such file or directory)
02-03 08:11:36.163 D/EmergencyNumberTracker( 4105): [1]Using Asset Emergency database. Version: 2
02-03 08:11:36.171 D/DNC-1   ( 4105): DataNetworkController created.
02-03 08:11:36.171 D/QtiTelephonyComponentFactory( 4105): makeDataServiceManager
02-03 08:11:36.171 W/TelephonyRegistry( 1885): Pid 4105 has exceeded half the number of permissible registered listeners. Now at 37
02-03 08:11:36.173 W/CarrierConfigManager( 4105): Error getting config for subId -1 ICarrierConfigLoader is null
02-03 08:11:36.173 W/CarrierConfigManager( 4105): CarrierConfigLoader is not available.
02-03 08:11:36.178 W/CarrierConfigManager( 4105): Error getting config for subId -1 ICarrierConfigLoader is null
02-03 08:11:36.178 W/CarrierConfigManager( 4105): CarrierConfigLoader is not available.
02-03 08:11:36.179 W/CarrierConfigManager( 4105): Error getting config for subId -1 ICarrierConfigLoader is null
02-03 08:11:36.179 W/CarrierConfigManager( 4105): CarrierConfigLoader is not available.
02-03 08:11:36.180 W/CarrierConfigManager( 4105): Error getting config for subId -1 ICarrierConfigLoader is null
02-03 08:11:36.180 W/CarrierConfigManager( 4105): CarrierConfigLoader is not available.
02-03 08:11:36.184 D/QtiDSM-C-1( 4105): mIsFetchQosPropertyEnabled: false
02-03 08:11:36.184 D/QtiTelephonyComponentFactory( 4105): makeDataServiceManager
02-03 08:11:36.184 W/TelephonyRegistry( 1885): Pid 4105 has exceeded half the number of permissible registered listeners. Now at 38
02-03 08:11:36.185 W/CarrierConfigManager( 4105): Error getting config for subId -1 ICarrierConfigLoader is null
02-03 08:11:36.185 W/CarrierConfigManager( 4105): CarrierConfigLoader is not available.
02-03 08:11:36.189 W/CarrierConfigManager( 4105): Error getting config for subId -1 ICarrierConfigLoader is null
02-03 08:11:36.189 W/CarrierConfigManager( 4105): CarrierConfigLoader is not available.
02-03 08:11:36.191 W/CarrierConfigManager( 4105): Error getting config for subId -1 ICarrierConfigLoader is null
02-03 08:11:36.191 W/CarrierConfigManager( 4105): CarrierConfigLoader is not available.
02-03 08:11:36.192 W/CarrierConfigManager( 4105): Error getting config for subId -1 ICarrierConfigLoader is null
02-03 08:11:36.192 W/CarrierConfigManager( 4105): CarrierConfigLoader is not available.
02-03 08:11:36.195 D/QtiDSM-I-1( 4105): mIsFetchQosPropertyEnabled: false
02-03 08:11:36.195 D/DCM-1   ( 4105): DataConfigManager created.
02-03 08:11:36.196 W/TelephonyRegistry( 1885): Pid 4105 has exceeded half the number of permissible registered listeners. Now at 39
02-03 08:11:36.196 W/CarrierConfigManager( 4105): Error getting config for subId -1 ICarrierConfigLoader is null
02-03 08:11:36.204 D/DCM-1   ( 4105): Carrier config updated. Config is not carrier specific.
02-03 08:11:36.204 D/DCM-1   ( 4105): QtiDataConfigManager: constructor
02-03 08:11:36.204 D/DCM-1   ( 4105): registerListenerForQtiPhoneReady
02-03 08:11:36.204 D/DSMGR-1 ( 4105): DataSettingsManager created.
02-03 08:11:36.205 D/QtiDSMGR-1( 4105): Constructor ends
02-03 08:11:36.207 D/DPM-1   ( 4105): QtiDataProfileManager: constructor
02-03 08:11:36.207 D/DSRM-1  ( 4105): DataStallRecoveryManager created.
02-03 08:11:36.210 D/DRM-1   ( 4105): QtiDataRetryManager: constructor
02-03 08:11:36.213 D/DNC-1   ( 4105): QtiDataNetworkController: constructor
02-03 08:11:36.214 D/CarrierResolver( 4105): Creating CarrierResolver[1]
02-03 08:11:36.217 W/TelephonyRegistry( 1885): Pid 4105 has exceeded half the number of permissible registered listeners. Now at 40
02-03 08:11:36.220 D/SST     ( 4105): [1] notifyVoiceRegStateRilRadioTechnologyChanged: vrs=1 rat=0
02-03 08:11:36.227 W/TelephonyRegistry( 1885): Pid 4105 has exceeded half the number of permissible registered listeners. Now at 41
02-03 08:11:36.230 I/GsmCdmaPhone( 4105): [1] updateTtyMode ttyMode=0
02-03 08:11:36.232 D/RILJ    ( 4105): [0020]> SET_TTY_MODE ttyMode = 0 [PHONE1]
02-03 08:11:36.233 I/GsmCdmaPhone( 4105): [1] updateUiTtyMode ttyMode=0
02-03 08:11:36.233 D/CallManager( 4105): registerPhone(GSM Handler (com.qualcomm.qti.internal.telephony.QtiGsmCdmaPhone) {748ba7e})
02-03 08:11:36.233 W/TelephonyRegistry( 1885): Pid 4105 has exceeded half the number of permissible registered listeners. Now at 42
02-03 08:11:36.233 D/TelephonyRegistry( 1885): listen oscl: mHasNotifySubscriptionInfoChangedOccurred==false no callback
02-03 08:11:36.234 D/GsmCdmaPhone( 4105): [1] GsmCdmaPhone: constructor: sub = 1
02-03 08:11:36.234 D/RILJ    ( 4105): [0020]< SET_TTY_MODE  [PHONE1]
02-03 08:11:36.242 D/QtiGsmCdmaPhone( 4105): [1 ] Constructor
02-03 08:11:36.242 I/PhoneFactory( 4105): Creating Phone with type = 1 sub = 1
02-03 08:11:36.278 I/PhoneFactory( 4105): defaultSmsApplication: com.android.mms
02-03 08:11:36.302 D/Phone   ( 4105): mDoesRilSendMultipleCallRing=false
02-03 08:11:36.302 D/Phone   ( 4105): mCallRingDelay=3000
02-03 08:11:36.302 D/TelephonyAdminReceiver( 4105): No user manager. Attempting to resolve one.
02-03 08:11:36.309 W/TelephonyRegistry( 1885): Pid 4105 has exceeded half the number of permissible registered listeners. Now at 43
02-03 08:11:36.311 D/TelephonyComponentFactory( 4105): makeImsPhoneCallTracker
02-03 08:11:36.322 W/TelephonyRegistry( 1885): Pid 4105 has exceeded half the number of permissible registered listeners. Now at 44
02-03 08:11:36.323 W/CarrierConfigManager( 4105): Error getting config for subId -1 ICarrierConfigLoader is null
02-03 08:11:36.323 E/ImsPhoneCallTracker( 4105): [0] getCarrierConfigBundle: carrier config is null, skipping.
02-03 08:11:36.323 E/ImsPhoneCallTracker( 4105): [0] updateCarrierConfiguration: carrier config is null, skipping.
